    Finished `release` profile [optimized] target(s) in 0.00s
    Finished `release` profile [optimized] target(s) in 0.00s
    Finished `release` profile [optimized] target(s) in 0.00s
runtime threads on cpu8 performance max 5300 of 5300 MHz, cpu10 performance max 5300 of 5300 MHz, cpu0 performance max 5100 of 5100 MHz, cpu2 performance max 5100 of 5100 MHz
source thread on cpu4 performance max 5100 of 5100 MHz
keeping CPUs [8, 10, 0, 2, 4] awake
halow: recording 730 µs, frame 683.0 µs, silence 12.2 µs before and 34.8 after: cut to the frame
zigbee: recording 1410 µs, frame 1373.8 µs, silence 16.5 µs before and 19.8 after: cut to the frame
400 frames per IFS, IFS after the second receiver's frames the same, no retuning, chunks of 256 samples

wlan_single.toml → wlan_single.toml → ...
  IFS ms    PER H    PER Z    PER   swap median (→wlan_ / →wlan_) / max ms   lost: late listening   queued at swap: median max
    6.00     0.0%        -     0.0%    0.165 (0.165 / 0.166) /  0.510      0    0        0      0
    5.99     0.0%        -     0.0%    0.166 (0.167 / 0.165) /  0.244      0    0        0      0
    5.98     0.0%        -     0.0%    0.167 (0.168 / 0.164) /  0.253      0    0        0      0
    5.97     0.0%        -     0.0%    0.165 (0.166 / 0.165) /  0.368      0    0        0      0
    5.96     0.0%        -     0.0%    0.167 (0.164 / 0.169) /  0.256      0    0        0      0
    5.95     0.0%        -     0.0%    0.164 (0.166 / 0.163) /  0.262      0    0        0      0
    5.94     0.0%        -     0.0%    0.166 (0.166 / 0.167) /  0.252      0    0        0      0
    5.93     0.0%        -     0.0%    0.166 (0.166 / 0.165) /  0.257      0    0        0      0
    5.92     0.0%        -     0.0%    0.163 (0.164 / 0.162) /  0.264      0    0        0      0
    5.91     0.0%        -     0.0%    0.169 (0.169 / 0.169) /  0.578      0    0        0      0
    5.90     0.0%        -     0.0%    0.163 (0.164 / 0.163) /  0.259      0    0        0      0
    5.89     0.0%        -     0.0%    0.169 (0.168 / 0.171) /  0.387      0    0        0      0
    5.88     0.0%        -     0.0%    0.164 (0.165 / 0.164) /  0.589      0    0        0      0
    5.87     0.0%        -     0.0%    0.166 (0.166 / 0.168) /  0.367      0    0        0      0
    5.86     0.0%        -     0.0%    0.163 (0.163 / 0.162) /  0.362      0    0        0      0
    5.85     0.0%        -     0.0%    0.158 (0.158 / 0.158) /  0.602      0    0        0      0
    5.84     0.0%        -     0.0%    0.163 (0.164 / 0.162) /  0.244      0    0        0      0
    5.83     0.0%        -     0.0%    0.162 (0.160 / 0.165) /  0.264      0    0        0      0
    5.82     0.0%        -     0.0%    0.164 (0.161 / 0.166) /  0.461      0    0        0      0
    5.81     0.0%        -     0.0%    0.158 (0.157 / 0.158) /  0.253      0    0        0      0
    5.80     0.0%        -     0.0%    0.160 (0.160 / 0.160) /  0.627      0    0        0      0
    5.79     0.0%        -     0.0%    0.158 (0.160 / 0.157) /  0.579      0    0        0      0
    5.78     0.0%        -     0.0%    0.159 (0.161 / 0.158) /  0.367      0    0        0      0
    5.77     0.0%        -     0.0%    0.162 (0.160 / 0.164) /  0.366      0    0        0      0
    5.76     0.0%        -     0.0%    0.161 (0.160 / 0.162) /  0.241      0    0        0      0
    5.75     0.0%        -     0.0%    0.159 (0.161 / 0.158) /  0.358      0    0        0      0
    5.74     0.0%        -     0.0%    0.160 (0.160 / 0.160) /  0.354      0    0        0      0
    5.73     0.0%        -     0.0%    0.158 (0.159 / 0.158) /  0.398      0    0        0      0
    5.72     0.0%        -     0.0%    0.162 (0.163 / 0.162) /  0.260      0    0        0      0
    5.71     0.0%        -     0.0%    0.157 (0.159 / 0.156) /  0.574      0    0        0      0
    5.70     0.0%        -     0.0%    0.161 (0.161 / 0.162) /  0.252      0    0        0      0
    5.69     0.0%        -     0.0%    0.159 (0.159 / 0.159) /  0.259      0    0        0      0
    5.68     0.0%        -     0.0%    0.161 (0.160 / 0.162) /  0.376      0    0        0      0
    5.67     0.0%        -     0.0%    0.161 (0.159 / 0.164) /  0.399      0    0        0      0
    5.66     0.0%        -     0.0%    0.160 (0.160 / 0.160) /  0.332      0    0        0      0
    5.65     0.0%        -     0.0%    0.157 (0.157 / 0.158) /  0.384      0    0        0      0
    5.64     0.0%        -     0.0%    0.157 (0.156 / 0.157) /  0.360      0    0        0      0
    5.63     0.0%        -     0.0%    0.165 (0.167 / 0.164) /  0.409      0    0        0      0
    5.62     0.0%        -     0.0%    0.160 (0.163 / 0.159) /  0.255      0    0        0      0
    5.61     0.0%        -     0.0%    0.160 (0.164 / 0.159) /  0.412      0    0        0      0
    5.60     0.0%        -     0.0%    0.163 (0.161 / 0.165) /  0.265      0    0        0      0
    5.59     0.0%        -     0.0%    0.159 (0.158 / 0.161) /  0.269      0    0        0      0
    5.58     0.0%        -     0.0%    0.164 (0.166 / 0.161) /  0.305      0    0        0      0
    5.57     0.0%        -     0.0%    0.169 (0.168 / 0.170) /  0.583      0    0        0      0
    5.56     0.0%        -     0.0%    0.168 (0.167 / 0.170) /  0.260      0    0        0      0
    5.55     0.0%        -     0.0%    0.159 (0.161 / 0.158) /  0.260      0    0        0      0
    5.54     0.0%        -     0.0%    0.161 (0.160 / 0.162) /  0.244      0    0        0      0
    5.53     0.0%        -     0.0%    0.159 (0.158 / 0.163) /  0.594      0    0        0      0
    5.52     0.0%        -     0.0%    0.162 (0.162 / 0.162) /  0.364      0    0        0      0
    5.51     0.0%        -     0.0%    0.163 (0.163 / 0.161) /  0.361      0    0        0      0
    5.50     0.0%        -     0.0%    0.159 (0.159 / 0.160) /  0.361      0    0        0      0
    5.49     0.0%        -     0.0%    0.165 (0.164 / 0.166) /  0.392      0    0        0      0
    5.48     0.0%        -     0.0%    0.165 (0.162 / 0.167) /  0.258      0    0        0      0
    5.47     0.0%        -     0.0%    0.159 (0.158 / 0.160) /  0.257      0    0        0      0
    5.46     0.0%        -     0.0%    0.164 (0.162 / 0.165) /  0.425      0    0        0      0
    5.45     0.0%        -     0.0%    0.167 (0.164 / 0.169) /  0.595      0    0        0      0
    5.44     0.0%        -     0.0%    0.163 (0.163 / 0.163) /  0.367      0    0        0      0
    5.43     0.0%        -     0.0%    0.158 (0.158 / 0.157) /  0.258      0    0        0      0
    5.42     0.0%        -     0.0%    0.162 (0.164 / 0.161) /  0.281      0    0        0    256
    5.41     0.0%        -     0.0%    0.160 (0.158 / 0.162) /  0.263      0    0        0      0
    5.40     0.0%        -     0.0%    0.161 (0.165 / 0.158) /  0.254      0    0        0      0
    5.39     0.0%        -     0.0%    0.162 (0.161 / 0.164) /  0.263      0    0        0      0
    5.38     0.0%        -     0.0%    0.161 (0.161 / 0.162) /  0.245      0    0        0      0
    5.37     0.0%        -     0.0%    0.157 (0.159 / 0.156) /  0.570      0    0        0      0
    5.36     0.0%        -     0.0%    0.194 (0.190 / 0.201) /  0.448      0    0        0      0
    5.35     0.0%        -     0.0%    0.165 (0.165 / 0.166) /  0.366      0    0        0      0
    5.34     0.0%        -     0.0%    0.161 (0.163 / 0.159) /  0.586      0    0        0      0
    5.33     0.0%        -     0.0%    0.160 (0.160 / 0.161) /  0.277      0    0        0      0
    5.32     0.0%        -     0.0%    0.162 (0.162 / 0.162) /  0.567      0    0        0      0
    5.31     0.0%        -     0.0%    0.169 (0.169 / 0.168) /  0.248      0    0        0      0
    5.30     0.0%        -     0.0%    0.162 (0.160 / 0.166) /  0.574      0    0        0      0
    5.29     0.0%        -     0.0%    0.158 (0.157 / 0.158) /  0.263      0    0        0      0
    5.28     0.0%        -     0.0%    0.160 (0.159 / 0.161) /  0.265      0    0        0      0
    5.27     0.0%        -     0.0%    0.165 (0.163 / 0.165) /  0.362      0    0        0      0
    5.26     0.0%        -     0.0%    0.159 (0.159 / 0.158) /  0.240      0    0        0      0
    5.25     0.0%        -     0.0%    0.157 (0.158 / 0.157) /  0.648      0    0        0      0
    5.24     0.0%        -     0.0%    0.162 (0.163 / 0.162) /  0.265      0    0        0      0
    5.23     0.0%        -     0.0%    0.156 (0.154 / 0.159) /  0.363      0    0        0      0
    5.22     0.0%        -     0.0%    0.160 (0.160 / 0.160) /  0.258      0    0        0      0
    5.21     0.0%        -     0.0%    0.162 (0.166 / 0.160) /  0.409      0    0        0      0
    5.20     0.0%        -     0.0%    0.163 (0.163 / 0.163) /  0.400      0    0        0      0
    5.19     0.0%        -     0.0%    0.158 (0.157 / 0.158) /  0.363      0    0        0      0
    5.18     0.0%        -     0.0%    0.159 (0.163 / 0.157) /  0.245      0    0        0      0
    5.17     0.0%        -     0.0%    0.159 (0.159 / 0.158) /  0.598      0    0        0      0
    5.16     0.0%        -     0.0%    0.169 (0.170 / 0.168) /  0.395      0    0        0    256
    5.15     0.0%        -     0.0%    0.159 (0.159 / 0.160) /  0.277      0    0        0      0
    5.14     0.0%        -     0.0%    0.161 (0.162 / 0.158) /  0.252      0    0        0      0
    5.13     0.0%        -     0.0%    0.159 (0.160 / 0.158) /  0.267      0    0        0      0
    5.12     0.0%        -     0.0%    0.159 (0.158 / 0.161) /  0.268      0    0        0    256
    5.11     0.0%        -     0.0%    0.163 (0.163 / 0.164) /  0.253      0    0        0      0
    5.10     0.0%        -     0.0%    0.161 (0.161 / 0.161) /  0.434      0    0        0      0
    5.09     0.0%        -     0.0%    0.166 (0.166 / 0.165) /  0.259      0    0        0      0
    5.08     0.0%        -     0.0%    0.161 (0.160 / 0.165) /  0.574      0    0        0    256
    5.07     0.0%        -     0.0%    0.164 (0.162 / 0.166) /  0.426      0    0        0      0
    5.06     0.0%        -     0.0%    0.160 (0.160 / 0.161) /  0.259      0    0        0      0
    5.05     0.0%        -     0.0%    0.160 (0.160 / 0.161) /  0.387      0    0        0      0
    5.04     0.0%        -     0.0%    0.159 (0.160 / 0.159) /  0.265      0    0        0      0
    5.03     0.0%        -     0.0%    0.160 (0.161 / 0.160) /  0.371      0    0        0      0
    5.02     0.0%        -     0.0%    0.161 (0.161 / 0.161) /  0.252      0    0        0      0
    5.01     0.0%        -     0.0%    0.163 (0.165 / 0.161) /  0.263      0    0        0      0
    5.00     0.0%        -     0.0%    0.158 (0.157 / 0.160) /  0.357      0    0        0      0
    4.99     0.0%        -     0.0%    0.162 (0.161 / 0.164) /  0.378      0    0        0      0
    4.98     0.0%        -     0.0%    0.160 (0.158 / 0.164) /  0.595      0    0        0      0
    4.97     0.0%        -     0.0%    0.166 (0.165 / 0.167) /  0.578      0    0        0      0
    4.96     0.0%        -     0.0%    0.159 (0.160 / 0.158) /  0.255      0    0        0      0
    4.95     0.0%        -     0.0%    0.165 (0.168 / 0.162) /  0.567      0    0        0      0
    4.94     0.0%        -     0.0%    0.163 (0.165 / 0.161) /  0.569      0    0        0      0
    4.93     0.0%        -     0.0%    0.164 (0.165 / 0.163) /  0.384      0    0        0      0
    4.92     0.0%        -     0.0%    0.164 (0.164 / 0.166) /  0.262      0    0        0      0
    4.91     0.0%        -     0.0%    0.158 (0.161 / 0.157) /  0.373      0    0        0    256
    4.90     0.0%        -     0.0%    0.162 (0.164 / 0.161) /  0.376      0    0        0      0
    4.89     0.0%        -     0.0%    0.161 (0.159 / 0.164) /  0.363      0    0        0      0
    4.88     0.0%        -     0.0%    0.158 (0.158 / 0.159) /  0.367      0    0        0      0
    4.87     0.0%        -     0.0%    0.164 (0.163 / 0.166) /  0.244      0    0        0    256
    4.86     0.0%        -     0.0%    0.160 (0.162 / 0.159) /  0.373      0    0        0      0
    4.85     0.0%        -     0.0%    0.156 (0.157 / 0.156) /  0.257      0    0        0      0
    4.84     0.0%        -     0.0%    0.162 (0.162 / 0.162) /  0.268      0    0        0      0
    4.83     0.0%        -     0.0%    0.164 (0.164 / 0.164) /  0.582      0    0        0      0
    4.82     0.0%        -     0.0%    0.161 (0.165 / 0.159) /  0.830      0    0        0      0
    4.81     0.0%        -     0.0%    0.160 (0.160 / 0.160) /  0.367      0    0        0      0
    4.80     0.0%        -     0.0%    0.162 (0.164 / 0.160) /  0.855      0    0        0      0
    4.79     0.0%        -     0.0%    0.160 (0.160 / 0.161) /  0.369      0    0        0      0
    4.78     0.0%        -     0.0%    0.163 (0.164 / 0.161) /  0.259      0    0        0      0
    4.77     0.0%        -     0.0%    0.160 (0.158 / 0.162) /  0.267      0    0        0      0
    4.76     0.0%        -     0.0%    0.162 (0.162 / 0.161) /  0.249      0    0        0      0
    4.75     0.0%        -     0.0%    0.161 (0.159 / 0.162) /  0.252      0    0        0      0
    4.74     0.0%        -     0.0%    0.160 (0.158 / 0.162) /  0.256      0    0        0      0
    4.73     0.0%        -     0.0%    0.167 (0.170 / 0.164) /  0.256      0    0        0      0
    4.72     0.0%        -     0.0%    0.161 (0.159 / 0.163) /  0.571      0    0        0      0
    4.71     0.0%        -     0.0%    0.160 (0.161 / 0.160) /  0.366      0    0        0    256
    4.70     0.0%        -     0.0%    0.164 (0.165 / 0.164) /  0.251      0    0        0      0
    4.69     0.0%        -     0.0%    0.159 (0.160 / 0.159) /  0.599      0    0        0      0
    4.68     0.0%        -     0.0%    0.159 (0.159 / 0.160) /  0.251      0    0        0      0
    4.67     0.0%        -     0.0%    0.159 (0.156 / 0.160) /  0.254      0    0        0      0
    4.66     0.0%        -     0.0%    0.162 (0.162 / 0.163) /  0.263      0    0        0      0
    4.65     0.0%        -     0.0%    0.158 (0.157 / 0.159) /  0.262      0    0        0      0
    4.64     0.0%        -     0.0%    0.162 (0.159 / 0.166) /  0.623      0    0        0      0
    4.63     0.0%        -     0.0%    0.160 (0.161 / 0.157) /  0.374      0    0        0      0
    4.62     0.0%        -     0.0%    0.160 (0.159 / 0.161) /  0.648      0    0        0    256
    4.61     0.0%        -     0.0%    0.159 (0.159 / 0.160) /  0.251      0    0        0      0
    4.60     0.0%        -     0.0%    0.160 (0.157 / 0.162) /  0.252      0    0        0      0
    4.59     0.0%        -     0.0%    0.159 (0.157 / 0.159) /  0.267      0    0        0      0
    4.58     0.0%        -     0.0%    0.158 (0.159 / 0.158) /  0.253      0    0        0      0
    4.57     0.0%        -     0.0%    0.160 (0.158 / 0.163) /  0.262      0    0        0    256
    4.56     0.0%        -     0.0%    0.157 (0.157 / 0.157) /  0.644      0    0        0      0
    4.55     0.0%        -     0.0%    0.160 (0.160 / 0.160) /  0.263      0    0        0      0
    4.54     0.0%        -     0.0%    0.157 (0.157 / 0.157) /  0.371      0    0        0      0
    4.53     0.0%        -     0.0%    0.163 (0.164 / 0.161) /  0.645      0    0        0      0
    4.52     0.0%        -     0.0%    0.157 (0.155 / 0.162) /  0.403      0    0        0      0
    4.51     0.0%        -     0.0%    0.161 (0.159 / 0.163) /  0.373      0    0        0      0
    4.50     0.0%        -     0.0%    0.160 (0.162 / 0.157) /  0.247      0    0        0      0
    4.49     0.0%        -     0.0%    0.163 (0.163 / 0.163) /  0.248      0    0        0      0
    4.48     0.0%        -     0.0%    0.160 (0.158 / 0.160) /  0.386      0    0        0      0
    4.47     0.0%        -     0.0%    0.160 (0.161 / 0.157) /  0.585      0    0        0      0
    4.46     0.0%        -     0.0%    0.161 (0.164 / 0.158) /  0.580      0    0        0      0
    4.45     0.0%        -     0.0%    0.161 (0.161 / 0.160) /  0.577      0    0        0      0
    4.44     0.0%        -     0.0%    0.157 (0.158 / 0.156) /  0.366      0    0        0      0
    4.43     0.0%        -     0.0%    0.159 (0.159 / 0.158) /  0.253      0    0        0      0
    4.42     0.0%        -     0.0%    0.160 (0.166 / 0.158) /  0.576      0    0        0      0
    4.41     0.0%        -     0.0%    0.159 (0.159 / 0.160) /  0.415      0    0        0      0
    4.40     0.0%        -     0.0%    0.162 (0.163 / 0.161) /  0.641      0    0        0      0
    4.39     0.0%        -     0.0%    0.158 (0.157 / 0.163) /  0.250      0    0        0      0
    4.38     0.0%        -     0.0%    0.161 (0.160 / 0.162) /  0.371      0    0        0      0
    4.37     0.0%        -     0.0%    0.160 (0.160 / 0.161) /  0.264      0    0        0      0
    4.36     0.0%        -     0.0%    0.159 (0.158 / 0.160) /  0.615      0    0        0      0
    4.35     0.0%        -     0.0%    0.159 (0.158 / 0.162) /  0.320      0    0        0      0
    4.34     0.0%        -     0.0%    0.158 (0.158 / 0.160) /  0.326      0    0        0      0
    4.33     0.0%        -     0.0%    0.161 (0.161 / 0.160) /  0.397      0    0        0      0
    4.32     0.0%        -     0.0%    0.160 (0.162 / 0.159) /  0.247      0    0        0      0
    4.31     0.0%        -     0.0%    0.156 (0.157 / 0.155) /  0.620      0    0        0      0
    4.30     0.0%        -     0.0%    0.159 (0.159 / 0.159) /  0.256      0    0        0      0
    4.29     0.0%        -     0.0%    0.157 (0.157 / 0.158) /  0.379      0    0        0      0
    4.28     0.0%        -     0.0%    0.159 (0.159 / 0.160) /  0.373      0    0        0      0
    4.27     0.0%        -     0.0%    0.158 (0.156 / 0.160) /  0.370      0    0        0      0
    4.26     0.0%        -     0.0%    0.158 (0.157 / 0.161) /  0.334      0    0        0      0
    4.25     0.0%        -     0.0%    0.157 (0.156 / 0.157) /  0.370      0    0        0      0
    4.24     0.0%        -     0.0%    0.161 (0.162 / 0.159) /  0.250      0    0        0      0
    4.23     0.0%        -     0.0%    0.162 (0.162 / 0.162) /  0.603      0    0        0      0
    4.22     0.0%        -     0.0%    0.155 (0.153 / 0.155) /  0.272      0    0        0      0
    4.21     0.0%        -     0.0%    0.158 (0.160 / 0.156) /  0.265      0    0        0    256
    4.20     0.0%        -     0.0%    0.158 (0.159 / 0.157) /  0.246      0    0        0      0
    4.19     0.0%        -     0.0%    0.161 (0.161 / 0.161) /  0.362      0    0        0      0
    4.18     0.0%        -     0.0%    0.157 (0.158 / 0.156) /  0.238      0    0        0      0
    4.17     0.0%        -     0.0%    0.159 (0.157 / 0.161) /  0.443      0    0        0    256
    4.16     0.0%        -     0.0%    0.156 (0.157 / 0.154) /  0.242      0    0        0      0
    4.15     0.0%        -     0.0%    0.160 (0.160 / 0.161) /  0.355      0    0        0      0
    4.14     0.0%        -     0.0%    0.158 (0.157 / 0.159) /  0.256      0    0        0      0
    4.13     0.0%        -     0.0%    0.157 (0.157 / 0.157) /  0.265      0    0        0      0
    4.12     0.0%        -     0.0%    0.161 (0.157 / 0.163) /  0.364      0    0        0      0
    4.11     0.0%        -     0.0%    0.156 (0.159 / 0.155) /  0.368      0    0        0      0
    4.10     0.0%        -     0.0%    0.161 (0.162 / 0.158) /  0.240      0    0        0      0
    4.09     0.0%        -     0.0%    0.158 (0.159 / 0.158) /  0.575      0    0        0      0
    4.08     0.0%        -     0.0%    0.160 (0.161 / 0.159) /  0.417      0    0        0    256
    4.07     0.0%        -     0.0%    0.159 (0.157 / 0.161) /  0.358      0    0        0    256
    4.06     0.0%        -     0.0%    0.158 (0.158 / 0.160) /  0.364      0    0        0      0
    4.05     0.0%        -     0.0%    0.161 (0.160 / 0.162) /  0.261      0    0        0      0
    4.04     0.0%        -     0.0%    0.162 (0.159 / 0.166) /  0.241      0    0        0      0
    4.03     0.0%        -     0.0%    0.156 (0.156 / 0.156) /  0.366      0    0        0      0
    4.02     0.0%        -     0.0%    0.157 (0.157 / 0.157) /  0.256      0    0        0      0
    4.01     0.0%        -     0.0%    0.164 (0.166 / 0.160) /  0.368      0    0        0      0
    4.00     0.0%        -     0.0%    0.162 (0.165 / 0.161) /  0.265      0    0        0      0
    3.99     0.0%        -     0.0%    0.158 (0.159 / 0.157) /  0.242      0    0        0      0
    3.98     0.0%        -     0.0%    0.160 (0.160 / 0.159) /  0.255      0    0        0      0
    3.97     0.0%        -     0.0%    0.156 (0.157 / 0.156) /  0.569      0    0        0      0
    3.96     0.0%        -     0.0%    0.161 (0.160 / 0.162) /  0.245      0    0        0      0
    3.95     0.0%        -     0.0%    0.161 (0.161 / 0.160) /  0.364      0    0        0      0
    3.94     0.0%        -     0.0%    0.158 (0.157 / 0.159) /  0.374      0    0        0      0
    3.93     0.0%        -     0.0%    0.160 (0.157 / 0.163) /  0.252      0    0        0      0
    3.92     0.0%        -     0.0%    0.159 (0.162 / 0.158) /  0.372      0    0        0      0
    3.91     0.0%        -     0.0%    0.157 (0.157 / 0.156) /  0.374      0    0        0      0
    3.90     0.0%        -     0.0%    0.158 (0.158 / 0.158) /  0.400      0    0        0      0
    3.89     0.0%        -     0.0%    0.158 (0.161 / 0.157) /  0.572      0    0        0      0
    3.88     0.0%        -     0.0%    0.161 (0.160 / 0.163) /  0.263      0    0        0      0
    3.87     0.0%        -     0.0%    0.159 (0.159 / 0.160) /  0.377      0    0        0      0
    3.86     0.0%        -     0.0%    0.158 (0.158 / 0.157) /  0.264      0    0        0      0
    3.85     0.0%        -     0.0%    0.159 (0.160 / 0.158) /  0.249      0    0        0      0
    3.84     0.0%        -     0.0%    0.156 (0.157 / 0.155) /  0.572      0    0        0      0
    3.83     0.0%        -     0.0%    0.159 (0.161 / 0.159) /  0.250      0    0        0      0
    3.82     0.0%        -     0.0%    0.161 (0.161 / 0.162) /  0.358      0    0        0      0
    3.81     0.0%        -     0.0%    0.158 (0.158 / 0.158) /  0.822      0    0        0      0
    3.80     0.0%        -     0.0%    0.157 (0.158 / 0.157) /  0.359      0    0        0      0
    3.79     0.0%        -     0.0%    0.157 (0.157 / 0.157) /  0.253      0    0        0      0
    3.78     0.0%        -     0.0%    0.158 (0.158 / 0.159) /  0.257      0    0        0      0
    3.77     0.0%        -     0.0%    0.160 (0.161 / 0.159) /  0.254      0    0        0      0
    3.76     0.0%        -     0.0%    0.161 (0.165 / 0.157) /  0.246      0    0        0      0
    3.75     0.0%        -     0.0%    0.156 (0.155 / 0.156) /  0.573      0    0        0      0
    3.74     0.0%        -     0.0%    0.160 (0.160 / 0.159) /  0.239      0    0        0      0
    3.73     0.0%        -     0.0%    0.157 (0.156 / 0.157) /  0.576      0    0        0      0
    3.72     0.0%        -     0.0%    0.157 (0.157 / 0.157) /  0.267      0    0        0      0
    3.71     0.0%        -     0.0%    0.158 (0.162 / 0.156) /  0.254      0    0        0      0
    3.70     0.0%        -     0.0%    0.157 (0.159 / 0.156) /  0.241      0    0        0    256
    3.69     0.0%        -     0.0%    0.155 (0.155 / 0.156) /  0.584      0    0        0      0
    3.68     0.0%        -     0.0%    0.164 (0.165 / 0.163) /  0.251      0    0        0      0
    3.67     0.0%        -     0.0%    0.158 (0.157 / 0.158) /  0.246      0    0        0      0
    3.66     0.0%        -     0.0%    0.159 (0.158 / 0.160) /  0.362      0    0        0      0
    3.65     0.0%        -     0.0%    0.156 (0.155 / 0.157) /  0.236      0    0        0      0
    3.64     0.0%        -     0.0%    0.158 (0.160 / 0.154) /  0.574      0    0        0      0
    3.63     0.0%        -     0.0%    0.154 (0.154 / 0.155) /  0.266      0    0        0      0
    3.62     0.0%        -     0.0%    0.156 (0.157 / 0.156) /  0.267      0    0        0    256
    3.61     0.0%        -     0.0%    0.159 (0.159 / 0.160) /  0.392      0    0        0      0
    3.60     0.0%        -     0.0%    0.157 (0.159 / 0.156) /  0.583      0    0        0      0
    3.59     0.0%        -     0.0%    0.159 (0.160 / 0.157) /  0.247      0    0        0      0
    3.58     0.0%        -     0.0%    0.160 (0.158 / 0.162) /  0.398      0    0        0      0
    3.57     0.0%        -     0.0%    0.158 (0.158 / 0.160) /  0.359      0    0        0      0
    3.56     0.0%        -     0.0%    0.157 (0.158 / 0.155) /  0.243      0    0        0      0
    3.55     0.0%        -     0.0%    0.157 (0.159 / 0.156) /  0.237      0    0        0      0
    3.54     0.0%        -     0.0%    0.162 (0.160 / 0.165) /  0.592      0    0        0      0
    3.53     0.0%        -     0.0%    0.157 (0.156 / 0.158) /  0.590      0    0        0      0
    3.52     0.0%        -     0.0%    0.157 (0.159 / 0.156) /  0.259      0    0        0      0
    3.51     0.0%        -     0.0%    0.158 (0.158 / 0.158) /  0.299      0    0        0      0
    3.50     0.0%        -     0.0%    0.158 (0.158 / 0.158) /  0.359      0    0        0      0
    3.49     0.0%        -     0.0%    0.158 (0.158 / 0.159) /  0.382      0    0        0      0
    3.48     0.0%        -     0.0%    0.160 (0.159 / 0.162) /  0.361      0    0        0      0
    3.47     0.0%        -     0.0%    0.157 (0.157 / 0.157) /  0.363      0    0        0      0
    3.46     0.0%        -     0.0%    0.158 (0.158 / 0.158) /  0.368      0    0        0      0
    3.45     0.0%        -     0.0%    0.156 (0.158 / 0.155) /  0.262      0    0        0      0
    3.44     0.0%        -     0.0%    0.159 (0.161 / 0.158) /  0.250      0    0        0      0
    3.43     0.0%        -     0.0%    0.156 (0.156 / 0.155) /  0.560      0    0        0      0
    3.42     0.0%        -     0.0%    0.156 (0.157 / 0.156) /  0.356      0    0        0      0
    3.41     0.0%        -     0.0%    0.157 (0.159 / 0.157) /  0.248      0    0        0      0
    3.40     0.0%        -     0.0%    0.157 (0.159 / 0.156) /  0.247      0    0        0      0
    3.39     0.0%        -     0.0%    0.157 (0.157 / 0.157) /  0.306      0    0        0      0
    3.38     0.0%        -     0.0%    0.160 (0.159 / 0.161) /  0.236      0    0        0      0
    3.37     0.0%        -     0.0%    0.157 (0.154 / 0.162) /  0.373      0    0        0      0
    3.36     0.0%        -     0.0%    0.156 (0.159 / 0.155) /  0.258      0    0        0      0
    3.35     0.0%        -     0.0%    0.156 (0.155 / 0.157) /  0.257      0    0        0      0
    3.34     0.0%        -     0.0%    0.160 (0.159 / 0.161) /  0.585      0    0        0      0
    3.33     0.0%        -     0.0%    0.160 (0.160 / 0.159) /  0.364      0    0        0      0
    3.32     0.0%        -     0.0%    0.158 (0.162 / 0.156) /  0.385      0    0        0      0
    3.31     0.0%        -     0.0%    0.158 (0.157 / 0.159) /  0.237      0    0        0      0
    3.30     0.0%        -     0.0%    0.155 (0.158 / 0.154) /  0.254      0    0        0      0
    3.29     0.0%        -     0.0%    0.158 (0.157 / 0.161) /  0.357      0    0        0      0
    3.28     0.0%        -     0.0%    0.158 (0.161 / 0.155) /  0.384      0    0        0    256
    3.27     0.0%        -     0.0%    0.157 (0.156 / 0.158) /  0.234      0    0        0      0
    3.26     0.0%        -     0.0%    0.157 (0.158 / 0.156) /  0.242      0    0        0      0
    3.25     0.0%        -     0.0%    0.160 (0.159 / 0.163) /  0.413      0    0        0      0
    3.24     0.0%        -     0.0%    0.158 (0.160 / 0.156) /  0.360      0    0        0      0
    3.23     0.0%        -     0.0%    0.157 (0.155 / 0.159) /  0.646      0    0        0      0
    3.22     0.0%        -     0.0%    0.156 (0.155 / 0.158) /  0.366      0    0        0      0
    3.21     0.0%        -     0.0%    0.159 (0.159 / 0.159) /  0.278      0    0        0      0
    3.20     0.0%        -     0.0%    0.159 (0.157 / 0.159) /  0.265      0    0        0      0
    3.19     0.0%        -     0.0%    0.155 (0.156 / 0.154) /  0.239      0    0        0      0
    3.18     0.0%        -     0.0%    0.157 (0.156 / 0.159) /  0.372      0    0        0      0
    3.17     0.0%        -     0.0%    0.156 (0.157 / 0.154) /  0.568      0    0        0      0
    3.16     0.0%        -     0.0%    0.156 (0.157 / 0.155) /  0.365      0    0        0      0
    3.15     0.0%        -     0.0%    0.159 (0.159 / 0.158) /  0.369      0    0        0      0
    3.14     0.0%        -     0.0%    0.158 (0.158 / 0.158) /  0.369      0    0        0      0
    3.13     0.0%        -     0.0%    0.156 (0.155 / 0.156) /  0.365      0    0        0      0
    3.12     0.0%        -     0.0%    0.157 (0.157 / 0.157) /  0.433      0    0        0      0
    3.11     0.0%        -     0.0%    0.156 (0.155 / 0.157) /  0.392      0    0        0      0
    3.10     0.0%        -     0.0%    0.160 (0.162 / 0.159) /  0.568      0    0        0      0
    3.09     0.0%        -     0.0%    0.156 (0.156 / 0.156) /  0.371      0    0        0      0
    3.08     0.0%        -     0.0%    0.158 (0.157 / 0.161) /  0.238      0    0        0      0
    3.07     0.0%        -     0.0%    0.161 (0.162 / 0.161) /  0.389      0    0        0      0
    3.06     0.0%        -     0.0%    0.159 (0.160 / 0.159) /  0.419      0    0        0      0
    3.05     0.0%        -     0.0%    0.156 (0.154 / 0.159) /  0.572      0    0        0      0
    3.04     0.0%        -     0.0%    0.158 (0.158 / 0.158) /  0.431      0    0        0      0
    3.03     0.0%        -     0.0%    0.159 (0.158 / 0.161) /  0.246      0    0        0      0
    3.02     0.0%        -     0.0%    0.157 (0.159 / 0.157) /  0.390      0    0        0      0
    3.01     0.0%        -     0.0%    0.157 (0.156 / 0.157) /  0.439      0    0        0      0
    3.00     0.0%        -     0.0%    0.155 (0.152 / 0.159) /  0.426      0    0        0      0
    2.99     0.0%        -     0.0%    0.158 (0.157 / 0.158) /  0.466      0    0        0      0
    2.98     0.0%        -     0.0%    0.158 (0.157 / 0.164) /  0.455      0    0        0      0
    2.97     0.0%        -     0.0%    0.161 (0.161 / 0.162) /  0.465      0    0        0    256
    2.96     0.0%        -     0.0%    0.157 (0.157 / 0.157) /  0.444      0    0        0      0
    2.95     0.0%        -     0.0%    0.159 (0.159 / 0.158) /  0.564      0    0        0      0
    2.94     0.0%        -     0.0%    0.159 (0.159 / 0.158) /  0.582      0    0        0    256
    2.93     0.0%        -     0.0%    0.158 (0.158 / 0.156) /  0.493      0    0        0      0
    2.92     0.0%        -     0.0%    0.157 (0.155 / 0.162) /  0.478      0    0        0      0
    2.91     0.0%        -     0.0%    0.156 (0.157 / 0.156) /  0.493      0    0        0      0
    2.90     0.0%        -     0.0%    0.159 (0.159 / 0.159) /  0.487      0    0        0      0
    2.89     0.0%        -     0.0%    0.158 (0.157 / 0.159) /  0.491      0    0        0      0
    2.88     0.0%        -     0.0%    0.159 (0.158 / 0.161) /  0.600      0    0        0      0
    2.87     0.0%        -     0.0%    0.158 (0.157 / 0.159) /  0.483      0    0        0      0
    2.86     0.0%        -     0.0%    0.157 (0.157 / 0.157) /  0.486      0    0        0      0
    2.85     0.0%        -     0.0%    0.159 (0.159 / 0.160) /  0.580      0    0        0      0
    2.84     0.0%        -     0.0%    0.155 (0.155 / 0.156) /  0.498      0    0        0      0
    2.83     0.0%        -     0.0%    0.159 (0.163 / 0.156) /  0.475      0    0        0      0
    2.82     0.0%        -     0.0%    0.159 (0.160 / 0.158) /  0.491      0    0        0      0
    2.81     0.0%        -     0.0%    0.158 (0.158 / 0.158) /  0.485      0    0        0      0
    2.80     0.0%        -     0.0%    0.157 (0.162 / 0.155) /  0.475      0    0        0      0
    2.79     0.0%        -     0.0%    0.158 (0.155 / 0.159) /  0.508      0    0        0      0
    2.78     0.0%        -     0.0%    0.160 (0.160 / 0.159) /  0.635      0    0        0      0
    2.77     0.0%        -     0.0%    0.159 (0.161 / 0.156) /  0.456      0    0        0      0
    2.76     0.0%        -     0.0%    0.158 (0.156 / 0.163) /  0.507      0    0        0    256
    2.75     0.0%        -     0.0%    0.157 (0.160 / 0.155) /  0.490      0    0        0      0
    2.74     0.0%        -     0.0%    0.158 (0.159 / 0.158) /  0.478      0    0        0      0
    2.73     0.0%        -     0.0%    0.157 (0.159 / 0.157) /  0.569      0    0        0      0
    2.72     0.0%        -     0.0%    0.157 (0.155 / 0.158) /  0.582      0    0        0      0
    2.71     0.0%        -     0.0%    0.156 (0.155 / 0.158) /  0.508      0    0        0      0
    2.70     0.0%        -     0.0%    0.157 (0.158 / 0.156) /  0.479      0    0        0      0
    2.69     0.0%        -     0.0%    0.155 (0.155 / 0.154) /  0.516      0    0        0      0
    2.68     0.0%        -     0.0%    0.155 (0.155 / 0.156) /  0.568      0    0        0      0
    2.67     0.0%        -     0.0%    0.155 (0.158 / 0.154) /  0.508      0    0        0      0
    2.66     0.0%        -     0.0%    0.154 (0.154 / 0.154) /  0.506      0    0        0      0
    2.65     0.0%        -     0.0%    0.155 (0.154 / 0.157) /  0.473      0    0        0      0
    2.64     0.0%        -     0.0%    0.156 (0.158 / 0.154) /  0.501      0    0        0      0
    2.63     0.0%        -     0.0%    0.156 (0.155 / 0.158) /  0.518      0    0        0      0
    2.62     0.0%        -     0.0%    0.155 (0.155 / 0.156) /  0.508      0    0        0      0
    2.61     0.0%        -     0.0%    0.156 (0.159 / 0.154) /  0.589      0    0        0      0
    2.60     0.0%        -     0.0%    0.158 (0.157 / 0.158) /  0.574      0    0        0      0
    2.59     0.0%        -     0.0%    0.156 (0.156 / 0.157) /  0.484      0    0        0      0
    2.58     0.0%        -     0.0%    0.157 (0.158 / 0.156) /  0.476      0    0        0      0
    2.57     0.0%        -     0.0%    0.154 (0.154 / 0.154) /  0.498      0    0        0    256
    2.56     0.0%        -     0.0%    0.155 (0.157 / 0.155) /  0.502      0    0        0      0
    2.55     0.0%        -     0.0%    0.157 (0.158 / 0.155) /  0.492      0    0        0      0
    2.54     0.0%        -     0.0%    0.156 (0.154 / 0.158) /  0.490      0    0        0      0
    2.53     0.0%        -     0.0%    0.155 (0.154 / 0.157) /  0.492      0    0        0      0
    2.52     0.0%        -     0.0%    0.155 (0.155 / 0.155) /  0.514      0    0        0      0
    2.51     0.0%        -     0.0%    0.156 (0.156 / 0.156) /  0.638      0    0        0      0
    2.50     0.0%        -     0.0%    0.154 (0.153 / 0.155) /  0.494      0    0        0      0
    2.49     0.0%        -     0.0%    0.155 (0.156 / 0.155) /  0.564      0    0        0    256
    2.48     0.0%        -     0.0%    0.154 (0.154 / 0.153) /  0.493      0    0        0      0
    2.47     0.0%        -     0.0%    0.154 (0.154 / 0.155) /  0.489      0    0        0      0
    2.46     0.0%        -     0.0%    0.155 (0.155 / 0.154) /  0.483      0    0        0      0
    2.45     0.0%        -     0.0%    0.155 (0.156 / 0.155) /  0.502      0    0        0      0
    2.44     0.0%        -     0.0%    0.157 (0.155 / 0.158) /  0.475      0    0        0      0
    2.43     0.0%        -     0.0%    0.155 (0.157 / 0.154) /  0.488      0    0        0      0
    2.42     0.0%        -     0.0%    0.157 (0.157 / 0.156) /  0.507      0    0        0      0
    2.41     0.0%        -     0.0%    0.155 (0.158 / 0.153) /  0.487      0    0        0      0
    2.40     0.0%        -     0.0%    0.156 (0.157 / 0.155) /  1.193      0    0        0      0
    2.39     0.0%        -     0.0%    0.154 (0.153 / 0.156) /  0.514      0    0        0      0
    2.38     0.0%        -     0.0%    0.155 (0.155 / 0.154) /  1.069      0    0        0      0
    2.37     0.0%        -     0.0%    0.155 (0.155 / 0.155) /  0.483      0    0        0      0
    2.36     0.0%        -     0.0%    0.155 (0.154 / 0.157) /  0.465      0    0        0      0
    2.35     0.0%        -     0.0%    0.153 (0.154 / 0.153) /  0.843      0    0        0      0
    2.34     0.0%        -     0.0%    0.157 (0.158 / 0.157) /  0.565      0    0        0      0
    2.33     0.0%        -     0.0%    0.155 (0.155 / 0.156) /  0.496      0    0        0      0
    2.32     0.0%        -     0.0%    0.154 (0.157 / 0.153) /  0.485      0    0        0      0
    2.31     0.0%        -     0.0%    0.151 (0.152 / 0.151) /  0.463      0    0        0      0
    2.30     0.0%        -     0.0%    0.153 (0.152 / 0.154) /  0.478      0    0        0      0
    2.29     0.0%        -     0.0%    0.156 (0.154 / 0.157) /  0.479      0    0        0      0
    2.28     0.0%        -     0.0%    0.152 (0.151 / 0.153) /  0.480      0    0        0      0
    2.27     0.0%        -     0.0%    0.153 (0.153 / 0.152) /  0.485      0    0        0      0
    2.26     0.0%        -     0.0%    0.154 (0.153 / 0.154) /  0.475      0    0        0      0
    2.25     0.0%        -     0.0%    0.153 (0.153 / 0.154) /  0.509      0    0        0      0
    2.24     0.0%        -     0.0%    0.153 (0.151 / 0.155) /  0.498      0    0        0      0
    2.23     0.0%        -     0.0%    0.153 (0.152 / 0.153) /  0.238      0    0        0      0
    2.22     0.0%        -     0.0%    0.153 (0.153 / 0.154) /  0.590      0    0        0      0
    2.21     0.0%        -     0.0%    0.154 (0.153 / 0.155) /  0.502      0    0        0      0
    2.20     0.0%        -     0.0%    0.152 (0.151 / 0.152) /  0.506      0    0        0      0
    2.19     0.0%        -     0.0%    0.153 (0.153 / 0.154) /  0.884      0    0        0      0
    2.18     0.0%        -     0.0%    0.152 (0.153 / 0.152) /  0.477      0    0        0      0
    2.17     0.0%        -     0.0%    0.154 (0.154 / 0.153) /  0.496      0    0        0      0
    2.16     0.0%        -     0.0%    0.153 (0.152 / 0.154) /  0.584      0    0        0      0
    2.15     0.0%        -     0.0%    0.154 (0.154 / 0.155) /  0.494      0    0        0      0
    2.14     0.0%        -     0.0%    0.152 (0.153 / 0.152) /  0.513      0    0        0      0
    2.13     0.0%        -     0.0%    0.152 (0.152 / 0.152) /  0.496      0    0        0      0
    2.12     0.0%        -     0.0%    0.153 (0.153 / 0.152) /  0.502      0    0        0      0
    2.11     0.0%        -     0.0%    0.152 (0.153 / 0.151) /  0.512      0    0        0      0
    2.10     0.0%        -     0.0%    0.155 (0.155 / 0.156) /  0.536      0    0        0      0
    2.09     0.0%        -     0.0%    0.153 (0.153 / 0.153) /  0.517      0    0        0      0
    2.08     0.0%        -     0.0%    0.153 (0.154 / 0.153) /  0.502      0    0        0      0
    2.07     0.0%        -     0.0%    0.152 (0.151 / 0.152) /  0.861      0    0        0      0
    2.06     0.0%        -     0.0%    0.152 (0.153 / 0.151) /  0.906      0    0        0      0
    2.05     0.0%        -     0.0%    0.153 (0.153 / 0.152) /  0.498      0    0        0      0
    2.04     0.0%        -     0.0%    0.152 (0.152 / 0.151) /  0.497      0    0        0      0
    2.03     0.0%        -     0.0%    0.152 (0.152 / 0.152) /  0.506      0    0        0      0
    2.02     0.0%        -     0.0%    0.152 (0.151 / 0.152) /  0.667      0    0        0      0
    2.01     0.0%        -     0.0%    0.152 (0.152 / 0.151) /  0.500      0    0        0      0
    2.00     0.0%        -     0.0%    0.153 (0.153 / 0.153) /  1.041      0    0        0      0
    1.99     0.0%        -     0.0%    0.151 (0.152 / 0.151) /  0.577      0    0        0      0
    1.98     0.0%        -     0.0%    0.153 (0.153 / 0.153) /  0.365      0    0        0      0
    1.97     0.0%        -     0.0%    0.153 (0.153 / 0.153) /  0.378      0    0        0      0
    1.96     0.0%        -     0.0%    0.152 (0.152 / 0.152) /  0.361      0    0        0      0
    1.95     0.0%        -     0.0%    0.152 (0.152 / 0.152) /  0.245      0    0        0      0
    1.94     0.0%        -     0.0%    0.153 (0.152 / 0.153) /  0.371      0    0        0      0
    1.93     0.0%        -     0.0%    0.154 (0.154 / 0.154) /  0.621      0    0        0      0
    1.92     0.0%        -     0.0%    0.152 (0.151 / 0.152) /  0.569      0    0        0      0
    1.91     0.0%        -     0.0%    0.152 (0.152 / 0.152) /  0.253      0    0        0      0
    1.90     0.0%        -     0.0%    0.152 (0.152 / 0.153) /  0.361      0    0        0      0
    1.89     0.0%        -     0.0%    0.151 (0.150 / 0.154) /  0.256      0    0        0    256
    1.88     0.0%        -     0.0%    0.151 (0.151 / 0.150) /  0.244      0    0        0      0
    1.87     0.0%        -     0.0%    0.152 (0.152 / 0.152) /  0.573      0    0        0      0
    1.86     0.0%        -     0.0%    0.152 (0.152 / 0.152) /  0.586      0    0        0      0
    1.85     0.0%        -     0.0%    0.150 (0.150 / 0.151) /  0.233      0    0        0      0
    1.84     0.0%        -     0.0%    0.151 (0.152 / 0.150) /  0.393      0    0        0      0
    1.83     0.0%        -     0.0%    0.151 (0.152 / 0.151) /  0.254      0    0        0      0
    1.82     0.0%        -     0.0%    0.153 (0.152 / 0.154) /  0.245      0    0        0      0
    1.81     0.0%        -     0.0%    0.153 (0.152 / 0.153) /  0.630      0    0        0    256
    1.80     0.0%        -     0.0%    0.151 (0.151 / 0.151) /  0.240      0    0        0      0
    1.79     0.0%        -     0.0%    0.151 (0.152 / 0.150) /  0.612      0    0        0      0
    1.78     0.0%        -     0.0%    0.151 (0.151 / 0.152) /  0.362      0    0        0      0
    1.77     0.0%        -     0.0%    0.151 (0.151 / 0.151) /  0.246      0    0        0      0
    1.76     0.0%        -     0.0%    0.152 (0.152 / 0.152) /  0.366      0    0        0      0
    1.75     0.0%        -     0.0%    0.151 (0.150 / 0.151) /  0.242      0    0        0      0
    1.74     0.0%        -     0.0%    0.151 (0.152 / 0.150) /  0.362      0    0        0      0
    1.73     0.0%        -     0.0%    0.151 (0.150 / 0.152) /  0.368      0    0        0      0
    1.72     0.0%        -     0.0%    0.152 (0.151 / 0.154) /  0.363      0    0        0      0
    1.71     0.0%        -     0.0%    0.152 (0.151 / 0.152) /  0.373      0    0        0      0
    1.70     0.0%        -     0.0%    0.151 (0.151 / 0.151) /  0.367      0    0        0      0
    1.69     0.0%        -     0.0%    0.151 (0.150 / 0.152) /  0.364      0    0        0      0
    1.68     0.0%        -     0.0%    0.151 (0.152 / 0.151) /  0.243      0    0        0      0
    1.67     0.0%        -     0.0%    0.151 (0.151 / 0.151) /  0.366      0    0        0      0
    1.66     0.0%        -     0.0%    0.151 (0.150 / 0.151) /  0.239      0    0        0      0
    1.65     0.0%        -     0.0%    0.150 (0.150 / 0.150) /  0.243      0    0        0      0
    1.64     0.0%        -     0.0%    0.151 (0.151 / 0.152) /  0.574      0    0        0      0
    1.63     0.0%        -     0.0%    0.152 (0.152 / 0.153) /  0.363      0    0        0      0
    1.62     0.0%        -     0.0%    0.151 (0.152 / 0.151) /  0.432      0    0        0      0
    1.61     0.0%        -     0.0%    0.151 (0.151 / 0.151) /  0.236      0    0        0      0
    1.60     0.0%        -     0.0%    0.151 (0.151 / 0.151) /  0.236      0    0        0      0
    1.59     0.0%        -     0.0%    0.151 (0.151 / 0.151) /  0.259      0    0        0      0
    1.58     0.0%        -     0.0%    0.151 (0.152 / 0.150) /  0.379      0    0        0      0
    1.57     0.0%        -     0.0%    0.152 (0.152 / 0.151) /  0.246      0    0        0      0
    1.56     0.0%        -     0.0%    0.152 (0.152 / 0.153) /  0.386      0    0        0      0
    1.55     0.0%        -     0.0%    0.150 (0.150 / 0.151) /  0.361      0    0        0      0
    1.54     0.0%        -     0.0%    0.151 (0.149 / 0.151) /  0.236      0    0        0      0
    1.53     0.0%        -     0.0%    0.151 (0.150 / 0.151) /  0.242      0    0        0      0
    1.52     0.0%        -     0.0%    0.151 (0.151 / 0.152) /  0.230      0    0        0      0
    1.51     0.0%        -     0.0%    0.150 (0.150 / 0.150) /  0.252      0    0        0      0
    1.50     0.0%        -     0.0%    0.151 (0.151 / 0.151) /  0.366      0    0        0      0
    1.49     0.0%        -     0.0%    0.151 (0.152 / 0.151) /  0.361      0    0        0      0
    1.48     0.0%        -     0.0%    0.152 (0.151 / 0.153) /  0.243      0    0        0      0
    1.47     0.0%        -     0.0%    0.152 (0.152 / 0.151) /  0.236      0    0        0      0
    1.46     0.0%        -     0.0%    0.150 (0.150 / 0.150) /  0.366      0    0        0    256
    1.45     0.0%        -     0.0%    0.151 (0.151 / 0.150) /  0.254      0    0        0      0
    1.44     0.0%        -     0.0%    0.153 (0.153 / 0.152) /  0.370      0    0        0      0
    1.43     0.0%        -     0.0%    0.150 (0.150 / 0.151) /  0.311      0    0        0      0
    1.42     0.0%        -     0.0%    0.150 (0.150 / 0.149) /  0.360      0    0        0      0
    1.41     0.0%        -     0.0%    0.151 (0.151 / 0.152) /  0.594      0    0        0      0
    1.40     0.0%        -     0.0%    0.150 (0.150 / 0.150) /  0.577      0    0        0      0
    1.39     0.0%        -     0.0%    0.150 (0.150 / 0.151) /  0.234      0    0        0      0
    1.38     0.0%        -     0.0%    0.150 (0.151 / 0.150) /  0.243      0    0        0      0
    1.37     0.0%        -     0.0%    0.149 (0.149 / 0.150) /  0.377      0    0        0      0
    1.36     0.0%        -     0.0%    0.150 (0.150 / 0.150) /  0.568      0    0        0      0
    1.35     0.0%        -     0.0%    0.151 (0.150 / 0.151) /  0.357      0    0        0      0
    1.34     0.0%        -     0.0%    0.150 (0.150 / 0.150) /  0.241      0    0        0      0
    1.33     0.0%        -     0.0%    0.150 (0.151 / 0.150) /  0.361      0    0        0      0
    1.32     0.0%        -     0.0%    0.150 (0.150 / 0.150) /  0.250      0    0        0      0
    1.31     0.0%        -     0.0%    0.150 (0.149 / 0.151) /  0.604      0    0        0    256
    1.30     0.0%        -     0.0%    0.151 (0.152 / 0.151) /  0.249      0    0        0      0
    1.29     0.0%        -     0.0%    0.151 (0.151 / 0.151) /  0.357      0    0        0      0
    1.28     0.0%        -     0.0%    0.151 (0.151 / 0.151) /  0.366      0    0        0      0
    1.27     0.0%        -     0.0%    0.150 (0.150 / 0.150) /  0.248      0    0        0      0
    1.26     0.0%        -     0.0%    0.151 (0.151 / 0.150) /  0.355      0    0        0      0
    1.25     0.0%        -     0.0%    0.151 (0.151 / 0.150) /  0.571      0    0        0      0
    1.24     0.0%        -     0.0%    0.150 (0.150 / 0.150) /  0.571      0    0        0      0
    1.23     0.0%        -     0.0%    0.149 (0.149 / 0.150) /  0.365      0    0        0      0
    1.22     0.0%        -     0.0%    0.150 (0.150 / 0.150) /  0.252      0    0        0      0
    1.21     0.0%        -     0.0%    0.151 (0.151 / 0.150) /  0.359      0    0        0      0
    1.20     0.0%        -     0.0%    0.150 (0.149 / 0.150) /  0.233      0    0        0      0
    1.19     0.0%        -     0.0%    0.149 (0.149 / 0.149) /  0.235      0    0        0      0
    1.18     0.0%        -     0.0%    0.150 (0.150 / 0.150) /  0.238      0    0        0      0
    1.17     0.0%        -     0.0%    0.150 (0.149 / 0.151) /  0.240      0    0        0      0
    1.16     0.0%        -     0.0%    0.150 (0.150 / 0.150) /  0.258      0    0        0      0
    1.15     0.0%        -     0.0%    0.150 (0.149 / 0.150) /  0.250      0    0        0      0
    1.14     0.0%        -     0.0%    0.149 (0.150 / 0.149) /  0.235      0    0        0      0
    1.13     0.0%        -     0.0%    0.149 (0.149 / 0.150) /  0.258      0    0        0      0
    1.12     0.0%        -     0.0%    0.149 (0.149 / 0.149) /  0.237      0    0        0      0
    1.11     0.0%        -     0.0%    0.150 (0.150 / 0.151) /  0.234      0    0        0      0
    1.10     0.0%        -     0.0%    0.151 (0.151 / 0.150) /  0.362      0    0        0      0
    1.09     0.0%        -     0.0%    0.150 (0.149 / 0.151) /  0.587      0    0        0      0
    1.08     0.0%        -     0.0%    0.150 (0.150 / 0.150) /  0.366      0    0        0      0
    1.07     0.0%        -     0.0%    0.152 (0.152 / 0.152) /  0.236      0    0        0      0
    1.06     0.0%        -     0.0%    0.151 (0.150 / 0.152) /  0.411      0    0        0      0
    1.05     0.0%        -     0.0%    0.153 (0.154 / 0.153) /  0.421      0    0        0      0
    1.04     0.0%        -     0.0%    0.151 (0.151 / 0.152) /  0.347      0    0        0      0
    1.03     0.0%        -     0.0%    0.151 (0.150 / 0.151) /  0.358      0    0        0      0
    1.02     0.0%        -     0.0%    0.151 (0.152 / 0.150) /  0.231      0    0        0      0
    1.01     0.0%        -     0.0%    0.150 (0.150 / 0.150) /  0.241      0    0        0      0
    1.00     0.0%        -     0.0%    0.150 (0.151 / 0.149) /  0.358      0    0        0      0
    0.99     0.0%        -     0.0%    0.149 (0.150 / 0.149) /  0.305      0    0        0      0
    0.98     0.0%        -     0.0%    0.150 (0.150 / 0.151) /  0.231      0    0        0      0
    0.97     0.0%        -     0.0%    0.150 (0.149 / 0.151) /  0.229      0    0        0      0
    0.96     0.0%        -     0.0%    0.150 (0.150 / 0.150) /  0.238      0    0        0      0
    0.95     0.0%        -     0.0%    0.150 (0.150 / 0.149) /  0.231      0    0        0      0
    0.94     0.0%        -     0.0%    0.150 (0.150 / 0.150) /  0.235      0    0        0      0
    0.93     0.0%        -     0.0%    0.150 (0.150 / 0.149) /  0.240      0    0        0      0
    0.92     0.0%        -     0.0%    0.149 (0.150 / 0.148) /  0.641      0    0        0      0
    0.91     0.0%        -     0.0%    0.151 (0.151 / 0.151) /  0.245      0    0        0      0
    0.90     0.0%        -     0.0%    0.150 (0.150 / 0.150) /  0.244      0    0        0      0
    0.89     0.0%        -     0.0%    0.150 (0.150 / 0.151) /  0.251      0    0        0      0
    0.88     0.0%        -     0.0%    0.150 (0.149 / 0.150) /  0.364      0    0        0      0
    0.87     0.0%        -     0.0%    0.151 (0.150 / 0.151) /  0.365      0    0        0      0
    0.86     0.0%        -     0.0%    0.150 (0.150 / 0.149) /  0.360      0    0        0      0
    0.85     0.0%        -     0.0%    0.149 (0.149 / 0.149) /  0.362      0    0        0      0
    0.84     0.0%        -     0.0%    0.149 (0.149 / 0.150) /  0.361      0    0        0      0
    0.83     0.0%        -     0.0%    0.149 (0.150 / 0.149) /  0.224      0    0        0      0
    0.82     0.0%        -     0.0%    0.149 (0.150 / 0.149) /  0.228      0    0        0      0
    0.81     0.0%        -     0.0%    0.149 (0.149 / 0.149) /  0.228      0    0        0      0
    0.80     0.0%        -     0.0%    0.148 (0.148 / 0.149) /  0.239      0    0        0      0
    0.79     0.0%        -     0.0%    0.149 (0.149 / 0.150) /  0.354      0    0        0      0
    0.78     0.0%        -     0.0%    0.149 (0.149 / 0.149) /  0.249      0    0        0      0
    0.77     0.0%        -     0.0%    0.150 (0.149 / 0.150) /  0.361      0    0        0      0
    0.76     0.0%        -     0.0%    0.149 (0.150 / 0.148) /  0.238      0    0        0      0
    0.75     0.0%        -     0.0%    0.151 (0.151 / 0.150) /  0.362      0    0        0    256
    0.74     0.0%        -     0.0%    0.149 (0.148 / 0.150) /  0.249      0    0        0      0
    0.73     0.0%        -     0.0%    0.149 (0.148 / 0.150) /  0.228      0    0        0      0
    0.72     0.0%        -     0.0%    0.149 (0.149 / 0.149) /  0.248      0    0        0      0
    0.71     0.0%        -     0.0%    0.149 (0.148 / 0.149) /  0.370      0    0        0      0
    0.70     0.0%        -     0.0%    0.149 (0.149 / 0.149) /  0.359      0    0        0      0
    0.69     0.0%        -     0.0%    0.149 (0.149 / 0.150) /  0.356      0    0        0      0
    0.68     0.0%        -     0.0%    0.149 (0.149 / 0.150) /  0.364      0    0        0      0
    0.67     0.0%        -     0.0%    0.149 (0.149 / 0.149) /  0.240      0    0        0      0
    0.66     0.0%        -     0.0%    0.149 (0.148 / 0.149) /  0.231      0    0        0      0
    0.65     0.0%        -     0.0%    0.149 (0.150 / 0.149) /  0.236      0    0        0      0
    0.64     0.0%        -     0.0%    0.149 (0.149 / 0.149) /  0.569      0    0        0      0
    0.63     0.0%        -     0.0%    0.148 (0.148 / 0.149) /  0.365      0    0        0      0
    0.62     0.0%        -     0.0%    0.149 (0.149 / 0.149) /  0.364      0    0        0      0
    0.61     0.0%        -     0.0%    0.149 (0.149 / 0.149) /  0.225      0    0        0      0
    0.60     0.0%        -     0.0%    0.149 (0.149 / 0.149) /  0.237      0    0        0      0
    0.59     0.0%        -     0.0%    0.150 (0.150 / 0.150) /  0.361      0    0        0      0
    0.58     0.0%        -     0.0%    0.148 (0.148 / 0.148) /  0.230      0    0        0      0
    0.57     0.5%        -     0.5%    0.149 (0.149 / 0.148) /  0.584      2    0        0    256
    0.56     0.0%        -     0.0%    0.149 (0.149 / 0.148) /  0.244      0    0        0      0
    0.55     0.0%        -     0.0%    0.149 (0.149 / 0.149) /  0.242      0    0        0      0
    0.54     0.0%        -     0.0%    0.150 (0.150 / 0.149) /  0.404      0    0        0      0
    0.53     0.2%        -     0.2%    0.149 (0.148 / 0.150) /  0.359      1    0        0      0
    0.52     0.2%        -     0.2%    0.149 (0.149 / 0.149) /  0.373      1    0        0      0
    0.51     0.0%        -     0.0%    0.149 (0.149 / 0.149) /  0.239      0    0        0      0
    0.50     0.0%        -     0.0%    0.149 (0.148 / 0.149) /  0.249      0    0        0      0
    0.49     0.0%        -     0.0%    0.148 (0.148 / 0.148) /  0.218      0    0        0      0
    0.48     0.2%        -     0.2%    0.148 (0.148 / 0.148) /  0.361      1    0        0      0
    0.47     0.0%        -     0.0%    0.148 (0.148 / 0.148) /  0.241      0    0        0      0
    0.46     0.0%        -     0.0%    0.148 (0.148 / 0.148) /  0.234      0    0        0      0
    0.45     0.0%        -     0.0%    0.149 (0.149 / 0.150) /  0.408      0    0        0    256
    0.44     0.2%        -     0.2%    0.147 (0.147 / 0.148) /  0.360      1    0        0      0
    0.43     0.0%        -     0.0%    0.149 (0.150 / 0.149) /  0.316      0    0        0      0
    0.42     0.0%        -     0.0%    0.149 (0.149 / 0.148) /  0.231      0    0        0      0
    0.41     0.0%        -     0.0%    0.149 (0.148 / 0.149) /  0.228      0    0        0      0
    0.40     0.7%        -     0.7%    0.150 (0.150 / 0.150) /  0.367      3    0        0    256
    0.39     0.0%        -     0.0%    0.149 (0.149 / 0.149) /  0.241      0    0        0      0
    0.38     0.0%        -     0.0%    0.150 (0.150 / 0.150) /  0.230      0    0        0      0
    0.37     0.5%        -     0.5%    0.149 (0.149 / 0.148) /  0.599      2    0        0      0
    0.36     0.5%        -     0.5%    0.150 (0.150 / 0.149) /  0.599      2    0        0      0
    0.35     0.0%        -     0.0%    0.148 (0.149 / 0.147) /  0.250      0    0        0      0
    0.34     0.0%        -     0.0%    0.149 (0.149 / 0.149) /  0.229      0    0        0      0
    0.33     0.5%        -     0.5%    0.148 (0.148 / 0.149) /  0.361      2    0        0      0
    0.32     0.0%        -     0.0%    0.148 (0.148 / 0.148) /  0.230      0    0        0      0
    0.31     0.0%        -     0.0%    0.150 (0.150 / 0.150) /  0.273      0    0        0      0
    0.30     0.2%        -     0.2%    0.149 (0.149 / 0.149) /  0.355      1    0        0      0
    0.29     0.7%        -     0.7%    0.151 (0.150 / 0.151) /  0.361      3    0        0      0
    0.28     0.2%        -     0.2%    0.147 (0.147 / 0.148) /  0.249      1    0        0      0
    0.27     0.7%        -     0.7%    0.148 (0.149 / 0.148) /  0.571      3    0        0      0
    0.26     0.7%        -     0.7%    0.148 (0.148 / 0.148) /  0.374      3    0        0      0
    0.25     0.5%        -     0.5%    0.148 (0.148 / 0.148) /  0.248      2    0        0      0
    0.24     0.5%        -     0.5%    0.149 (0.150 / 0.149) /  0.231      2    0        0      0
    0.23     2.0%        -     2.0%    0.150 (0.149 / 0.150) /  0.355      8    0        0      0
    0.22     2.7%        -     2.7%    0.149 (0.149 / 0.151) /  0.239     11    0        0      0
    0.21     3.7%        -     3.7%    0.149 (0.148 / 0.149) /  0.235     15    0        0      0
    0.20     3.7%        -     3.7%    0.149 (0.149 / 0.149) /  0.237     15    0        0      0
    0.19     5.5%        -     5.5%    0.148 (0.148 / 0.148) /  0.241     22    0        0      0
    0.18     6.5%        -     6.5%    0.148 (0.147 / 0.148) /  0.245     26    0        0    256
    0.17     6.0%        -     6.0%    0.147 (0.148 / 0.147) /  0.256     24    0        0      0
    0.16    23.8%        -    23.8%    0.149 (0.150 / 0.149) /  0.237     95    0        0      0
    0.15    23.5%        -    23.5%    0.149 (0.149 / 0.149) /  0.353     94    0        0      0
    0.14    32.0%        -    32.0%    0.149 (0.149 / 0.149) /  0.276    128    0        0      0
    0.13    36.3%        -    36.3%    0.148 (0.147 / 0.148) /  0.238    145    0        0      0
    0.12    46.0%        -    46.0%    0.152 (0.153 / 0.151) /  0.584    184    0        0      0
    0.11    48.5%        -    48.5%    0.148 (0.149 / 0.148) /  0.251    194    0        0      0
    0.10    50.0%        -    50.0%    0.152 (0.152 / 0.152) /  0.241    200    0        0      0
    0.09    50.0%        -    50.0%    0.150 (0.150 / 0.149) /  0.238    200    0        0      0
    0.08    50.0%        -    50.0%    0.150 (0.150 / 0.150) /  0.253    200    0        0      0
    0.07    50.0%        -    50.0%    0.151 (0.150 / 0.151) /  0.430    200    0        0      0
    0.06    50.0%        -    50.0%    0.149 (0.149 / 0.149) /  0.238    200    0        0      0
    0.05    50.0%        -    50.0%    0.149 (0.150 / 0.149) /  0.234    200    0        0      0
    0.04    50.0%        -    50.0%    0.149 (0.149 / 0.148) /  0.236    200    0        0      0
    0.03    50.0%        -    50.0%    0.149 (0.148 / 0.149) /  0.228    200    0        0      0
    0.02    50.0%        -    50.0%    0.149 (0.148 / 0.150) /  0.234    200    0        0      0
    0.01    50.0%        -    50.0%    0.149 (0.149 / 0.149) /  0.229    200    0        0      0
    0.00    50.0%        -    50.0%    0.150 (0.150 / 0.150) /  0.241    200    0        0      0
wrote results/laptop-6ms/11.csv
