    Finished `release` profile [optimized] target(s) in 0.00s
    Finished `release` profile [optimized] target(s) in 0.00s
    Finished `release` profile [optimized] target(s) in 0.00s
runtime threads on cpu8 performance max 5300 of 5300 MHz, cpu10 performance max 5300 of 5300 MHz, cpu0 performance max 5100 of 5100 MHz, cpu2 performance max 5100 of 5100 MHz
source thread on cpu4 performance max 5100 of 5100 MHz
keeping CPUs [8, 10, 0, 2, 4] awake
halow: recording 730 µs, frame 683.0 µs, silence 12.2 µs before and 34.8 after: cut to the frame
zigbee: recording 1410 µs, frame 1373.8 µs, silence 16.5 µs before and 19.8 after: cut to the frame
400 frames per IFS, IFS after the second receiver's frames the same, no retuning, chunks of 256 samples

wlan_granular_hard.toml → wlan_granular_viterbi.toml → ...
  IFS ms    PER H    PER Z    PER   swap median (→wlan_ / →wlan_) / max ms   lost: late listening   queued at swap: median max
    6.00     0.0%        -     0.0%    0.050 (0.048 / 0.051) /  0.138      0    0        0      0
           posted by halow/hard:200 halow/viterbi:200
    5.99     0.0%        -     0.0%    0.051 (0.051 / 0.052) /  0.260      0    0        0    256
           posted by halow/hard:200 halow/viterbi:200
    5.98     0.0%        -     0.0%    0.052 (0.051 / 0.053) /  0.264      0    0        0      0
           posted by halow/hard:200 halow/viterbi:200
    5.97     0.0%        -     0.0%    0.051 (0.050 / 0.052) /  0.284      0    0        0      0
           posted by halow/hard:200 halow/viterbi:200
    5.96     0.0%        -     0.0%    0.051 (0.049 / 0.052) /  0.090      0    0        0      0
           posted by halow/hard:200 halow/viterbi:200
    5.95     0.0%        -     0.0%    0.052 (0.051 / 0.053) /  0.078      0    0        0    256
           posted by halow/hard:200 halow/viterbi:200
    5.94     0.0%        -     0.0%    0.052 (0.051 / 0.052) /  0.134      0    0        0      0
           posted by halow/hard:200 halow/viterbi:200
    5.93     0.0%        -     0.0%    0.050 (0.049 / 0.051) /  0.272      0    0        0      0
           posted by halow/hard:200 halow/viterbi:200
    5.92     0.0%        -     0.0%    0.050 (0.048 / 0.051) /  0.080      0    0        0      0
           posted by halow/hard:200 halow/viterbi:200
    5.91     0.0%        -     0.0%    0.050 (0.049 / 0.051) /  0.072      0    0        0      0
           posted by halow/hard:200 halow/viterbi:200
    5.90     0.0%        -     0.0%    0.050 (0.048 / 0.051) /  0.072      0    0        0      0
           posted by halow/hard:200 halow/viterbi:200
    5.89     0.0%        -     0.0%    0.050 (0.048 / 0.051) /  0.116      0    0        0      0
           posted by halow/hard:200 halow/viterbi:200
    5.88     0.0%        -     0.0%    0.050 (0.050 / 0.051) /  0.269      0    0        0      0
           posted by halow/hard:200 halow/viterbi:200
    5.87     0.0%        -     0.0%    0.050 (0.049 / 0.050) /  0.273      0    0        0      0
           posted by halow/hard:200 halow/viterbi:200
    5.86     0.0%        -     0.0%    0.049 (0.048 / 0.051) /  0.114      0    0        0      0
           posted by halow/hard:200 halow/viterbi:200
    5.85     0.0%        -     0.0%    0.051 (0.050 / 0.052) /  0.095      0    0        0      0
           posted by halow/hard:200 halow/viterbi:200
    5.84     0.0%        -     0.0%    0.049 (0.048 / 0.050) /  0.258      0    0        0      0
           posted by halow/hard:200 halow/viterbi:200
    5.83     0.0%        -     0.0%    0.050 (0.048 / 0.051) /  0.091      0    0        0      0
           posted by halow/hard:200 halow/viterbi:200
    5.82     0.0%        -     0.0%    0.051 (0.049 / 0.052) /  0.270      0    0        0    256
           posted by halow/hard:200 halow/viterbi:200
    5.81     0.0%        -     0.0%    0.050 (0.049 / 0.051) /  0.089      0    0        0      0
           posted by halow/hard:200 halow/viterbi:200
    5.80     0.0%        -     0.0%    0.049 (0.048 / 0.050) /  0.259      0    0        0      0
           posted by halow/hard:200 halow/viterbi:200
    5.79     0.0%        -     0.0%    0.050 (0.049 / 0.051) /  0.274      0    0        0      0
           posted by halow/hard:200 halow/viterbi:200
    5.78     0.0%        -     0.0%    0.051 (0.050 / 0.052) /  0.089      0    0        0    256
           posted by halow/hard:200 halow/viterbi:200
    5.77     0.0%        -     0.0%    0.050 (0.049 / 0.051) /  0.094      0    0        0      0
           posted by halow/hard:200 halow/viterbi:200
    5.76     0.0%        -     0.0%    0.050 (0.048 / 0.051) /  0.256      0    0        0      0
           posted by halow/hard:200 halow/viterbi:200
    5.75     0.0%        -     0.0%    0.050 (0.049 / 0.051) /  0.090      0    0        0      0
           posted by halow/hard:200 halow/viterbi:200
    5.74     0.0%        -     0.0%    0.051 (0.049 / 0.052) /  0.080      0    0        0      0
           posted by halow/hard:200 halow/viterbi:200
    5.73     0.0%        -     0.0%    0.050 (0.049 / 0.051) /  0.090      0    0        0      0
           posted by halow/hard:200 halow/viterbi:200
    5.72     0.0%        -     0.0%    0.050 (0.048 / 0.051) /  0.084      0    0        0      0
           posted by halow/hard:200 halow/viterbi:200
    5.71     0.0%        -     0.0%    0.050 (0.049 / 0.051) /  0.078      0    0        0      0
           posted by halow/hard:200 halow/viterbi:200
    5.70     0.0%        -     0.0%    0.050 (0.049 / 0.051) /  0.092      0    0        0      0
           posted by halow/hard:200 halow/viterbi:200
    5.69     0.0%        -     0.0%    0.050 (0.049 / 0.051) /  0.082      0    0        0      0
           posted by halow/hard:200 halow/viterbi:200
    5.68     0.0%        -     0.0%    0.050 (0.049 / 0.051) /  0.087      0    0        0      0
           posted by halow/hard:200 halow/viterbi:200
    5.67     0.0%        -     0.0%    0.051 (0.049 / 0.052) /  0.080      0    0        0      0
           posted by halow/hard:200 halow/viterbi:200
    5.66     0.0%        -     0.0%    0.050 (0.049 / 0.051) /  0.111      0    0        0      0
           posted by halow/hard:200 halow/viterbi:200
    5.65     0.0%        -     0.0%    0.050 (0.049 / 0.051) /  0.083      0    0        0      0
           posted by halow/hard:200 halow/viterbi:200
    5.64     0.0%        -     0.0%    0.053 (0.051 / 0.054) /  0.144      0    0        0      0
           posted by halow/hard:200 halow/viterbi:200
    5.63     0.0%        -     0.0%    0.050 (0.048 / 0.051) /  0.092      0    0        0      0
           posted by halow/hard:200 halow/viterbi:200
    5.62     0.0%        -     0.0%    0.050 (0.048 / 0.052) /  0.081      0    0        0    256
           posted by halow/hard:200 halow/viterbi:200
    5.61     0.0%        -     0.0%    0.050 (0.049 / 0.051) /  0.270      0    0        0      0
           posted by halow/hard:200 halow/viterbi:200
    5.60     0.0%        -     0.0%    0.051 (0.049 / 0.051) /  0.261      0    0        0      0
           posted by halow/hard:200 halow/viterbi:200
    5.59     0.0%        -     0.0%    0.049 (0.048 / 0.050) /  0.081      0    0        0      0
           posted by halow/hard:200 halow/viterbi:200
    5.58     0.0%        -     0.0%    0.050 (0.049 / 0.051) /  0.076      0    0        0      0
           posted by halow/hard:200 halow/viterbi:200
    5.57     0.0%        -     0.0%    0.050 (0.049 / 0.051) /  0.079      0    0        0      0
           posted by halow/hard:200 halow/viterbi:200
    5.56     0.0%        -     0.0%    0.049 (0.048 / 0.050) /  0.105      0    0        0      0
           posted by halow/hard:200 halow/viterbi:200
    5.55     0.0%        -     0.0%    0.050 (0.049 / 0.050) /  0.079      0    0        0      0
           posted by halow/hard:200 halow/viterbi:200
    5.54     0.0%        -     0.0%    0.049 (0.048 / 0.051) /  0.070      0    0        0      0
           posted by halow/hard:200 halow/viterbi:200
    5.53     0.0%        -     0.0%    0.050 (0.049 / 0.051) /  0.262      0    0        0      0
           posted by halow/hard:200 halow/viterbi:200
    5.52     0.0%        -     0.0%    0.050 (0.049 / 0.051) /  0.096      0    0        0      0
           posted by halow/hard:200 halow/viterbi:200
    5.51     0.0%        -     0.0%    0.050 (0.048 / 0.051) /  0.252      0    0        0      0
           posted by halow/hard:200 halow/viterbi:200
    5.50     0.0%        -     0.0%    0.050 (0.049 / 0.051) /  0.077      0    0        0      0
           posted by halow/hard:200 halow/viterbi:200
    5.49     0.0%        -     0.0%    0.049 (0.048 / 0.050) /  0.082      0    0        0      0
           posted by halow/hard:200 halow/viterbi:200
    5.48     0.0%        -     0.0%    0.050 (0.049 / 0.051) /  0.092      0    0        0      0
           posted by halow/hard:200 halow/viterbi:200
    5.47     0.0%        -     0.0%    0.050 (0.049 / 0.051) /  0.254      0    0        0      0
           posted by halow/hard:200 halow/viterbi:200
    5.46     0.0%        -     0.0%    0.049 (0.048 / 0.051) /  0.086      0    0        0      0
           posted by halow/hard:200 halow/viterbi:200
    5.45     0.0%        -     0.0%    0.049 (0.048 / 0.051) /  0.260      0    0        0      0
           posted by halow/hard:200 halow/viterbi:200
    5.44     0.0%        -     0.0%    0.050 (0.049 / 0.051) /  0.105      0    0        0      0
           posted by halow/hard:200 halow/viterbi:200
    5.43     0.0%        -     0.0%    0.050 (0.048 / 0.051) /  0.087      0    0        0      0
           posted by halow/hard:200 halow/viterbi:200
    5.42     0.0%        -     0.0%    0.050 (0.049 / 0.051) /  0.108      0    0        0      0
           posted by halow/hard:200 halow/viterbi:200
    5.41     0.0%        -     0.0%    0.050 (0.048 / 0.051) /  0.260      0    0        0      0
           posted by halow/hard:200 halow/viterbi:200
    5.40     0.0%        -     0.0%    0.049 (0.048 / 0.050) /  0.086      0    0        0      0
           posted by halow/hard:200 halow/viterbi:200
    5.39     0.0%        -     0.0%    0.050 (0.049 / 0.052) /  0.081      0    0        0      0
           posted by halow/hard:200 halow/viterbi:200
    5.38     0.0%        -     0.0%    0.050 (0.048 / 0.051) /  0.086      0    0        0      0
           posted by halow/hard:200 halow/viterbi:200
    5.37     0.0%        -     0.0%    0.049 (0.048 / 0.051) /  0.265      0    0        0      0
           posted by halow/hard:200 halow/viterbi:200
    5.36     0.0%        -     0.0%    0.050 (0.048 / 0.051) /  0.083      0    0        0      0
           posted by halow/hard:200 halow/viterbi:200
    5.35     0.0%        -     0.0%    0.050 (0.049 / 0.051) /  0.260      0    0        0      0
           posted by halow/hard:200 halow/viterbi:200
    5.34     0.0%        -     0.0%    0.050 (0.048 / 0.051) /  0.089      0    0        0      0
           posted by halow/hard:200 halow/viterbi:200
    5.33     0.0%        -     0.0%    0.050 (0.049 / 0.050) /  0.290      0    0        0      0
           posted by halow/hard:200 halow/viterbi:200
    5.32     0.0%        -     0.0%    0.050 (0.049 / 0.051) /  0.089      0    0        0      0
           posted by halow/hard:200 halow/viterbi:200
    5.31     0.0%        -     0.0%    0.049 (0.048 / 0.050) /  0.082      0    0        0      0
           posted by halow/hard:200 halow/viterbi:200
    5.30     0.0%        -     0.0%    0.050 (0.049 / 0.050) /  0.107      0    0        0      0
           posted by halow/hard:200 halow/viterbi:200
    5.29     0.0%        -     0.0%    0.050 (0.049 / 0.051) /  0.075      0    0        0      0
           posted by halow/hard:200 halow/viterbi:200
    5.28     0.0%        -     0.0%    0.050 (0.049 / 0.051) /  0.087      0    0        0      0
           posted by halow/hard:200 halow/viterbi:200
    5.27     0.0%        -     0.0%    0.050 (0.048 / 0.051) /  0.093      0    0        0      0
           posted by halow/hard:200 halow/viterbi:200
    5.26     0.0%        -     0.0%    0.051 (0.049 / 0.052) /  0.118      0    0        0    256
           posted by halow/hard:200 halow/viterbi:200
    5.25     0.0%        -     0.0%    0.051 (0.049 / 0.052) /  0.085      0    0        0      0
           posted by halow/hard:200 halow/viterbi:200
    5.24     0.0%        -     0.0%    0.050 (0.049 / 0.051) /  0.265      0    0        0      0
           posted by halow/hard:200 halow/viterbi:200
    5.23     0.0%        -     0.0%    0.050 (0.049 / 0.050) /  0.268      0    0        0      0
           posted by halow/hard:200 halow/viterbi:200
    5.22     0.0%        -     0.0%    0.052 (0.050 / 0.052) /  0.104      0    0        0      0
           posted by halow/hard:200 halow/viterbi:200
    5.21     0.0%        -     0.0%    0.050 (0.049 / 0.051) /  0.254      0    0        0      0
           posted by halow/hard:200 halow/viterbi:200
    5.20     0.0%        -     0.0%    0.050 (0.049 / 0.051) /  0.269      0    0        0      0
           posted by halow/hard:200 halow/viterbi:200
    5.19     0.0%        -     0.0%    0.050 (0.048 / 0.051) /  0.088      0    0        0      0
           posted by halow/hard:200 halow/viterbi:200
    5.18     0.0%        -     0.0%    0.051 (0.050 / 0.051) /  0.114      0    0        0      0
           posted by halow/hard:200 halow/viterbi:200
    5.17     0.0%        -     0.0%    0.051 (0.049 / 0.052) /  0.109      0    0        0      0
           posted by halow/hard:200 halow/viterbi:200
    5.16     0.0%        -     0.0%    0.050 (0.049 / 0.051) /  0.096      0    0        0      0
           posted by halow/hard:200 halow/viterbi:200
    5.15     0.0%        -     0.0%    0.050 (0.049 / 0.050) /  0.100      0    0        0      0
           posted by halow/hard:200 halow/viterbi:200
    5.14     0.0%        -     0.0%    0.050 (0.049 / 0.051) /  0.089      0    0        0      0
           posted by halow/hard:200 halow/viterbi:200
    5.13     0.0%        -     0.0%    0.050 (0.049 / 0.050) /  0.265      0    0        0      0
           posted by halow/hard:200 halow/viterbi:200
    5.12     0.0%        -     0.0%    0.050 (0.048 / 0.051) /  0.097      0    0        0      0
           posted by halow/hard:200 halow/viterbi:200
    5.11     0.0%        -     0.0%    0.050 (0.048 / 0.051) /  0.076      0    0        0      0
           posted by halow/hard:200 halow/viterbi:200
    5.10     0.0%        -     0.0%    0.049 (0.048 / 0.050) /  0.083      0    0        0      0
           posted by halow/hard:200 halow/viterbi:200
    5.09     0.0%        -     0.0%    0.051 (0.049 / 0.051) /  0.259      0    0        0      0
           posted by halow/hard:200 halow/viterbi:200
    5.08     0.0%        -     0.0%    0.049 (0.047 / 0.051) /  0.099      0    0        0      0
           posted by halow/hard:200 halow/viterbi:200
    5.07     0.0%        -     0.0%    0.049 (0.048 / 0.050) /  0.087      0    0        0      0
           posted by halow/hard:200 halow/viterbi:200
    5.06     0.0%        -     0.0%    0.049 (0.048 / 0.050) /  0.082      0    0        0      0
           posted by halow/hard:200 halow/viterbi:200
    5.05     0.0%        -     0.0%    0.050 (0.049 / 0.051) /  0.099      0    0        0      0
           posted by halow/hard:200 halow/viterbi:200
    5.04     0.0%        -     0.0%    0.050 (0.048 / 0.051) /  0.080      0    0        0      0
           posted by halow/hard:200 halow/viterbi:200
    5.03     0.0%        -     0.0%    0.049 (0.048 / 0.050) /  0.080      0    0        0      0
           posted by halow/hard:200 halow/viterbi:200
    5.02     0.0%        -     0.0%    0.050 (0.049 / 0.051) /  0.082      0    0        0      0
           posted by halow/hard:200 halow/viterbi:200
    5.01     0.0%        -     0.0%    0.050 (0.048 / 0.051) /  0.275      0    0        0      0
           posted by halow/hard:200 halow/viterbi:200
    5.00     0.0%        -     0.0%    0.050 (0.049 / 0.051) /  0.086      0    0        0      0
           posted by halow/hard:200 halow/viterbi:200
    4.99     0.0%        -     0.0%    0.050 (0.048 / 0.051) /  0.083      0    0        0      0
           posted by halow/hard:200 halow/viterbi:200
    4.98     0.0%        -     0.0%    0.051 (0.050 / 0.052) /  0.090      0    0        0      0
           posted by halow/hard:200 halow/viterbi:200
    4.97     0.0%        -     0.0%    0.050 (0.049 / 0.051) /  0.123      0    0        0      0
           posted by halow/hard:200 halow/viterbi:200
    4.96     0.0%        -     0.0%    0.049 (0.048 / 0.051) /  0.086      0    0        0      0
           posted by halow/hard:200 halow/viterbi:200
    4.95     0.0%        -     0.0%    0.050 (0.049 / 0.051) /  0.093      0    0        0      0
           posted by halow/hard:200 halow/viterbi:200
    4.94     0.0%        -     0.0%    0.051 (0.050 / 0.052) /  0.178      0    0        0      0
           posted by halow/hard:200 halow/viterbi:200
    4.93     0.0%        -     0.0%    0.050 (0.048 / 0.051) /  0.099      0    0        0      0
           posted by halow/hard:200 halow/viterbi:200
    4.92     0.0%        -     0.0%    0.050 (0.049 / 0.051) /  0.106      0    0        0      0
           posted by halow/hard:200 halow/viterbi:200
    4.91     0.0%        -     0.0%    0.051 (0.049 / 0.052) /  0.116      0    0        0      0
           posted by halow/hard:200 halow/viterbi:200
    4.90     0.0%        -     0.0%    0.050 (0.050 / 0.051) /  0.079      0    0        0      0
           posted by halow/hard:200 halow/viterbi:200
    4.89     0.0%        -     0.0%    0.050 (0.049 / 0.051) /  0.098      0    0        0      0
           posted by halow/hard:200 halow/viterbi:200
    4.88     0.0%        -     0.0%    0.049 (0.048 / 0.050) /  0.111      0    0        0      0
           posted by halow/hard:200 halow/viterbi:200
    4.87     0.0%        -     0.0%    0.050 (0.048 / 0.050) /  0.082      0    0        0    256
           posted by halow/hard:200 halow/viterbi:200
    4.86     0.0%        -     0.0%    0.050 (0.050 / 0.050) /  0.264      0    0        0      0
           posted by halow/hard:200 halow/viterbi:200
    4.85     0.0%        -     0.0%    0.050 (0.049 / 0.051) /  0.087      0    0        0      0
           posted by halow/hard:200 halow/viterbi:200
    4.84     0.0%        -     0.0%    0.049 (0.048 / 0.051) /  0.279      0    0        0      0
           posted by halow/hard:200 halow/viterbi:200
    4.83     0.0%        -     0.0%    0.049 (0.048 / 0.051) /  0.073      0    0        0      0
           posted by halow/hard:200 halow/viterbi:200
    4.82     0.0%        -     0.0%    0.050 (0.049 / 0.051) /  0.263      0    0        0      0
           posted by halow/hard:200 halow/viterbi:200
    4.81     0.0%        -     0.0%    0.049 (0.048 / 0.050) /  0.094      0    0        0      0
           posted by halow/hard:200 halow/viterbi:200
    4.80     0.0%        -     0.0%    0.050 (0.049 / 0.051) /  0.085      0    0        0      0
           posted by halow/hard:200 halow/viterbi:200
    4.79     0.0%        -     0.0%    0.050 (0.048 / 0.051) /  0.097      0    0        0      0
           posted by halow/hard:200 halow/viterbi:200
    4.78     0.0%        -     0.0%    0.050 (0.049 / 0.050) /  0.078      0    0        0      0
           posted by halow/hard:200 halow/viterbi:200
    4.77     0.0%        -     0.0%    0.050 (0.049 / 0.051) /  0.262      0    0        0      0
           posted by halow/hard:200 halow/viterbi:200
    4.76     0.0%        -     0.0%    0.049 (0.048 / 0.049) /  0.081      0    0        0      0
           posted by halow/hard:200 halow/viterbi:200
    4.75     0.0%        -     0.0%    0.049 (0.047 / 0.050) /  0.076      0    0        0      0
           posted by halow/hard:200 halow/viterbi:200
    4.74     0.0%        -     0.0%    0.050 (0.049 / 0.051) /  0.083      0    0        0      0
           posted by halow/hard:200 halow/viterbi:200
    4.73     0.0%        -     0.0%    0.050 (0.049 / 0.052) /  0.080      0    0        0      0
           posted by halow/hard:200 halow/viterbi:200
    4.72     0.0%        -     0.0%    0.049 (0.048 / 0.051) /  0.092      0    0        0      0
           posted by halow/hard:200 halow/viterbi:200
    4.71     0.0%        -     0.0%    0.049 (0.048 / 0.051) /  0.086      0    0        0      0
           posted by halow/hard:200 halow/viterbi:200
    4.70     0.0%        -     0.0%    0.049 (0.048 / 0.050) /  0.090      0    0        0      0
           posted by halow/hard:200 halow/viterbi:200
    4.69     0.0%        -     0.0%    0.049 (0.048 / 0.051) /  0.256      0    0        0      0
           posted by halow/hard:200 halow/viterbi:200
    4.68     0.0%        -     0.0%    0.049 (0.048 / 0.051) /  0.142      0    0        0      0
           posted by halow/hard:200 halow/viterbi:200
    4.67     0.0%        -     0.0%    0.050 (0.049 / 0.051) /  0.080      0    0        0      0
           posted by halow/hard:200 halow/viterbi:200
    4.66     0.0%        -     0.0%    0.049 (0.048 / 0.051) /  0.096      0    0        0      0
           posted by halow/hard:200 halow/viterbi:200
    4.65     0.0%        -     0.0%    0.050 (0.049 / 0.051) /  0.083      0    0        0      0
           posted by halow/hard:200 halow/viterbi:200
    4.64     0.0%        -     0.0%    0.049 (0.048 / 0.050) /  0.078      0    0        0      0
           posted by halow/hard:200 halow/viterbi:200
    4.63     0.0%        -     0.0%    0.049 (0.048 / 0.050) /  0.260      0    0        0      0
           posted by halow/hard:200 halow/viterbi:200
    4.62     0.0%        -     0.0%    0.050 (0.049 / 0.051) /  0.081      0    0        0      0
           posted by halow/hard:200 halow/viterbi:200
    4.61     0.0%        -     0.0%    0.050 (0.048 / 0.051) /  0.257      0    0        0      0
           posted by halow/hard:200 halow/viterbi:200
    4.60     0.0%        -     0.0%    0.050 (0.048 / 0.051) /  0.111      0    0        0      0
           posted by halow/hard:200 halow/viterbi:200
    4.59     0.0%        -     0.0%    0.050 (0.048 / 0.051) /  0.112      0    0        0      0
           posted by halow/hard:200 halow/viterbi:200
    4.58     0.0%        -     0.0%    0.049 (0.048 / 0.051) /  0.092      0    0        0      0
           posted by halow/hard:200 halow/viterbi:200
    4.57     0.0%        -     0.0%    0.049 (0.048 / 0.050) /  0.087      0    0        0      0
           posted by halow/hard:200 halow/viterbi:200
    4.56     0.0%        -     0.0%    0.050 (0.049 / 0.051) /  0.271      0    0        0      0
           posted by halow/hard:200 halow/viterbi:200
    4.55     0.0%        -     0.0%    0.049 (0.047 / 0.051) /  0.078      0    0        0      0
           posted by halow/hard:200 halow/viterbi:200
    4.54     0.0%        -     0.0%    0.050 (0.049 / 0.051) /  0.109      0    0        0      0
           posted by halow/hard:200 halow/viterbi:200
    4.53     0.0%        -     0.0%    0.050 (0.048 / 0.051) /  0.105      0    0        0    256
           posted by halow/hard:200 halow/viterbi:200
    4.52     0.0%        -     0.0%    0.050 (0.048 / 0.051) /  0.090      0    0        0      0
           posted by halow/hard:200 halow/viterbi:200
    4.51     0.0%        -     0.0%    0.050 (0.048 / 0.052) /  0.072      0    0        0      0
           posted by halow/hard:200 halow/viterbi:200
    4.50     0.0%        -     0.0%    0.050 (0.049 / 0.051) /  0.278      0    0        0      0
           posted by halow/hard:200 halow/viterbi:200
    4.49     0.0%        -     0.0%    0.050 (0.048 / 0.051) /  0.265      0    0        0      0
           posted by halow/hard:200 halow/viterbi:200
    4.48     0.0%        -     0.0%    0.050 (0.048 / 0.051) /  0.104      0    0        0      0
           posted by halow/hard:200 halow/viterbi:200
    4.47     0.0%        -     0.0%    0.050 (0.048 / 0.051) /  0.087      0    0        0      0
           posted by halow/hard:200 halow/viterbi:200
    4.46     0.0%        -     0.0%    0.050 (0.048 / 0.051) /  0.101      0    0        0      0
           posted by halow/hard:200 halow/viterbi:200
    4.45     0.0%        -     0.0%    0.050 (0.049 / 0.051) /  0.109      0    0        0      0
           posted by halow/hard:200 halow/viterbi:200
    4.44     0.0%        -     0.0%    0.049 (0.048 / 0.050) /  0.092      0    0        0      0
           posted by halow/hard:200 halow/viterbi:200
    4.43     0.0%        -     0.0%    0.050 (0.048 / 0.051) /  0.144      0    0        0      0
           posted by halow/hard:200 halow/viterbi:200
    4.42     0.0%        -     0.0%    0.049 (0.048 / 0.050) /  0.118      0    0        0      0
           posted by halow/hard:200 halow/viterbi:200
    4.41     0.0%        -     0.0%    0.050 (0.048 / 0.051) /  0.285      0    0        0      0
           posted by halow/hard:200 halow/viterbi:200
    4.40     0.0%        -     0.0%    0.050 (0.048 / 0.051) /  0.088      0    0        0      0
           posted by halow/hard:200 halow/viterbi:200
    4.39     0.0%        -     0.0%    0.050 (0.049 / 0.051) /  0.265      0    0        0      0
           posted by halow/hard:200 halow/viterbi:200
    4.38     0.0%        -     0.0%    0.049 (0.048 / 0.050) /  0.080      0    0        0      0
           posted by halow/hard:200 halow/viterbi:200
    4.37     0.0%        -     0.0%    0.050 (0.049 / 0.051) /  0.262      0    0        0      0
           posted by halow/hard:200 halow/viterbi:200
    4.36     0.0%        -     0.0%    0.049 (0.048 / 0.050) /  0.091      0    0        0      0
           posted by halow/hard:200 halow/viterbi:200
    4.35     0.0%        -     0.0%    0.050 (0.048 / 0.051) /  0.270      0    0        0      0
           posted by halow/hard:200 halow/viterbi:200
    4.34     0.0%        -     0.0%    0.049 (0.047 / 0.051) /  0.075      0    0        0      0
           posted by halow/hard:200 halow/viterbi:200
    4.33     0.0%        -     0.0%    0.048 (0.047 / 0.050) /  0.109      0    0        0      0
           posted by halow/hard:200 halow/viterbi:200
    4.32     0.0%        -     0.0%    0.050 (0.048 / 0.051) /  0.102      0    0        0      0
           posted by halow/hard:200 halow/viterbi:200
    4.31     0.0%        -     0.0%    0.049 (0.048 / 0.051) /  0.079      0    0        0      0
           posted by halow/hard:200 halow/viterbi:200
    4.30     0.0%        -     0.0%    0.049 (0.048 / 0.050) /  0.095      0    0        0      0
           posted by halow/hard:200 halow/viterbi:200
    4.29     0.0%        -     0.0%    0.049 (0.048 / 0.050) /  0.085      0    0        0    256
           posted by halow/hard:200 halow/viterbi:200
    4.28     0.0%        -     0.0%    0.049 (0.048 / 0.050) /  0.091      0    0        0    256
           posted by halow/hard:200 halow/viterbi:200
    4.27     0.0%        -     0.0%    0.048 (0.047 / 0.049) /  0.256      0    0        0      0
           posted by halow/hard:200 halow/viterbi:200
    4.26     0.0%        -     0.0%    0.050 (0.049 / 0.050) /  0.082      0    0        0      0
           posted by halow/hard:200 halow/viterbi:200
    4.25     0.0%        -     0.0%    0.050 (0.048 / 0.051) /  0.088      0    0        0      0
           posted by halow/hard:200 halow/viterbi:200
    4.24     0.0%        -     0.0%    0.050 (0.049 / 0.052) /  0.253      0    0        0      0
           posted by halow/hard:200 halow/viterbi:200
    4.23     0.0%        -     0.0%    0.050 (0.048 / 0.051) /  0.072      0    0        0      0
           posted by halow/hard:200 halow/viterbi:200
    4.22     0.0%        -     0.0%    0.050 (0.048 / 0.051) /  0.095      0    0        0      0
           posted by halow/hard:200 halow/viterbi:200
    4.21     0.0%        -     0.0%    0.050 (0.048 / 0.051) /  0.260      0    0        0    256
           posted by halow/hard:200 halow/viterbi:200
    4.20     0.0%        -     0.0%    0.050 (0.048 / 0.050) /  0.092      0    0        0      0
           posted by halow/hard:200 halow/viterbi:200
    4.19     0.0%        -     0.0%    0.049 (0.048 / 0.050) /  0.084      0    0        0      0
           posted by halow/hard:200 halow/viterbi:200
    4.18     0.0%        -     0.0%    0.049 (0.048 / 0.050) /  0.084      0    0        0      0
           posted by halow/hard:200 halow/viterbi:200
    4.17     0.0%        -     0.0%    0.049 (0.048 / 0.050) /  0.097      0    0        0      0
           posted by halow/hard:200 halow/viterbi:200
    4.16     0.0%        -     0.0%    0.050 (0.049 / 0.051) /  0.098      0    0        0      0
           posted by halow/hard:200 halow/viterbi:200
    4.15     0.0%        -     0.0%    0.050 (0.049 / 0.051) /  0.267      0    0        0      0
           posted by halow/hard:200 halow/viterbi:200
    4.14     0.0%        -     0.0%    0.050 (0.048 / 0.051) /  0.083      0    0        0      0
           posted by halow/hard:200 halow/viterbi:200
    4.13     0.0%        -     0.0%    0.049 (0.048 / 0.050) /  0.091      0    0        0      0
           posted by halow/hard:200 halow/viterbi:200
    4.12     0.0%        -     0.0%    0.049 (0.047 / 0.051) /  0.073      0    0        0      0
           posted by halow/hard:200 halow/viterbi:200
    4.11     0.0%        -     0.0%    0.050 (0.048 / 0.051) /  0.087      0    0        0      0
           posted by halow/hard:200 halow/viterbi:200
    4.10     0.0%        -     0.0%    0.049 (0.048 / 0.051) /  0.081      0    0        0      0
           posted by halow/hard:200 halow/viterbi:200
    4.09     0.0%        -     0.0%    0.049 (0.048 / 0.050) /  0.084      0    0        0      0
           posted by halow/hard:200 halow/viterbi:200
    4.08     0.0%        -     0.0%    0.049 (0.047 / 0.050) /  0.075      0    0        0      0
           posted by halow/hard:200 halow/viterbi:200
    4.07     0.0%        -     0.0%    0.049 (0.048 / 0.050) /  0.263      0    0        0      0
           posted by halow/hard:200 halow/viterbi:200
    4.06     0.0%        -     0.0%    0.049 (0.048 / 0.050) /  0.105      0    0        0      0
           posted by halow/hard:200 halow/viterbi:200
    4.05     0.0%        -     0.0%    0.049 (0.048 / 0.050) /  0.083      0    0        0      0
           posted by halow/hard:200 halow/viterbi:200
    4.04     0.0%        -     0.0%    0.049 (0.048 / 0.050) /  0.087      0    0        0      0
           posted by halow/hard:200 halow/viterbi:200
    4.03     0.0%        -     0.0%    0.048 (0.047 / 0.050) /  0.092      0    0        0      0
           posted by halow/hard:200 halow/viterbi:200
    4.02     0.0%        -     0.0%    0.050 (0.049 / 0.051) /  0.091      0    0        0      0
           posted by halow/hard:200 halow/viterbi:200
    4.01     0.0%        -     0.0%    0.049 (0.048 / 0.049) /  0.093      0    0        0      0
           posted by halow/hard:200 halow/viterbi:200
    4.00     0.0%        -     0.0%    0.049 (0.048 / 0.051) /  0.123      0    0        0      0
           posted by halow/hard:200 halow/viterbi:200
    3.99     0.0%        -     0.0%    0.049 (0.048 / 0.050) /  0.092      0    0        0      0
           posted by halow/hard:200 halow/viterbi:200
    3.98     0.0%        -     0.0%    0.049 (0.048 / 0.050) /  0.111      0    0        0      0
           posted by halow/hard:200 halow/viterbi:200
    3.97     0.0%        -     0.0%    0.050 (0.049 / 0.051) /  0.083      0    0        0      0
           posted by halow/hard:200 halow/viterbi:200
    3.96     0.0%        -     0.0%    0.049 (0.048 / 0.050) /  0.085      0    0        0      0
           posted by halow/hard:200 halow/viterbi:200
    3.95     0.0%        -     0.0%    0.050 (0.048 / 0.051) /  0.081      0    0        0      0
           posted by halow/hard:200 halow/viterbi:200
    3.94     0.0%        -     0.0%    0.050 (0.049 / 0.050) /  0.081      0    0        0      0
           posted by halow/hard:200 halow/viterbi:200
    3.93     0.0%        -     0.0%    0.050 (0.049 / 0.052) /  0.110      0    0        0      0
           posted by halow/hard:200 halow/viterbi:200
    3.92     0.0%        -     0.0%    0.050 (0.049 / 0.051) /  0.089      0    0        0    256
           posted by halow/hard:200 halow/viterbi:200
    3.91     0.0%        -     0.0%    0.049 (0.047 / 0.050) /  0.108      0    0        0      0
           posted by halow/hard:200 halow/viterbi:200
    3.90     0.0%        -     0.0%    0.050 (0.048 / 0.051) /  0.099      0    0        0      0
           posted by halow/hard:200 halow/viterbi:200
    3.89     0.0%        -     0.0%    0.050 (0.049 / 0.051) /  0.093      0    0        0      0
           posted by halow/hard:200 halow/viterbi:200
    3.88     0.0%        -     0.0%    0.050 (0.048 / 0.051) /  0.086      0    0        0      0
           posted by halow/hard:200 halow/viterbi:200
    3.87     0.0%        -     0.0%    0.050 (0.049 / 0.051) /  0.117      0    0        0      0
           posted by halow/hard:200 halow/viterbi:200
    3.86     0.0%        -     0.0%    0.050 (0.049 / 0.051) /  0.092      0    0        0      0
           posted by halow/hard:200 halow/viterbi:200
    3.85     0.0%        -     0.0%    0.049 (0.048 / 0.051) /  0.094      0    0        0      0
           posted by halow/hard:200 halow/viterbi:200
    3.84     0.0%        -     0.0%    0.050 (0.047 / 0.050) /  0.102      0    0        0      0
           posted by halow/hard:200 halow/viterbi:200
    3.83     0.0%        -     0.0%    0.051 (0.050 / 0.052) /  0.105      0    0        0      0
           posted by halow/hard:200 halow/viterbi:200
    3.82     0.0%        -     0.0%    0.050 (0.048 / 0.051) /  0.100      0    0        0      0
           posted by halow/hard:200 halow/viterbi:200
    3.81     0.0%        -     0.0%    0.050 (0.049 / 0.051) /  0.115      0    0        0      0
           posted by halow/hard:200 halow/viterbi:200
    3.80     0.0%        -     0.0%    0.049 (0.047 / 0.051) /  0.108      0    0        0      0
           posted by halow/hard:200 halow/viterbi:200
    3.79     0.0%        -     0.0%    0.050 (0.047 / 0.051) /  0.095      0    0        0      0
           posted by halow/hard:200 halow/viterbi:200
    3.78     0.0%        -     0.0%    0.050 (0.048 / 0.050) /  0.087      0    0        0      0
           posted by halow/hard:200 halow/viterbi:200
    3.77     0.0%        -     0.0%    0.050 (0.048 / 0.050) /  0.310      0    0        0      0
           posted by halow/hard:200 halow/viterbi:200
    3.76     0.0%        -     0.0%    0.050 (0.049 / 0.052) /  0.098      0    0        0      0
           posted by halow/hard:200 halow/viterbi:200
    3.75     0.0%        -     0.0%    0.051 (0.051 / 0.052) /  0.263      0    0        0      0
           posted by halow/hard:200 halow/viterbi:200
    3.74     0.0%        -     0.0%    0.050 (0.048 / 0.051) /  0.097      0    0        0      0
           posted by halow/hard:200 halow/viterbi:200
    3.73     0.0%        -     0.0%    0.049 (0.048 / 0.050) /  0.110      0    0        0      0
           posted by halow/hard:200 halow/viterbi:200
    3.72     0.0%        -     0.0%    0.049 (0.048 / 0.050) /  0.103      0    0        0      0
           posted by halow/hard:200 halow/viterbi:200
    3.71     0.0%        -     0.0%    0.051 (0.049 / 0.052) /  0.107      0    0        0      0
           posted by halow/hard:200 halow/viterbi:200
    3.70     0.0%        -     0.0%    0.050 (0.048 / 0.051) /  0.100      0    0        0      0
           posted by halow/hard:200 halow/viterbi:200
    3.69     0.0%        -     0.0%    0.051 (0.050 / 0.052) /  0.264      0    0        0    256
           posted by halow/hard:200 halow/viterbi:200
    3.68     0.0%        -     0.0%    0.052 (0.050 / 0.053) /  0.110      0    0        0      0
           posted by halow/hard:200 halow/viterbi:200
    3.67     0.0%        -     0.0%    0.050 (0.048 / 0.051) /  0.112      0    0        0      0
           posted by halow/hard:200 halow/viterbi:200
    3.66     0.0%        -     0.0%    0.050 (0.049 / 0.052) /  0.108      0    0        0      0
           posted by halow/hard:200 halow/viterbi:200
    3.65     0.0%        -     0.0%    0.050 (0.049 / 0.051) /  0.108      0    0        0      0
           posted by halow/hard:200 halow/viterbi:200
    3.64     0.0%        -     0.0%    0.051 (0.050 / 0.052) /  0.105      0    0        0      0
           posted by halow/hard:200 halow/viterbi:200
    3.63     0.0%        -     0.0%    0.049 (0.048 / 0.051) /  0.112      0    0        0      0
           posted by halow/hard:200 halow/viterbi:200
    3.62     0.0%        -     0.0%    0.050 (0.049 / 0.051) /  0.122      0    0        0      0
           posted by halow/hard:200 halow/viterbi:200
    3.61     0.0%        -     0.0%    0.049 (0.048 / 0.050) /  0.096      0    0        0      0
           posted by halow/hard:200 halow/viterbi:200
    3.60     0.0%        -     0.0%    0.050 (0.049 / 0.051) /  0.101      0    0        0      0
           posted by halow/hard:200 halow/viterbi:200
    3.59     0.0%        -     0.0%    0.050 (0.049 / 0.052) /  0.138      0    0        0      0
           posted by halow/hard:200 halow/viterbi:200
    3.58     0.0%        -     0.0%    0.050 (0.048 / 0.052) /  0.103      0    0        0      0
           posted by halow/hard:200 halow/viterbi:200
    3.57     0.0%        -     0.0%    0.050 (0.050 / 0.051) /  0.132      0    0        0      0
           posted by halow/hard:200 halow/viterbi:200
    3.56     0.0%        -     0.0%    0.049 (0.048 / 0.051) /  0.104      0    0        0      0
           posted by halow/hard:200 halow/viterbi:200
    3.55     0.0%        -     0.0%    0.050 (0.049 / 0.051) /  0.105      0    0        0      0
           posted by halow/hard:200 halow/viterbi:200
    3.54     0.0%        -     0.0%    0.049 (0.047 / 0.050) /  0.256      0    0        0      0
           posted by halow/hard:200 halow/viterbi:200
    3.53     0.0%        -     0.0%    0.050 (0.049 / 0.050) /  0.086      0    0        0      0
           posted by halow/hard:200 halow/viterbi:200
    3.52     0.0%        -     0.0%    0.049 (0.048 / 0.050) /  0.083      0    0        0      0
           posted by halow/hard:200 halow/viterbi:200
    3.51     0.0%        -     0.0%    0.049 (0.047 / 0.050) /  0.080      0    0        0      0
           posted by halow/hard:200 halow/viterbi:200
    3.50     0.0%        -     0.0%    0.048 (0.047 / 0.050) /  0.102      0    0        0      0
           posted by halow/hard:200 halow/viterbi:200
    3.49     0.0%        -     0.0%    0.049 (0.048 / 0.050) /  0.090      0    0        0      0
           posted by halow/hard:200 halow/viterbi:200
    3.48     0.0%        -     0.0%    0.048 (0.047 / 0.049) /  0.103      0    0        0      0
           posted by halow/hard:200 halow/viterbi:200
    3.47     0.0%        -     0.0%    0.050 (0.048 / 0.051) /  0.088      0    0        0      0
           posted by halow/hard:200 halow/viterbi:200
    3.46     0.0%        -     0.0%    0.049 (0.048 / 0.050) /  0.099      0    0        0      0
           posted by halow/hard:200 halow/viterbi:200
    3.45     0.0%        -     0.0%    0.049 (0.048 / 0.050) /  0.260      0    0        0      0
           posted by halow/hard:200 halow/viterbi:200
    3.44     0.0%        -     0.0%    0.049 (0.048 / 0.050) /  0.113      0    0        0      0
           posted by halow/hard:200 halow/viterbi:200
    3.43     0.0%        -     0.0%    0.049 (0.048 / 0.050) /  0.257      0    0        0      0
           posted by halow/hard:200 halow/viterbi:200
    3.42     0.0%        -     0.0%    0.050 (0.048 / 0.051) /  0.294      0    0        0      0
           posted by halow/hard:200 halow/viterbi:200
    3.41     0.0%        -     0.0%    0.049 (0.048 / 0.051) /  0.105      0    0        0      0
           posted by halow/hard:200 halow/viterbi:200
    3.40     0.0%        -     0.0%    0.049 (0.047 / 0.050) /  0.103      0    0        0      0
           posted by halow/hard:200 halow/viterbi:200
    3.39     0.0%        -     0.0%    0.050 (0.048 / 0.052) /  0.112      0    0        0      0
           posted by halow/hard:200 halow/viterbi:200
    3.38     0.0%        -     0.0%    0.049 (0.049 / 0.050) /  0.105      0    0        0      0
           posted by halow/hard:200 halow/viterbi:200
    3.37     0.0%        -     0.0%    0.049 (0.048 / 0.050) /  0.102      0    0        0      0
           posted by halow/hard:200 halow/viterbi:200
    3.36     0.0%        -     0.0%    0.049 (0.047 / 0.050) /  0.099      0    0        0      0
           posted by halow/hard:200 halow/viterbi:200
    3.35     0.0%        -     0.0%    0.049 (0.049 / 0.050) /  0.112      0    0        0      0
           posted by halow/hard:200 halow/viterbi:200
    3.34     0.0%        -     0.0%    0.049 (0.049 / 0.050) /  0.101      0    0        0      0
           posted by halow/hard:200 halow/viterbi:200
    3.33     0.0%        -     0.0%    0.050 (0.049 / 0.050) /  0.115      0    0        0      0
           posted by halow/hard:200 halow/viterbi:200
    3.32     0.0%        -     0.0%    0.049 (0.048 / 0.049) /  0.256      0    0        0      0
           posted by halow/hard:200 halow/viterbi:200
    3.31     0.0%        -     0.0%    0.049 (0.048 / 0.050) /  0.097      0    0        0      0
           posted by halow/hard:200 halow/viterbi:200
    3.30     0.0%        -     0.0%    0.049 (0.048 / 0.050) /  0.097      0    0        0      0
           posted by halow/hard:200 halow/viterbi:200
    3.29     0.0%        -     0.0%    0.050 (0.050 / 0.051) /  0.098      0    0        0      0
           posted by halow/hard:200 halow/viterbi:200
    3.28     0.0%        -     0.0%    0.049 (0.048 / 0.050) /  0.089      0    0        0      0
           posted by halow/hard:200 halow/viterbi:200
    3.27     0.0%        -     0.0%    0.049 (0.048 / 0.050) /  0.080      0    0        0      0
           posted by halow/hard:200 halow/viterbi:200
    3.26     0.0%        -     0.0%    0.049 (0.049 / 0.051) /  0.096      0    0        0      0
           posted by halow/hard:200 halow/viterbi:200
    3.25     0.0%        -     0.0%    0.049 (0.048 / 0.050) /  0.113      0    0        0      0
           posted by halow/hard:200 halow/viterbi:200
    3.24     0.0%        -     0.0%    0.050 (0.049 / 0.051) /  0.257      0    0        0    256
           posted by halow/hard:200 halow/viterbi:200
    3.23     0.0%        -     0.0%    0.049 (0.048 / 0.050) /  0.091      0    0        0      0
           posted by halow/hard:200 halow/viterbi:200
    3.22     0.0%        -     0.0%    0.049 (0.048 / 0.050) /  0.085      0    0        0      0
           posted by halow/hard:200 halow/viterbi:200
    3.21     0.0%        -     0.0%    0.050 (0.049 / 0.050) /  0.268      0    0        0      0
           posted by halow/hard:200 halow/viterbi:200
    3.20     0.0%        -     0.0%    0.049 (0.048 / 0.050) /  0.093      0    0        0      0
           posted by halow/hard:200 halow/viterbi:200
    3.19     0.0%        -     0.0%    0.048 (0.047 / 0.049) /  0.098      0    0        0      0
           posted by halow/hard:200 halow/viterbi:200
    3.18     0.0%        -     0.0%    0.049 (0.048 / 0.050) /  0.111      0    0        0      0
           posted by halow/hard:200 halow/viterbi:200
    3.17     0.0%        -     0.0%    0.049 (0.048 / 0.050) /  0.094      0    0        0      0
           posted by halow/hard:200 halow/viterbi:200
    3.16     0.0%        -     0.0%    0.049 (0.047 / 0.050) /  0.257      0    0        0      0
           posted by halow/hard:200 halow/viterbi:200
    3.15     0.0%        -     0.0%    0.050 (0.047 / 0.051) /  0.086      0    0        0      0
           posted by halow/hard:200 halow/viterbi:200
    3.14     0.0%        -     0.0%    0.049 (0.048 / 0.051) /  0.117      0    0        0      0
           posted by halow/hard:200 halow/viterbi:200
    3.13     0.0%        -     0.0%    0.049 (0.048 / 0.051) /  0.087      0    0        0      0
           posted by halow/hard:200 halow/viterbi:200
    3.12     0.0%        -     0.0%    0.048 (0.047 / 0.049) /  0.255      0    0        0      0
           posted by halow/hard:200 halow/viterbi:200
    3.11     0.0%        -     0.0%    0.049 (0.047 / 0.050) /  0.093      0    0        0      0
           posted by halow/hard:200 halow/viterbi:200
    3.10     0.0%        -     0.0%    0.048 (0.047 / 0.049) /  0.089      0    0        0      0
           posted by halow/hard:200 halow/viterbi:200
    3.09     0.0%        -     0.0%    0.050 (0.048 / 0.051) /  0.083      0    0        0      0
           posted by halow/hard:200 halow/viterbi:200
    3.08     0.0%        -     0.0%    0.049 (0.048 / 0.050) /  0.288      0    0        0      0
           posted by halow/hard:200 halow/viterbi:200
    3.07     0.0%        -     0.0%    0.051 (0.048 / 0.053) /  0.110      0    0        0      0
           posted by halow/hard:200 halow/viterbi:200
    3.06     0.0%        -     0.0%    0.049 (0.048 / 0.051) /  0.461      0    0        0      0
           posted by halow/hard:200 halow/viterbi:200
    3.05     0.0%        -     0.0%    0.049 (0.048 / 0.051) /  0.094      0    0        0      0
           posted by halow/hard:200 halow/viterbi:200
    3.04     0.0%        -     0.0%    0.049 (0.047 / 0.051) /  0.101      0    0        0      0
           posted by halow/hard:200 halow/viterbi:200
    3.03     0.0%        -     0.0%    0.049 (0.048 / 0.050) /  0.086      0    0        0      0
           posted by halow/hard:200 halow/viterbi:200
    3.02     0.0%        -     0.0%    0.050 (0.049 / 0.051) /  0.084      0    0        0      0
           posted by halow/hard:200 halow/viterbi:200
    3.01     0.0%        -     0.0%    0.049 (0.048 / 0.049) /  0.101      0    0        0      0
           posted by halow/hard:200 halow/viterbi:200
    3.00     0.0%        -     0.0%    0.049 (0.048 / 0.050) /  0.084      0    0        0      0
           posted by halow/hard:200 halow/viterbi:200
    2.99     0.0%        -     0.0%    0.049 (0.048 / 0.050) /  0.263      0    0        0      0
           posted by halow/hard:200 halow/viterbi:200
    2.98     0.0%        -     0.0%    0.049 (0.048 / 0.051) /  0.113      0    0        0      0
           posted by halow/hard:200 halow/viterbi:200
    2.97     0.0%        -     0.0%    0.050 (0.049 / 0.052) /  0.109      0    0        0      0
           posted by halow/hard:200 halow/viterbi:200
    2.96     0.0%        -     0.0%    0.049 (0.048 / 0.050) /  0.107      0    0        0      0
           posted by halow/hard:200 halow/viterbi:200
    2.95     0.0%        -     0.0%    0.048 (0.047 / 0.050) /  0.103      0    0        0      0
           posted by halow/hard:200 halow/viterbi:200
    2.94     0.0%        -     0.0%    0.049 (0.048 / 0.049) /  0.264      0    0        0      0
           posted by halow/hard:200 halow/viterbi:200
    2.93     0.0%        -     0.0%    0.049 (0.047 / 0.050) /  0.088      0    0        0      0
           posted by halow/hard:200 halow/viterbi:200
    2.92     0.0%        -     0.0%    0.049 (0.048 / 0.050) /  0.260      0    0        0      0
           posted by halow/hard:200 halow/viterbi:200
    2.91     0.0%        -     0.0%    0.050 (0.048 / 0.051) /  0.111      0    0        0      0
           posted by halow/hard:200 halow/viterbi:200
    2.90     0.0%        -     0.0%    0.049 (0.047 / 0.049) /  0.101      0    0        0      0
           posted by halow/hard:200 halow/viterbi:200
    2.89     0.0%        -     0.0%    0.050 (0.048 / 0.051) /  0.266      0    0        0      0
           posted by halow/hard:200 halow/viterbi:200
    2.88     0.0%        -     0.0%    0.049 (0.048 / 0.050) /  0.101      0    0        0      0
           posted by halow/hard:200 halow/viterbi:200
    2.87     0.0%        -     0.0%    0.049 (0.047 / 0.050) /  0.081      0    0        0      0
           posted by halow/hard:200 halow/viterbi:200
    2.86     0.0%        -     0.0%    0.048 (0.047 / 0.049) /  0.108      0    0        0      0
           posted by halow/hard:200 halow/viterbi:200
    2.85     0.0%        -     0.0%    0.049 (0.048 / 0.050) /  0.091      0    0        0      0
           posted by halow/hard:200 halow/viterbi:200
    2.84     0.0%        -     0.0%    0.048 (0.047 / 0.049) /  0.088      0    0        0      0
           posted by halow/hard:200 halow/viterbi:200
    2.83     0.0%        -     0.0%    0.048 (0.047 / 0.050) /  0.089      0    0        0      0
           posted by halow/hard:200 halow/viterbi:200
    2.82     0.0%        -     0.0%    0.049 (0.048 / 0.049) /  0.090      0    0        0      0
           posted by halow/hard:200 halow/viterbi:200
    2.81     0.0%        -     0.0%    0.048 (0.048 / 0.049) /  0.113      0    0        0      0
           posted by halow/hard:200 halow/viterbi:200
    2.80     0.0%        -     0.0%    0.049 (0.048 / 0.050) /  0.074      0    0        0      0
           posted by halow/hard:200 halow/viterbi:200
    2.79     0.0%        -     0.0%    0.049 (0.047 / 0.050) /  0.091      0    0        0      0
           posted by halow/hard:200 halow/viterbi:200
    2.78     0.0%        -     0.0%    0.048 (0.047 / 0.050) /  0.078      0    0        0      0
           posted by halow/hard:200 halow/viterbi:200
    2.77     0.0%        -     0.0%    0.048 (0.047 / 0.050) /  0.102      0    0        0      0
           posted by halow/hard:200 halow/viterbi:200
    2.76     0.0%        -     0.0%    0.048 (0.047 / 0.049) /  0.093      0    0        0      0
           posted by halow/hard:200 halow/viterbi:200
    2.75     0.0%        -     0.0%    0.048 (0.047 / 0.049) /  0.087      0    0        0      0
           posted by halow/hard:200 halow/viterbi:200
    2.74     0.0%        -     0.0%    0.049 (0.048 / 0.049) /  0.259      0    0        0      0
           posted by halow/hard:200 halow/viterbi:200
    2.73     0.0%        -     0.0%    0.049 (0.049 / 0.050) /  0.088      0    0        0      0
           posted by halow/hard:200 halow/viterbi:200
    2.72     0.0%        -     0.0%    0.049 (0.047 / 0.050) /  0.265      0    0        0      0
           posted by halow/hard:200 halow/viterbi:200
    2.71     0.0%        -     0.0%    0.049 (0.046 / 0.050) /  0.279      0    0        0      0
           posted by halow/hard:200 halow/viterbi:200
    2.70     0.0%        -     0.0%    0.049 (0.047 / 0.050) /  0.080      0    0        0      0
           posted by halow/hard:200 halow/viterbi:200
    2.69     0.0%        -     0.0%    0.048 (0.047 / 0.049) /  0.104      0    0        0      0
           posted by halow/hard:200 halow/viterbi:200
    2.68     0.0%        -     0.0%    0.050 (0.048 / 0.051) /  0.083      0    0        0      0
           posted by halow/hard:200 halow/viterbi:200
    2.67     0.0%        -     0.0%    0.049 (0.047 / 0.050) /  0.092      0    0        0      0
           posted by halow/hard:200 halow/viterbi:200
    2.66     0.0%        -     0.0%    0.048 (0.047 / 0.049) /  0.105      0    0        0    256
           posted by halow/hard:200 halow/viterbi:200
    2.65     0.0%        -     0.0%    0.049 (0.048 / 0.050) /  0.257      0    0        0    256
           posted by halow/hard:200 halow/viterbi:200
    2.64     0.0%        -     0.0%    0.048 (0.047 / 0.049) /  0.085      0    0        0      0
           posted by halow/hard:200 halow/viterbi:200
    2.63     0.0%        -     0.0%    0.048 (0.046 / 0.049) /  0.096      0    0        0      0
           posted by halow/hard:200 halow/viterbi:200
    2.62     0.0%        -     0.0%    0.048 (0.046 / 0.049) /  0.280      0    0        0    256
           posted by halow/hard:200 halow/viterbi:200
    2.61     0.0%        -     0.0%    0.049 (0.047 / 0.050) /  0.100      0    0        0      0
           posted by halow/hard:200 halow/viterbi:200
    2.60     0.0%        -     0.0%    0.048 (0.047 / 0.048) /  0.260      0    0        0      0
           posted by halow/hard:200 halow/viterbi:200
    2.59     0.0%        -     0.0%    0.048 (0.046 / 0.050) /  0.080      0    0        0      0
           posted by halow/hard:200 halow/viterbi:200
    2.58     0.0%        -     0.0%    0.048 (0.047 / 0.049) /  0.087      0    0        0      0
           posted by halow/hard:200 halow/viterbi:200
    2.57     0.0%        -     0.0%    0.048 (0.047 / 0.049) /  0.089      0    0        0      0
           posted by halow/hard:200 halow/viterbi:200
    2.56     0.0%        -     0.0%    0.049 (0.047 / 0.050) /  0.255      0    0        0      0
           posted by halow/hard:200 halow/viterbi:200
    2.55     0.0%        -     0.0%    0.048 (0.047 / 0.050) /  0.110      0    0        0      0
           posted by halow/hard:200 halow/viterbi:200
    2.54     0.0%        -     0.0%    0.049 (0.048 / 0.050) /  0.254      0    0        0      0
           posted by halow/hard:200 halow/viterbi:200
    2.53     0.0%        -     0.0%    0.049 (0.048 / 0.051) /  0.088      0    0        0      0
           posted by halow/hard:200 halow/viterbi:200
    2.52     0.0%        -     0.0%    0.049 (0.047 / 0.050) /  0.254      0    0        0      0
           posted by halow/hard:200 halow/viterbi:200
    2.51     0.0%        -     0.0%    0.048 (0.046 / 0.049) /  0.104      0    0        0      0
           posted by halow/hard:200 halow/viterbi:200
    2.50     0.0%        -     0.0%    0.049 (0.048 / 0.050) /  0.088      0    0        0      0
           posted by halow/hard:200 halow/viterbi:200
    2.49     0.0%        -     0.0%    0.049 (0.048 / 0.050) /  0.105      0    0        0      0
           posted by halow/hard:200 halow/viterbi:200
    2.48     0.0%        -     0.0%    0.048 (0.046 / 0.050) /  0.263      0    0        0      0
           posted by halow/hard:200 halow/viterbi:200
    2.47     0.0%        -     0.0%    0.049 (0.047 / 0.050) /  0.096      0    0        0      0
           posted by halow/hard:200 halow/viterbi:200
    2.46     0.0%        -     0.0%    0.048 (0.047 / 0.050) /  0.092      0    0        0      0
           posted by halow/hard:200 halow/viterbi:200
    2.45     0.0%        -     0.0%    0.048 (0.047 / 0.049) /  0.108      0    0        0      0
           posted by halow/hard:200 halow/viterbi:200
    2.44     0.0%        -     0.0%    0.049 (0.047 / 0.051) /  0.099      0    0        0      0
           posted by halow/hard:200 halow/viterbi:200
    2.43     0.0%        -     0.0%    0.049 (0.048 / 0.050) /  0.262      0    0        0      0
           posted by halow/hard:200 halow/viterbi:200
    2.42     0.0%        -     0.0%    0.048 (0.046 / 0.049) /  0.273      0    0        0      0
           posted by halow/hard:200 halow/viterbi:200
    2.41     0.0%        -     0.0%    0.049 (0.047 / 0.050) /  0.083      0    0        0      0
           posted by halow/hard:200 halow/viterbi:200
    2.40     0.0%        -     0.0%    0.048 (0.047 / 0.049) /  0.099      0    0        0      0
           posted by halow/hard:200 halow/viterbi:200
    2.39     0.0%        -     0.0%    0.048 (0.046 / 0.050) /  0.085      0    0        0      0
           posted by halow/hard:200 halow/viterbi:200
    2.38     0.0%        -     0.0%    0.048 (0.047 / 0.049) /  0.096      0    0        0      0
           posted by halow/hard:200 halow/viterbi:200
    2.37     0.0%        -     0.0%    0.049 (0.047 / 0.050) /  0.119      0    0        0      0
           posted by halow/hard:200 halow/viterbi:200
    2.36     0.0%        -     0.0%    0.049 (0.048 / 0.051) /  0.112      0    0        0      0
           posted by halow/hard:200 halow/viterbi:200
    2.35     0.0%        -     0.0%    0.049 (0.048 / 0.049) /  0.087      0    0        0      0
           posted by halow/hard:200 halow/viterbi:200
    2.34     0.0%        -     0.0%    0.048 (0.047 / 0.049) /  0.088      0    0        0      0
           posted by halow/hard:200 halow/viterbi:200
    2.33     0.0%        -     0.0%    0.049 (0.048 / 0.050) /  0.255      0    0        0      0
           posted by halow/hard:200 halow/viterbi:200
    2.32     0.0%        -     0.0%    0.048 (0.047 / 0.049) /  0.266      0    0        0    256
           posted by halow/hard:200 halow/viterbi:200
    2.31     0.0%        -     0.0%    0.048 (0.047 / 0.049) /  0.094      0    0        0      0
           posted by halow/hard:200 halow/viterbi:200
    2.30     0.0%        -     0.0%    0.049 (0.048 / 0.050) /  0.087      0    0        0      0
           posted by halow/hard:200 halow/viterbi:200
    2.29     0.0%        -     0.0%    0.048 (0.047 / 0.050) /  0.095      0    0        0      0
           posted by halow/hard:200 halow/viterbi:200
    2.28     0.0%        -     0.0%    0.048 (0.046 / 0.049) /  0.254      0    0        0      0
           posted by halow/hard:200 halow/viterbi:200
    2.27     0.0%        -     0.0%    0.048 (0.046 / 0.049) /  0.080      0    0        0      0
           posted by halow/hard:200 halow/viterbi:200
    2.26     0.0%        -     0.0%    0.048 (0.046 / 0.049) /  0.103      0    0        0      0
           posted by halow/hard:200 halow/viterbi:200
    2.25     0.0%        -     0.0%    0.049 (0.047 / 0.049) /  0.104      0    0        0      0
           posted by halow/hard:200 halow/viterbi:200
    2.24     0.0%        -     0.0%    0.048 (0.047 / 0.049) /  0.078      0    0        0      0
           posted by halow/hard:200 halow/viterbi:200
    2.23     0.0%        -     0.0%    0.049 (0.048 / 0.049) /  0.089      0    0        0      0
           posted by halow/hard:200 halow/viterbi:200
    2.22     0.0%        -     0.0%    0.048 (0.047 / 0.049) /  0.260      0    0        0      0
           posted by halow/hard:200 halow/viterbi:200
    2.21     0.0%        -     0.0%    0.047 (0.046 / 0.049) /  0.267      0    0        0      0
           posted by halow/hard:200 halow/viterbi:200
    2.20     0.0%        -     0.0%    0.048 (0.047 / 0.049) /  0.264      0    0        0      0
           posted by halow/hard:200 halow/viterbi:200
    2.19     0.0%        -     0.0%    0.049 (0.047 / 0.049) /  0.268      0    0        0      0
           posted by halow/hard:200 halow/viterbi:200
    2.18     0.0%        -     0.0%    0.048 (0.046 / 0.049) /  0.107      0    0        0      0
           posted by halow/hard:200 halow/viterbi:200
    2.17     0.0%        -     0.0%    0.048 (0.047 / 0.049) /  0.094      0    0        0      0
           posted by halow/hard:200 halow/viterbi:200
    2.16     0.0%        -     0.0%    0.049 (0.047 / 0.050) /  0.124      0    0        0      0
           posted by halow/hard:200 halow/viterbi:200
    2.15     0.0%        -     0.0%    0.049 (0.046 / 0.050) /  0.082      0    0        0      0
           posted by halow/hard:200 halow/viterbi:200
    2.14     0.0%        -     0.0%    0.049 (0.047 / 0.050) /  0.087      0    0        0      0
           posted by halow/hard:200 halow/viterbi:200
    2.13     0.0%        -     0.0%    0.049 (0.047 / 0.050) /  0.083      0    0        0    256
           posted by halow/hard:200 halow/viterbi:200
    2.12     0.0%        -     0.0%    0.048 (0.046 / 0.049) /  0.262      0    0        0      0
           posted by halow/hard:200 halow/viterbi:200
    2.11     0.0%        -     0.0%    0.048 (0.047 / 0.050) /  0.301      0    0        0      0
           posted by halow/hard:200 halow/viterbi:200
    2.10     0.0%        -     0.0%    0.048 (0.047 / 0.049) /  0.117      0    0        0      0
           posted by halow/hard:200 halow/viterbi:200
    2.09     0.0%        -     0.0%    0.048 (0.047 / 0.049) /  0.083      0    0        0      0
           posted by halow/hard:200 halow/viterbi:200
    2.08     0.0%        -     0.0%    0.048 (0.047 / 0.050) /  0.267      0    0        0      0
           posted by halow/hard:200 halow/viterbi:200
    2.07     0.0%        -     0.0%    0.048 (0.046 / 0.049) /  0.099      0    0        0      0
           posted by halow/hard:200 halow/viterbi:200
    2.06     0.0%        -     0.0%    0.049 (0.047 / 0.049) /  0.103      0    0        0    256
           posted by halow/hard:200 halow/viterbi:200
    2.05     0.0%        -     0.0%    0.048 (0.047 / 0.049) /  0.077      0    0        0      0
           posted by halow/hard:200 halow/viterbi:200
    2.04     0.0%        -     0.0%    0.048 (0.046 / 0.049) /  0.084      0    0        0      0
           posted by halow/hard:200 halow/viterbi:200
    2.03     0.0%        -     0.0%    0.048 (0.047 / 0.048) /  0.085      0    0        0      0
           posted by halow/hard:200 halow/viterbi:200
    2.02     0.0%        -     0.0%    0.048 (0.047 / 0.050) /  0.094      0    0        0      0
           posted by halow/hard:200 halow/viterbi:200
    2.01     0.0%        -     0.0%    0.048 (0.047 / 0.049) /  0.089      0    0        0      0
           posted by halow/hard:200 halow/viterbi:200
    2.00     0.0%        -     0.0%    0.048 (0.047 / 0.049) /  0.080      0    0        0      0
           posted by halow/hard:200 halow/viterbi:200
    1.99     0.0%        -     0.0%    0.048 (0.046 / 0.050) /  0.113      0    0        0      0
           posted by halow/hard:200 halow/viterbi:200
    1.98     0.0%        -     0.0%    0.047 (0.046 / 0.048) /  0.100      0    0        0      0
           posted by halow/hard:200 halow/viterbi:200
    1.97     0.0%        -     0.0%    0.048 (0.046 / 0.049) /  0.137      0    0        0      0
           posted by halow/hard:200 halow/viterbi:200
    1.96     0.0%        -     0.0%    0.047 (0.045 / 0.048) /  0.083      0    0        0      0
           posted by halow/hard:200 halow/viterbi:200
    1.95     0.0%        -     0.0%    0.049 (0.047 / 0.049) /  0.095      0    0        0      0
           posted by halow/hard:200 halow/viterbi:200
    1.94     0.0%        -     0.0%    0.048 (0.047 / 0.050) /  0.258      0    0        0      0
           posted by halow/hard:200 halow/viterbi:200
    1.93     0.0%        -     0.0%    0.048 (0.046 / 0.049) /  0.090      0    0        0      0
           posted by halow/hard:200 halow/viterbi:200
    1.92     0.0%        -     0.0%    0.048 (0.046 / 0.050) /  0.092      0    0        0      0
           posted by halow/hard:200 halow/viterbi:200
    1.91     0.0%        -     0.0%    0.048 (0.046 / 0.050) /  0.122      0    0        0      0
           posted by halow/hard:200 halow/viterbi:200
    1.90     0.0%        -     0.0%    0.049 (0.047 / 0.049) /  0.118      0    0        0      0
           posted by halow/hard:200 halow/viterbi:200
    1.89     0.0%        -     0.0%    0.048 (0.046 / 0.049) /  0.108      0    0        0      0
           posted by halow/hard:200 halow/viterbi:200
    1.88     0.0%        -     0.0%    0.049 (0.048 / 0.050) /  0.114      0    0        0      0
           posted by halow/hard:200 halow/viterbi:200
    1.87     0.0%        -     0.0%    0.048 (0.047 / 0.049) /  0.111      0    0        0      0
           posted by halow/hard:200 halow/viterbi:200
    1.86     0.0%        -     0.0%    0.047 (0.047 / 0.048) /  0.269      0    0        0      0
           posted by halow/hard:200 halow/viterbi:200
    1.85     0.0%        -     0.0%    0.048 (0.045 / 0.049) /  0.082      0    0        0      0
           posted by halow/hard:200 halow/viterbi:200
    1.84     0.0%        -     0.0%    0.049 (0.048 / 0.049) /  0.104      0    0        0      0
           posted by halow/hard:200 halow/viterbi:200
    1.83     0.0%        -     0.0%    0.048 (0.046 / 0.049) /  0.092      0    0        0      0
           posted by halow/hard:200 halow/viterbi:200
    1.82     0.0%        -     0.0%    0.048 (0.047 / 0.049) /  0.091      0    0        0      0
           posted by halow/hard:200 halow/viterbi:200
    1.81     0.0%        -     0.0%    0.049 (0.047 / 0.051) /  0.260      0    0        0      0
           posted by halow/hard:200 halow/viterbi:200
    1.80     0.0%        -     0.0%    0.048 (0.047 / 0.049) /  0.096      0    0        0      0
           posted by halow/hard:200 halow/viterbi:200
    1.79     0.0%        -     0.0%    0.048 (0.045 / 0.049) /  0.086      0    0        0      0
           posted by halow/hard:200 halow/viterbi:200
    1.78     0.0%        -     0.0%    0.048 (0.046 / 0.049) /  0.090      0    0        0      0
           posted by halow/hard:200 halow/viterbi:200
    1.77     0.0%        -     0.0%    0.049 (0.047 / 0.049) /  0.096      0    0        0      0
           posted by halow/hard:200 halow/viterbi:200
    1.76     0.0%        -     0.0%    0.047 (0.045 / 0.049) /  0.089      0    0        0      0
           posted by halow/hard:200 halow/viterbi:200
    1.75     0.0%        -     0.0%    0.048 (0.046 / 0.049) /  0.257      0    0        0      0
           posted by halow/hard:200 halow/viterbi:200
    1.74     0.0%        -     0.0%    0.048 (0.046 / 0.049) /  0.114      0    0        0      0
           posted by halow/hard:200 halow/viterbi:200
    1.73     0.0%        -     0.0%    0.048 (0.048 / 0.049) /  0.148      0    0        0      0
           posted by halow/hard:200 halow/viterbi:200
    1.72     0.0%        -     0.0%    0.048 (0.047 / 0.049) /  0.089      0    0        0      0
           posted by halow/hard:200 halow/viterbi:200
    1.71     0.0%        -     0.0%    0.048 (0.046 / 0.048) /  0.099      0    0        0      0
           posted by halow/hard:200 halow/viterbi:200
    1.70     0.0%        -     0.0%    0.047 (0.046 / 0.048) /  0.093      0    0        0      0
           posted by halow/hard:200 halow/viterbi:200
    1.69     0.0%        -     0.0%    0.048 (0.047 / 0.049) /  0.084      0    0        0      0
           posted by halow/hard:200 halow/viterbi:200
    1.68     0.0%        -     0.0%    0.048 (0.047 / 0.049) /  0.088      0    0        0      0
           posted by halow/hard:200 halow/viterbi:200
    1.67     0.0%        -     0.0%    0.047 (0.046 / 0.048) /  0.092      0    0        0      0
           posted by halow/hard:200 halow/viterbi:200
    1.66     0.0%        -     0.0%    0.047 (0.046 / 0.048) /  0.089      0    0        0      0
           posted by halow/hard:200 halow/viterbi:200
    1.65     0.0%        -     0.0%    0.047 (0.046 / 0.049) /  0.269      0    0        0      0
           posted by halow/hard:200 halow/viterbi:200
    1.64     0.0%        -     0.0%    0.047 (0.046 / 0.048) /  0.106      0    0        0      0
           posted by halow/hard:200 halow/viterbi:200
    1.63     0.0%        -     0.0%    0.048 (0.046 / 0.049) /  0.090      0    0        0      0
           posted by halow/hard:200 halow/viterbi:200
    1.62     0.0%        -     0.0%    0.048 (0.047 / 0.049) /  0.089      0    0        0      0
           posted by halow/hard:200 halow/viterbi:200
    1.61     0.0%        -     0.0%    0.048 (0.047 / 0.049) /  0.084      0    0        0      0
           posted by halow/hard:200 halow/viterbi:200
    1.60     0.0%        -     0.0%    0.048 (0.047 / 0.049) /  0.259      0    0        0      0
           posted by halow/hard:200 halow/viterbi:200
    1.59     0.0%        -     0.0%    0.047 (0.046 / 0.048) /  0.079      0    0        0      0
           posted by halow/hard:200 halow/viterbi:200
    1.58     0.0%        -     0.0%    0.048 (0.046 / 0.049) /  0.086      0    0        0      0
           posted by halow/hard:200 halow/viterbi:200
    1.57     0.0%        -     0.0%    0.048 (0.046 / 0.049) /  0.084      0    0        0      0
           posted by halow/hard:200 halow/viterbi:200
    1.56     0.0%        -     0.0%    0.048 (0.046 / 0.049) /  0.262      0    0        0      0
           posted by halow/hard:200 halow/viterbi:200
    1.55     0.0%        -     0.0%    0.047 (0.045 / 0.049) /  0.090      0    0        0      0
           posted by halow/hard:200 halow/viterbi:200
    1.54     0.0%        -     0.0%    0.048 (0.046 / 0.049) /  0.079      0    0        0      0
           posted by halow/hard:200 halow/viterbi:200
    1.53     0.0%        -     0.0%    0.048 (0.047 / 0.048) /  0.102      0    0        0      0
           posted by halow/hard:200 halow/viterbi:200
    1.52     0.0%        -     0.0%    0.047 (0.047 / 0.048) /  0.092      0    0        0      0
           posted by halow/hard:200 halow/viterbi:200
    1.51     0.0%        -     0.0%    0.048 (0.046 / 0.049) /  0.095      0    0        0      0
           posted by halow/hard:200 halow/viterbi:200
    1.50     0.0%        -     0.0%    0.048 (0.047 / 0.049) /  0.257      0    0        0      0
           posted by halow/hard:200 halow/viterbi:200
    1.49     0.0%        -     0.0%    0.048 (0.047 / 0.049) /  0.099      0    0        0      0
           posted by halow/hard:200 halow/viterbi:200
    1.48     0.0%        -     0.0%    0.048 (0.047 / 0.050) /  0.102      0    0        0      0
           posted by halow/hard:200 halow/viterbi:200
    1.47     0.0%        -     0.0%    0.049 (0.047 / 0.051) /  0.104      0    0        0      0
           posted by halow/hard:200 halow/viterbi:200
    1.46     0.0%        -     0.0%    0.048 (0.047 / 0.049) /  0.106      0    0        0      0
           posted by halow/hard:200 halow/viterbi:200
    1.45     0.0%        -     0.0%    0.047 (0.047 / 0.048) /  0.264      0    0        0      0
           posted by halow/hard:200 halow/viterbi:200
    1.44     0.0%        -     0.0%    0.048 (0.047 / 0.049) /  0.247      0    0        0      0
           posted by halow/hard:200 halow/viterbi:200
    1.43     0.0%        -     0.0%    0.048 (0.046 / 0.049) /  0.086      0    0        0      0
           posted by halow/hard:200 halow/viterbi:200
    1.42     0.0%        -     0.0%    0.047 (0.046 / 0.049) /  0.112      0    0        0      0
           posted by halow/hard:200 halow/viterbi:200
    1.41     0.0%        -     0.0%    0.048 (0.046 / 0.049) /  0.103      0    0        0      0
           posted by halow/hard:200 halow/viterbi:200
    1.40     0.0%        -     0.0%    0.048 (0.046 / 0.049) /  0.082      0    0        0      0
           posted by halow/hard:200 halow/viterbi:200
    1.39     0.0%        -     0.0%    0.047 (0.046 / 0.049) /  0.097      0    0        0      0
           posted by halow/hard:200 halow/viterbi:200
    1.38     0.0%        -     0.0%    0.048 (0.046 / 0.049) /  0.097      0    0        0      0
           posted by halow/hard:200 halow/viterbi:200
    1.37     0.0%        -     0.0%    0.048 (0.047 / 0.049) /  0.105      0    0        0      0
           posted by halow/hard:200 halow/viterbi:200
    1.36     0.0%        -     0.0%    0.048 (0.046 / 0.049) /  0.266      0    0        0      0
           posted by halow/hard:200 halow/viterbi:200
    1.35     0.0%        -     0.0%    0.047 (0.046 / 0.049) /  0.100      0    0        0      0
           posted by halow/hard:200 halow/viterbi:200
    1.34     0.0%        -     0.0%    0.048 (0.046 / 0.049) /  0.087      0    0        0      0
           posted by halow/hard:200 halow/viterbi:200
    1.33     0.0%        -     0.0%    0.048 (0.047 / 0.049) /  0.262      0    0        0      0
           posted by halow/hard:200 halow/viterbi:200
    1.32     0.0%        -     0.0%    0.048 (0.047 / 0.049) /  0.108      0    0        0      0
           posted by halow/hard:200 halow/viterbi:200
    1.31     0.0%        -     0.0%    0.048 (0.046 / 0.049) /  0.083      0    0        0      0
           posted by halow/hard:200 halow/viterbi:200
    1.30     0.0%        -     0.0%    0.047 (0.045 / 0.048) /  0.087      0    0        0      0
           posted by halow/hard:200 halow/viterbi:200
    1.29     0.0%        -     0.0%    0.049 (0.047 / 0.049) /  0.264      0    0        0      0
           posted by halow/hard:200 halow/viterbi:200
    1.28     0.0%        -     0.0%    0.047 (0.046 / 0.048) /  0.096      0    0        0      0
           posted by halow/hard:200 halow/viterbi:200
    1.27     0.0%        -     0.0%    0.048 (0.046 / 0.048) /  0.081      0    0        0    256
           posted by halow/hard:200 halow/viterbi:200
    1.26     0.0%        -     0.0%    0.047 (0.046 / 0.049) /  0.092      0    0        0      0
           posted by halow/hard:200 halow/viterbi:200
    1.25     0.0%        -     0.0%    0.047 (0.045 / 0.048) /  0.088      0    0        0      0
           posted by halow/hard:200 halow/viterbi:200
    1.24     0.0%        -     0.0%    0.047 (0.045 / 0.048) /  0.091      0    0        0      0
           posted by halow/hard:200 halow/viterbi:200
    1.23     0.0%        -     0.0%    0.047 (0.045 / 0.048) /  0.096      0    0        0      0
           posted by halow/hard:200 halow/viterbi:200
    1.22     0.0%        -     0.0%    0.048 (0.047 / 0.049) /  0.098      0    0        0      0
           posted by halow/hard:200 halow/viterbi:200
    1.21     0.0%        -     0.0%    0.048 (0.046 / 0.048) /  0.256      0    0        0      0
           posted by halow/hard:200 halow/viterbi:200
    1.20     0.0%        -     0.0%    0.047 (0.046 / 0.049) /  0.089      0    0        0      0
           posted by halow/hard:200 halow/viterbi:200
    1.19     0.0%        -     0.0%    0.046 (0.045 / 0.048) /  0.265      0    0        0      0
           posted by halow/hard:200 halow/viterbi:200
    1.18     0.0%        -     0.0%    0.047 (0.046 / 0.048) /  0.094      0    0        0      0
           posted by halow/hard:200 halow/viterbi:200
    1.17     0.0%        -     0.0%    0.048 (0.047 / 0.048) /  0.101      0    0        0      0
           posted by halow/hard:200 halow/viterbi:200
    1.16     0.0%        -     0.0%    0.047 (0.046 / 0.049) /  0.280      0    0        0      0
           posted by halow/hard:200 halow/viterbi:200
    1.15     0.0%        -     0.0%    0.048 (0.046 / 0.049) /  0.259      0    0        0      0
           posted by halow/hard:200 halow/viterbi:200
    1.14     0.0%        -     0.0%    0.049 (0.047 / 0.050) /  0.111      0    0        0      0
           posted by halow/hard:200 halow/viterbi:200
    1.13     0.0%        -     0.0%    0.047 (0.046 / 0.048) /  0.262      0    0        0      0
           posted by halow/hard:200 halow/viterbi:200
    1.12     0.0%        -     0.0%    0.047 (0.046 / 0.048) /  0.102      0    0        0      0
           posted by halow/hard:200 halow/viterbi:200
    1.11     0.0%        -     0.0%    0.050 (0.047 / 0.051) /  0.263      0    0        0      0
           posted by halow/hard:200 halow/viterbi:200
    1.10     0.0%        -     0.0%    0.048 (0.046 / 0.049) /  0.106      0    0        0      0
           posted by halow/hard:200 halow/viterbi:200
    1.09     0.0%        -     0.0%    0.048 (0.046 / 0.049) /  0.099      0    0        0      0
           posted by halow/hard:200 halow/viterbi:200
    1.08     0.0%        -     0.0%    0.050 (0.048 / 0.051) /  0.169      0    0        0    256
           posted by halow/hard:200 halow/viterbi:200
    1.07     0.0%        -     0.0%    0.049 (0.047 / 0.049) /  0.102      0    0        0    256
           posted by halow/hard:200 halow/viterbi:200
    1.06     0.0%        -     0.0%    0.048 (0.047 / 0.049) /  0.099      0    0        0      0
           posted by halow/hard:200 halow/viterbi:200
    1.05     0.0%        -     0.0%    0.047 (0.046 / 0.049) /  0.262      0    0        0      0
           posted by halow/hard:200 halow/viterbi:200
    1.04     0.0%        -     0.0%    0.047 (0.046 / 0.047) /  0.093      0    0        0      0
           posted by halow/hard:200 halow/viterbi:200
    1.03     0.0%        -     0.0%    0.047 (0.045 / 0.048) /  0.101      0    0        0      0
           posted by halow/hard:200 halow/viterbi:200
    1.02     0.0%        -     0.0%    0.047 (0.045 / 0.049) /  0.269      0    0        0      0
           posted by halow/hard:200 halow/viterbi:200
    1.01     0.0%        -     0.0%    0.046 (0.045 / 0.048) /  0.074      0    0        0      0
           posted by halow/hard:200 halow/viterbi:200
    1.00     0.0%        -     0.0%    0.047 (0.045 / 0.048) /  0.266      0    0        0      0
           posted by halow/hard:200 halow/viterbi:200
    0.99     0.0%        -     0.0%    0.046 (0.045 / 0.047) /  0.255      0    0        0      0
           posted by halow/hard:200 halow/viterbi:200
    0.98     0.0%        -     0.0%    0.046 (0.045 / 0.047) /  0.097      0    0        0      0
           posted by halow/hard:200 halow/viterbi:200
    0.97     0.0%        -     0.0%    0.047 (0.046 / 0.048) /  0.082      0    0        0      0
           posted by halow/hard:200 halow/viterbi:200
    0.96     0.0%        -     0.0%    0.046 (0.045 / 0.048) /  0.073      0    0        0    256
           posted by halow/hard:200 halow/viterbi:200
    0.95     0.0%        -     0.0%    0.047 (0.045 / 0.047) /  0.262      0    0        0      0
           posted by halow/hard:200 halow/viterbi:200
    0.94     0.0%        -     0.0%    0.047 (0.046 / 0.048) /  0.079      0    0        0      0
           posted by halow/hard:200 halow/viterbi:200
    0.93     0.0%        -     0.0%    0.047 (0.045 / 0.048) /  0.254      0    0        0      0
           posted by halow/hard:200 halow/viterbi:200
    0.92     0.0%        -     0.0%    0.047 (0.046 / 0.048) /  0.107      0    0        0      0
           posted by halow/hard:200 halow/viterbi:200
    0.91     0.0%        -     0.0%    0.048 (0.047 / 0.050) /  0.249      0    0        0      0
           posted by halow/hard:200 halow/viterbi:200
    0.90     0.0%        -     0.0%    0.047 (0.046 / 0.048) /  0.091      0    0        0      0
           posted by halow/hard:200 halow/viterbi:200
    0.89     0.0%        -     0.0%    0.047 (0.046 / 0.048) /  0.089      0    0        0      0
           posted by halow/hard:200 halow/viterbi:200
    0.88     0.0%        -     0.0%    0.047 (0.046 / 0.048) /  0.078      0    0        0      0
           posted by halow/hard:200 halow/viterbi:200
    0.87     0.0%        -     0.0%    0.048 (0.046 / 0.049) /  0.084      0    0        0      0
           posted by halow/hard:200 halow/viterbi:200
    0.86     0.0%        -     0.0%    0.047 (0.046 / 0.047) /  0.089      0    0        0      0
           posted by halow/hard:200 halow/viterbi:200
    0.85     0.0%        -     0.0%    0.047 (0.046 / 0.048) /  0.094      0    0        0      0
           posted by halow/hard:200 halow/viterbi:200
    0.84     0.0%        -     0.0%    0.046 (0.045 / 0.048) /  0.255      0    0        0    256
           posted by halow/hard:200 halow/viterbi:200
    0.83     0.0%        -     0.0%    0.047 (0.046 / 0.048) /  0.082      0    0        0      0
           posted by halow/hard:200 halow/viterbi:200
    0.82     0.0%        -     0.0%    0.047 (0.046 / 0.048) /  0.249      0    0        0      0
           posted by halow/hard:200 halow/viterbi:200
    0.81     0.0%        -     0.0%    0.047 (0.046 / 0.048) /  0.096      0    0        0      0
           posted by halow/hard:200 halow/viterbi:200
    0.80     0.0%        -     0.0%    0.046 (0.044 / 0.048) /  0.261      0    0        0      0
           posted by halow/hard:200 halow/viterbi:200
    0.79     0.0%        -     0.0%    0.046 (0.045 / 0.047) /  0.087      0    0        0      0
           posted by halow/hard:200 halow/viterbi:200
    0.78     0.0%        -     0.0%    0.046 (0.045 / 0.047) /  0.085      0    0        0      0
           posted by halow/hard:200 halow/viterbi:200
    0.77     0.0%        -     0.0%    0.047 (0.045 / 0.048) /  0.086      0    0        0      0
           posted by halow/hard:200 halow/viterbi:200
    0.76     0.0%        -     0.0%    0.046 (0.045 / 0.048) /  0.086      0    0        0      0
           posted by halow/hard:200 halow/viterbi:200
    0.75     0.0%        -     0.0%    0.047 (0.045 / 0.047) /  0.258      0    0        0      0
           posted by halow/hard:200 halow/viterbi:200
    0.74     0.0%        -     0.0%    0.047 (0.045 / 0.048) /  0.076      0    0        0      0
           posted by halow/hard:200 halow/viterbi:200
    0.73     0.0%        -     0.0%    0.046 (0.045 / 0.047) /  0.084      0    0        0      0
           posted by halow/hard:200 halow/viterbi:200
    0.72     0.0%        -     0.0%    0.046 (0.045 / 0.048) /  0.081      0    0        0      0
           posted by halow/hard:200 halow/viterbi:200
    0.71     0.0%        -     0.0%    0.046 (0.044 / 0.048) /  0.096      0    0        0      0
           posted by halow/hard:200 halow/viterbi:200
    0.70     0.0%        -     0.0%    0.047 (0.046 / 0.048) /  0.254      0    0        0      0
           posted by halow/hard:200 halow/viterbi:200
    0.69     0.0%        -     0.0%    0.047 (0.046 / 0.048) /  0.071      0    0        0      0
           posted by halow/hard:200 halow/viterbi:200
    0.68     0.0%        -     0.0%    0.046 (0.045 / 0.048) /  0.068      0    0        0      0
           posted by halow/hard:200 halow/viterbi:200
    0.67     0.0%        -     0.0%    0.046 (0.045 / 0.047) /  0.083      0    0        0      0
           posted by halow/hard:200 halow/viterbi:200
    0.66     0.0%        -     0.0%    0.046 (0.044 / 0.047) /  0.258      0    0        0      0
           posted by halow/hard:200 halow/viterbi:200
    0.65     0.0%        -     0.0%    0.046 (0.045 / 0.047) /  0.083      0    0        0      0
           posted by halow/hard:200 halow/viterbi:200
    0.64     0.0%        -     0.0%    0.047 (0.045 / 0.047) /  0.081      0    0        0      0
           posted by halow/hard:200 halow/viterbi:200
    0.63     0.0%        -     0.0%    0.047 (0.046 / 0.048) /  0.090      0    0        0      0
           posted by halow/hard:200 halow/viterbi:200
    0.62     0.0%        -     0.0%    0.047 (0.046 / 0.048) /  0.103      0    0        0      0
           posted by halow/hard:200 halow/viterbi:200
    0.61     0.0%        -     0.0%    0.047 (0.045 / 0.048) /  0.263      0    0        0      0
           posted by halow/hard:200 halow/viterbi:200
    0.60     0.0%        -     0.0%    0.046 (0.045 / 0.047) /  0.085      0    0        0      0
           posted by halow/hard:200 halow/viterbi:200
    0.59     0.0%        -     0.0%    0.047 (0.045 / 0.048) /  0.191      0    0        0      0
           posted by halow/hard:200 halow/viterbi:200
    0.58     0.0%        -     0.0%    0.047 (0.047 / 0.048) /  0.096      0    0        0      0
           posted by halow/hard:200 halow/viterbi:200
    0.57     0.0%        -     0.0%    0.046 (0.046 / 0.047) /  0.090      0    0        0      0
           posted by halow/hard:200 halow/viterbi:200
    0.56     0.0%        -     0.0%    0.046 (0.045 / 0.047) /  0.087      0    0        0      0
           posted by halow/hard:200 halow/viterbi:200
    0.55     0.0%        -     0.0%    0.046 (0.045 / 0.047) /  0.086      0    0        0      0
           posted by halow/hard:200 halow/viterbi:200
    0.54     0.0%        -     0.0%    0.046 (0.045 / 0.047) /  0.072      0    0        0      0
           posted by halow/hard:200 halow/viterbi:200
    0.53     0.0%        -     0.0%    0.047 (0.045 / 0.048) /  0.086      0    0        0      0
           posted by halow/hard:200 halow/viterbi:200
    0.52     0.0%        -     0.0%    0.047 (0.046 / 0.048) /  0.107      0    0        0      0
           posted by halow/hard:200 halow/viterbi:200
    0.51     0.0%        -     0.0%    0.046 (0.045 / 0.047) /  0.084      0    0        0      0
           posted by halow/hard:200 halow/viterbi:200
    0.50     0.0%        -     0.0%    0.046 (0.045 / 0.047) /  0.096      0    0        0      0
           posted by halow/hard:200 halow/viterbi:200
    0.49     0.0%        -     0.0%    0.046 (0.045 / 0.048) /  0.079      0    0        0      0
           posted by halow/hard:200 halow/viterbi:200
    0.48     0.0%        -     0.0%    0.046 (0.044 / 0.047) /  0.074      0    0        0      0
           posted by halow/hard:200 halow/viterbi:200
    0.47     0.0%        -     0.0%    0.046 (0.044 / 0.047) /  0.083      0    0        0      0
           posted by halow/hard:200 halow/viterbi:200
    0.46     0.0%        -     0.0%    0.047 (0.045 / 0.048) /  0.086      0    0        0    256
           posted by halow/hard:200 halow/viterbi:200
    0.45     0.0%        -     0.0%    0.046 (0.044 / 0.047) /  0.100      0    0        0      0
           posted by halow/hard:200 halow/viterbi:200
    0.44     0.0%        -     0.0%    0.046 (0.045 / 0.047) /  0.079      0    0        0      0
           posted by halow/hard:200 halow/viterbi:200
    0.43     0.0%        -     0.0%    0.046 (0.044 / 0.048) /  0.099      0    0        0      0
           posted by halow/hard:200 halow/viterbi:200
    0.42     0.0%        -     0.0%    0.047 (0.046 / 0.047) /  0.095      0    0        0    256
           posted by halow/hard:200 halow/viterbi:200
    0.41     0.0%        -     0.0%    0.046 (0.045 / 0.048) /  0.075      0    0        0      0
           posted by halow/hard:200 halow/viterbi:200
    0.40     0.0%        -     0.0%    0.046 (0.045 / 0.047) /  0.076      0    0        0      0
           posted by halow/hard:200 halow/viterbi:200
    0.39     0.0%        -     0.0%    0.046 (0.044 / 0.047) /  0.130      0    0        0      0
           posted by halow/hard:200 halow/viterbi:200
    0.38     0.0%        -     0.0%    0.048 (0.047 / 0.050) /  0.111      0    0        0      0
           posted by halow/hard:200 halow/viterbi:200
    0.37     0.0%        -     0.0%    0.047 (0.045 / 0.048) /  0.103      0    0        0      0
           posted by halow/hard:200 halow/viterbi:200
    0.36     0.0%        -     0.0%    0.046 (0.046 / 0.047) /  0.082      0    0        0      0
           posted by halow/hard:200 halow/viterbi:200
    0.35     0.0%        -     0.0%    0.046 (0.046 / 0.047) /  0.078      0    0        0    256
           posted by halow/hard:200 halow/viterbi:200
    0.34     0.0%        -     0.0%    0.048 (0.046 / 0.049) /  0.071      0    0        0      0
           posted by halow/hard:200 halow/viterbi:200
    0.33     0.0%        -     0.0%    0.046 (0.045 / 0.047) /  0.077      0    0        0      0
           posted by halow/hard:200 halow/viterbi:200
    0.32     0.0%        -     0.0%    0.046 (0.045 / 0.047) /  0.261      0    0        0      0
           posted by halow/hard:200 halow/viterbi:200
    0.31     0.0%        -     0.0%    0.046 (0.044 / 0.047) /  0.092      0    0        0      0
           posted by halow/hard:200 halow/viterbi:200
    0.30     0.0%        -     0.0%    0.046 (0.045 / 0.046) /  0.093      0    0        0      0
           posted by halow/hard:200 halow/viterbi:200
    0.29     0.0%        -     0.0%    0.046 (0.045 / 0.047) /  0.080      0    0        0      0
           posted by halow/hard:200 halow/viterbi:200
    0.28     0.0%        -     0.0%    0.046 (0.045 / 0.046) /  0.077      0    0        0      0
           posted by halow/hard:200 halow/viterbi:200
    0.27     0.0%        -     0.0%    0.046 (0.045 / 0.046) /  0.084      0    0        0      0
           posted by halow/hard:200 halow/viterbi:200
    0.26     0.0%        -     0.0%    0.046 (0.045 / 0.047) /  0.071      0    0        0      0
           posted by halow/hard:200 halow/viterbi:200
    0.25     0.0%        -     0.0%    0.046 (0.045 / 0.047) /  0.258      0    0        0    256
           posted by halow/hard:200 halow/viterbi:200
    0.24     0.0%        -     0.0%    0.046 (0.045 / 0.047) /  0.081      0    0        0      0
           posted by halow/hard:200 halow/viterbi:200
    0.23     0.0%        -     0.0%    0.046 (0.044 / 0.047) /  0.082      0    0        0      0
           posted by halow/hard:200 halow/viterbi:200
    0.22     0.0%        -     0.0%    0.046 (0.045 / 0.047) /  0.072      0    0        0      0
           posted by halow/hard:200 halow/viterbi:200
    0.21     0.0%        -     0.0%    0.047 (0.046 / 0.047) /  0.084      0    0        0      0
           posted by halow/hard:200 halow/viterbi:200
    0.20     0.0%        -     0.0%    0.046 (0.044 / 0.047) /  0.092      0    0        0      0
           posted by halow/hard:200 halow/viterbi:200
    0.19     0.0%        -     0.0%    0.046 (0.044 / 0.046) /  0.087      0    0        0      0
           posted by halow/hard:200 halow/viterbi:200
    0.18     0.0%        -     0.0%    0.046 (0.045 / 0.048) /  0.082      0    0        0      0
           posted by halow/hard:200 halow/viterbi:200
    0.17     0.0%        -     0.0%    0.046 (0.045 / 0.047) /  0.086      0    0        0      0
           posted by halow/hard:200 halow/viterbi:200
    0.16     0.0%        -     0.0%    0.046 (0.045 / 0.047) /  0.094      0    0        0      0
           posted by halow/hard:200 halow/viterbi:200
    0.15     0.0%        -     0.0%    0.047 (0.045 / 0.048) /  0.092      0    0        0      0
           posted by halow/hard:200 halow/viterbi:200
    0.14     0.0%        -     0.0%    0.045 (0.044 / 0.047) /  0.074      0    0        0      0
           posted by halow/hard:200 halow/viterbi:200
    0.13     0.0%        -     0.0%    0.046 (0.045 / 0.047) /  0.260      0    0        0    256
           posted by halow/hard:200 halow/viterbi:200
    0.12     0.0%        -     0.0%    0.046 (0.045 / 0.047) /  0.098      0    0        0      0
           posted by halow/hard:200 halow/viterbi:200
    0.11     0.0%        -     0.0%    0.046 (0.044 / 0.047) /  0.083      0    0        0      0
           posted by halow/hard:200 halow/viterbi:200
    0.10     0.0%        -     0.0%    0.047 (0.045 / 0.048) /  0.067      0    0        0      0
           posted by halow/hard:200 halow/viterbi:200
    0.09     0.0%        -     0.0%    0.046 (0.044 / 0.046) /  0.107      0    0        0      0
           posted by halow/hard:200 halow/viterbi:200
    0.08     0.0%        -     0.0%    0.045 (0.044 / 0.046) /  0.077      0    0        0      0
           posted by halow/hard:200 halow/viterbi:200
    0.07     0.0%        -     0.0%    0.046 (0.044 / 0.047) /  0.079      0    0        0      0
           posted by halow/hard:200 halow/viterbi:200
    0.06     0.0%        -     0.0%    0.046 (0.045 / 0.047) /  0.076      0    0        0      0
           posted by halow/hard:200 halow/viterbi:200
    0.05     0.0%        -     0.0%    0.046 (0.045 / 0.047) /  0.085      0    0        0      0
           posted by halow/hard:200 halow/viterbi:200
    0.04     0.0%        -     0.0%    0.046 (0.044 / 0.047) /  0.095      0    0        0      0
           posted by halow/hard:200 halow/viterbi:200
    0.03     0.0%        -     0.0%    0.045 (0.043 / 0.046) /  0.103      0    0        0    256
           posted by halow/hard:200 halow/viterbi:200
    0.02     0.0%        -     0.0%    0.045 (0.044 / 0.047) /  0.080      0    0        0      0
           posted by halow/hard:200 halow/viterbi:200
    0.01     0.2%        -     0.2%    0.045 (0.044 / 0.046) /  0.267      1    0        0      0
           posted by halow/hard:200 halow/viterbi:199
    0.00     0.0%        -     0.0%    0.045 (0.044 / 0.047) /  0.084      0    0        0      0
           posted by halow/hard:200 halow/viterbi:200
wrote results/laptop-6ms/gd.csv
