    Finished `release` profile [optimized] target(s) in 0.00s
    Finished `release` profile [optimized] target(s) in 0.00s
    Finished `release` profile [optimized] target(s) in 0.00s
runtime threads on cpu8 performance max 5300 of 5300 MHz, cpu10 performance max 5300 of 5300 MHz, cpu0 performance max 5100 of 5100 MHz, cpu2 performance max 5100 of 5100 MHz
source thread on cpu4 performance max 5100 of 5100 MHz
keeping CPUs [8, 10, 0, 2, 4] awake
halow: recording 730 µs, frame 683.0 µs, silence 12.2 µs before and 34.8 after: cut to the frame
zigbee: recording 1410 µs, frame 1373.8 µs, silence 16.5 µs before and 19.8 after: cut to the frame
400 frames per IFS, IFS after the second receiver's frames the same, no retuning, chunks of 256 samples

wlan_granular.toml → wlan_granular.toml → ...
  IFS ms    PER H    PER Z    PER   swap median (→wlan_ / →wlan_) / max ms   lost: late listening   queued at swap: median max
    6.00     0.0%        -     0.0%    0.191 (0.191 / 0.193) /  0.434      0    0        0      0
    5.99     0.0%        -     0.0%    0.193 (0.195 / 0.192) /  0.627      0    0        0      0
    5.98     0.0%        -     0.0%    0.193 (0.192 / 0.193) /  0.238      0    0        0      0
    5.97     0.0%        -     0.0%    0.192 (0.193 / 0.192) /  0.395      0    0        0      0
    5.96     0.0%        -     0.0%    0.191 (0.190 / 0.191) /  0.242      0    0        0      0
    5.95     0.0%        -     0.0%    0.194 (0.194 / 0.193) /  0.277      0    0        0      0
    5.94     0.0%        -     0.0%    0.192 (0.192 / 0.190) /  0.620      0    0        0      0
    5.93     0.0%        -     0.0%    0.191 (0.191 / 0.191) /  0.391      0    0        0      0
    5.92     0.0%        -     0.0%    0.190 (0.190 / 0.190) /  0.400      0    0        0      0
    5.91     0.0%        -     0.0%    0.192 (0.191 / 0.192) /  0.614      0    0        0      0
    5.90     0.0%        -     0.0%    0.192 (0.192 / 0.192) /  0.617      0    0        0      0
    5.89     0.0%        -     0.0%    0.189 (0.188 / 0.190) /  0.429      0    0        0      0
    5.88     0.0%        -     0.0%    0.189 (0.189 / 0.189) /  0.239      0    0        0      0
    5.87     0.0%        -     0.0%    0.187 (0.186 / 0.188) /  0.401      0    0        0      0
    5.86     0.0%        -     0.0%    0.188 (0.188 / 0.188) /  0.623      0    0        0      0
    5.85     0.0%        -     0.0%    0.189 (0.189 / 0.190) /  0.403      0    0        0      0
    5.84     0.0%        -     0.0%    0.187 (0.187 / 0.188) /  0.468      0    0        0      0
    5.83     0.0%        -     0.0%    0.187 (0.187 / 0.188) /  0.245      0    0        0    256
    5.82     0.0%        -     0.0%    0.188 (0.189 / 0.187) /  0.251      0    0        0      0
    5.81     0.0%        -     0.0%    0.188 (0.188 / 0.187) /  0.413      0    0        0      0
    5.80     0.0%        -     0.0%    0.187 (0.187 / 0.187) /  0.395      0    0        0      0
    5.79     0.0%        -     0.0%    0.187 (0.188 / 0.186) /  0.599      0    0        0      0
    5.78     0.0%        -     0.0%    0.187 (0.187 / 0.188) /  0.248      0    0        0      0
    5.77     0.0%        -     0.0%    0.187 (0.187 / 0.187) /  0.621      0    0        0      0
    5.76     0.0%        -     0.0%    0.189 (0.188 / 0.189) /  0.254      0    0        0      0
    5.75     0.0%        -     0.0%    0.188 (0.187 / 0.188) /  0.268      0    0        0      0
    5.74     0.0%        -     0.0%    0.187 (0.188 / 0.187) /  0.258      0    0        0      0
    5.73     0.0%        -     0.0%    0.187 (0.186 / 0.188) /  0.248      0    0        0      0
    5.72     0.0%        -     0.0%    0.186 (0.186 / 0.186) /  0.612      0    0        0      0
    5.71     0.0%        -     0.0%    0.187 (0.187 / 0.188) /  0.284      0    0        0      0
    5.70     0.0%        -     0.0%    0.187 (0.188 / 0.187) /  0.239      0    0        0      0
    5.69     0.0%        -     0.0%    0.187 (0.188 / 0.187) /  0.244      0    0        0      0
    5.68     0.0%        -     0.0%    0.189 (0.188 / 0.189) /  0.397      0    0        0    256
    5.67     0.0%        -     0.0%    0.187 (0.187 / 0.188) /  0.241      0    0        0      0
    5.66     0.0%        -     0.0%    0.189 (0.190 / 0.188) /  0.393      0    0        0    256
    5.65     0.0%        -     0.0%    0.189 (0.189 / 0.189) /  0.420      0    0        0      0
    5.64     0.0%        -     0.0%    0.188 (0.189 / 0.188) /  0.597      0    0        0      0
    5.63     0.0%        -     0.0%    0.189 (0.188 / 0.190) /  0.394      0    0        0      0
    5.62     0.0%        -     0.0%    0.189 (0.189 / 0.189) /  0.431      0    0        0      0
    5.61     0.0%        -     0.0%    0.189 (0.189 / 0.188) /  0.240      0    0        0      0
    5.60     0.0%        -     0.0%    0.187 (0.187 / 0.187) /  0.395      0    0        0    256
    5.59     0.0%        -     0.0%    0.188 (0.188 / 0.189) /  0.603      0    0        0      0
    5.58     0.0%        -     0.0%    0.188 (0.188 / 0.188) /  0.241      0    0        0      0
    5.57     0.0%        -     0.0%    0.188 (0.189 / 0.187) /  0.236      0    0        0    256
    5.56     0.0%        -     0.0%    0.187 (0.187 / 0.188) /  0.244      0    0        0      0
    5.55     0.0%        -     0.0%    0.188 (0.188 / 0.188) /  0.410      0    0        0      0
    5.54     0.0%        -     0.0%    0.187 (0.188 / 0.187) /  0.609      0    0        0      0
    5.53     0.0%        -     0.0%    0.188 (0.188 / 0.188) /  0.399      0    0        0      0
    5.52     0.0%        -     0.0%    0.187 (0.187 / 0.188) /  0.601      0    0        0    256
    5.51     0.0%        -     0.0%    0.187 (0.187 / 0.187) /  0.394      0    0        0      0
    5.50     0.0%        -     0.0%    0.189 (0.189 / 0.188) /  0.235      0    0        0      0
    5.49     0.0%        -     0.0%    0.188 (0.188 / 0.187) /  0.626      0    0        0      0
    5.48     0.0%        -     0.0%    0.188 (0.188 / 0.188) /  0.235      0    0        0      0
    5.47     0.0%        -     0.0%    0.189 (0.188 / 0.190) /  0.617      0    0        0      0
    5.46     0.0%        -     0.0%    0.188 (0.189 / 0.188) /  0.401      0    0        0    256
    5.45     0.0%        -     0.0%    0.189 (0.189 / 0.190) /  0.234      0    0        0    256
    5.44     0.0%        -     0.0%    0.189 (0.189 / 0.188) /  0.243      0    0        0      0
    5.43     0.0%        -     0.0%    0.190 (0.189 / 0.190) /  0.304      0    0        0    256
    5.42     0.0%        -     0.0%    0.190 (0.189 / 0.190) /  0.811      0    0        0      0
    5.41     0.0%        -     0.0%    0.187 (0.187 / 0.188) /  0.415      0    0        0      0
    5.40     0.0%        -     0.0%    0.188 (0.188 / 0.189) /  0.252      0    0        0      0
    5.39     0.0%        -     0.0%    0.187 (0.188 / 0.187) /  0.238      0    0        0      0
    5.38     0.0%        -     0.0%    0.187 (0.187 / 0.188) /  0.253      0    0        0      0
    5.37     0.0%        -     0.0%    0.188 (0.187 / 0.188) /  0.401      0    0        0      0
    5.36     0.0%        -     0.0%    0.189 (0.190 / 0.188) /  0.406      0    0        0      0
    5.35     0.0%        -     0.0%    0.188 (0.188 / 0.188) /  0.239      0    0        0      0
    5.34     0.0%        -     0.0%    0.189 (0.190 / 0.188) /  0.616      0    0        0      0
    5.33     0.0%        -     0.0%    0.188 (0.187 / 0.188) /  0.407      0    0        0      0
    5.32     0.0%        -     0.0%    0.187 (0.187 / 0.188) /  0.252      0    0        0      0
    5.31     0.0%        -     0.0%    0.188 (0.189 / 0.187) /  0.402      0    0        0      0
    5.30     0.0%        -     0.0%    0.188 (0.188 / 0.188) /  0.404      0    0        0      0
    5.29     0.0%        -     0.0%    0.188 (0.189 / 0.187) /  0.403      0    0        0      0
    5.28     0.0%        -     0.0%    0.188 (0.188 / 0.190) /  0.420      0    0        0      0
    5.27     0.0%        -     0.0%    0.188 (0.187 / 0.188) /  0.401      0    0        0      0
    5.26     0.0%        -     0.0%    0.189 (0.189 / 0.189) /  0.257      0    0        0      0
    5.25     0.0%        -     0.0%    0.188 (0.188 / 0.188) /  0.415      0    0        0      0
    5.24     0.0%        -     0.0%    0.188 (0.187 / 0.188) /  0.237      0    0        0      0
    5.23     0.0%        -     0.0%    0.188 (0.188 / 0.189) /  0.338      0    0        0      0
    5.22     0.0%        -     0.0%    0.188 (0.188 / 0.188) /  0.247      0    0        0      0
    5.21     0.0%        -     0.0%    0.191 (0.190 / 0.191) /  0.243      0    0        0      0
    5.20     0.0%        -     0.0%    0.188 (0.188 / 0.187) /  0.241      0    0        0      0
    5.19     0.0%        -     0.0%    0.188 (0.189 / 0.188) /  0.406      0    0        0      0
    5.18     0.0%        -     0.0%    0.187 (0.188 / 0.187) /  0.261      0    0        0      0
    5.17     0.0%        -     0.0%    0.188 (0.188 / 0.188) /  0.271      0    0        0      0
    5.16     0.0%        -     0.0%    0.187 (0.187 / 0.187) /  0.397      0    0        0      0
    5.15     0.0%        -     0.0%    0.187 (0.189 / 0.186) /  0.237      0    0        0      0
    5.14     0.0%        -     0.0%    0.188 (0.188 / 0.188) /  0.232      0    0        0      0
    5.13     0.0%        -     0.0%    0.188 (0.189 / 0.188) /  0.248      0    0        0      0
    5.12     0.0%        -     0.0%    0.186 (0.186 / 0.187) /  0.257      0    0        0      0
    5.11     0.0%        -     0.0%    0.187 (0.187 / 0.187) /  0.247      0    0        0      0
    5.10     0.0%        -     0.0%    0.188 (0.188 / 0.190) /  0.426      0    0        0      0
    5.09     0.0%        -     0.0%    0.187 (0.187 / 0.189) /  0.236      0    0        0      0
    5.08     0.0%        -     0.0%    0.188 (0.188 / 0.188) /  0.236      0    0        0      0
    5.07     0.0%        -     0.0%    0.186 (0.186 / 0.187) /  0.236      0    0        0    256
    5.06     0.0%        -     0.0%    0.187 (0.187 / 0.188) /  0.443      0    0        0      0
    5.05     0.0%        -     0.0%    0.188 (0.187 / 0.190) /  0.422      0    0        0      0
    5.04     0.0%        -     0.0%    0.188 (0.188 / 0.188) /  0.233      0    0        0      0
    5.03     0.0%        -     0.0%    0.188 (0.188 / 0.188) /  0.619      0    0        0    256
    5.02     0.0%        -     0.0%    0.188 (0.188 / 0.188) /  0.633      0    0        0      0
    5.01     0.0%        -     0.0%    0.188 (0.188 / 0.188) /  0.235      0    0        0      0
    5.00     0.0%        -     0.0%    0.187 (0.186 / 0.187) /  0.815      0    0        0      0
    4.99     0.0%        -     0.0%    0.187 (0.188 / 0.187) /  0.598      0    0        0      0
    4.98     0.0%        -     0.0%    0.189 (0.190 / 0.187) /  0.424      0    0        0      0
    4.97     0.0%        -     0.0%    0.188 (0.188 / 0.188) /  0.413      0    0        0      0
    4.96     0.0%        -     0.0%    0.188 (0.187 / 0.188) /  0.398      0    0        0      0
    4.95     0.0%        -     0.0%    0.189 (0.189 / 0.189) /  0.402      0    0        0      0
    4.94     0.0%        -     0.0%    0.189 (0.190 / 0.189) /  0.260      0    0        0      0
    4.93     0.0%        -     0.0%    0.188 (0.188 / 0.187) /  0.233      0    0        0      0
    4.92     0.0%        -     0.0%    0.190 (0.190 / 0.190) /  0.400      0    0        0    256
    4.91     0.0%        -     0.0%    0.188 (0.188 / 0.188) /  0.411      0    0        0      0
    4.90     0.0%        -     0.0%    0.190 (0.191 / 0.188) /  0.611      0    0        0      0
    4.89     0.0%        -     0.0%    0.188 (0.189 / 0.188) /  0.614      0    0        0      0
    4.88     0.0%        -     0.0%    0.188 (0.189 / 0.188) /  0.253      0    0        0      0
    4.87     0.0%        -     0.0%    0.189 (0.190 / 0.189) /  0.615      0    0        0      0
    4.86     0.0%        -     0.0%    0.188 (0.187 / 0.189) /  0.252      0    0        0      0
    4.85     0.0%        -     0.0%    0.188 (0.188 / 0.187) /  0.239      0    0        0    256
    4.84     0.0%        -     0.0%    0.188 (0.188 / 0.187) /  0.251      0    0        0      0
    4.83     0.0%        -     0.0%    0.188 (0.188 / 0.189) /  0.232      0    0        0      0
    4.82     0.0%        -     0.0%    0.187 (0.187 / 0.188) /  0.249      0    0        0      0
    4.81     0.0%        -     0.0%    0.188 (0.189 / 0.188) /  0.235      0    0        0      0
    4.80     0.0%        -     0.0%    0.188 (0.188 / 0.186) /  0.599      0    0        0      0
    4.79     0.0%        -     0.0%    0.189 (0.189 / 0.188) /  0.231      0    0        0      0
    4.78     0.0%        -     0.0%    0.189 (0.187 / 0.190) /  0.413      0    0        0      0
    4.77     0.0%        -     0.0%    0.188 (0.188 / 0.188) /  0.249      0    0        0      0
    4.76     0.0%        -     0.0%    0.187 (0.187 / 0.186) /  0.239      0    0        0      0
    4.75     0.0%        -     0.0%    0.190 (0.191 / 0.190) /  0.251      0    0        0      0
    4.74     0.0%        -     0.0%    0.188 (0.188 / 0.188) /  0.239      0    0        0      0
    4.73     0.0%        -     0.0%    0.189 (0.189 / 0.189) /  0.246      0    0        0      0
    4.72     0.0%        -     0.0%    0.188 (0.187 / 0.188) /  0.252      0    0        0      0
    4.71     0.0%        -     0.0%    0.190 (0.190 / 0.190) /  0.615      0    0        0      0
    4.70     0.0%        -     0.0%    0.187 (0.189 / 0.186) /  0.400      0    0        0    256
    4.69     0.0%        -     0.0%    0.188 (0.188 / 0.188) /  0.399      0    0        0      0
    4.68     0.0%        -     0.0%    0.190 (0.190 / 0.190) /  0.338      0    0        0      0
    4.67     0.0%        -     0.0%    0.188 (0.189 / 0.188) /  0.409      0    0        0      0
    4.66     0.0%        -     0.0%    0.188 (0.189 / 0.188) /  0.633      0    0        0      0
    4.65     0.0%        -     0.0%    0.188 (0.188 / 0.188) /  0.399      0    0        0      0
    4.64     0.0%        -     0.0%    0.187 (0.186 / 0.188) /  0.240      0    0        0    256
    4.63     0.0%        -     0.0%    0.187 (0.188 / 0.187) /  0.255      0    0        0      0
    4.62     0.0%        -     0.0%    0.188 (0.188 / 0.188) /  0.246      0    0        0      0
    4.61     0.0%        -     0.0%    0.187 (0.187 / 0.188) /  0.238      0    0        0      0
    4.60     0.0%        -     0.0%    0.188 (0.189 / 0.188) /  0.241      0    0        0      0
    4.59     0.0%        -     0.0%    0.187 (0.187 / 0.187) /  0.249      0    0        0      0
    4.58     0.0%        -     0.0%    0.188 (0.189 / 0.188) /  0.321      0    0        0      0
    4.57     0.0%        -     0.0%    0.187 (0.187 / 0.188) /  0.250      0    0        0      0
    4.56     0.0%        -     0.0%    0.189 (0.188 / 0.189) /  0.267      0    0        0      0
    4.55     0.0%        -     0.0%    0.188 (0.188 / 0.189) /  0.605      0    0        0      0
    4.54     0.0%        -     0.0%    0.189 (0.189 / 0.189) /  0.623      0    0        0      0
    4.53     0.0%        -     0.0%    0.189 (0.190 / 0.189) /  0.247      0    0        0      0
    4.52     0.0%        -     0.0%    0.188 (0.188 / 0.187) /  0.266      0    0        0      0
    4.51     0.0%        -     0.0%    0.188 (0.188 / 0.188) /  0.611      0    0        0    256
    4.50     0.0%        -     0.0%    0.190 (0.189 / 0.191) /  0.259      0    0        0      0
    4.49     0.0%        -     0.0%    0.188 (0.188 / 0.189) /  0.632      0    0        0      0
    4.48     0.0%        -     0.0%    0.188 (0.188 / 0.188) /  0.400      0    0        0      0
    4.47     0.0%        -     0.0%    0.188 (0.188 / 0.188) /  0.412      0    0        0      0
    4.46     0.0%        -     0.0%    0.188 (0.188 / 0.188) /  0.231      0    0        0      0
    4.45     0.0%        -     0.0%    0.188 (0.188 / 0.187) /  0.255      0    0        0      0
    4.44     0.0%        -     0.0%    0.189 (0.188 / 0.190) /  0.270      0    0        0      0
    4.43     0.0%        -     0.0%    0.188 (0.188 / 0.188) /  0.611      0    0        0      0
    4.42     0.0%        -     0.0%    0.190 (0.189 / 0.192) /  0.621      0    0        0      0
    4.41     0.0%        -     0.0%    0.188 (0.188 / 0.189) /  0.617      0    0        0      0
    4.40     0.0%        -     0.0%    0.188 (0.188 / 0.188) /  0.621      0    0        0      0
    4.39     0.0%        -     0.0%    0.188 (0.188 / 0.190) /  0.270      0    0        0      0
    4.38     0.0%        -     0.0%    0.188 (0.188 / 0.188) /  0.264      0    0        0      0
    4.37     0.0%        -     0.0%    0.190 (0.190 / 0.190) /  0.399      0    0        0      0
    4.36     0.0%        -     0.0%    0.189 (0.188 / 0.189) /  0.402      0    0        0      0
    4.35     0.0%        -     0.0%    0.187 (0.187 / 0.188) /  0.396      0    0        0      0
    4.34     0.0%        -     0.0%    0.186 (0.187 / 0.186) /  0.625      0    0        0      0
    4.33     0.0%        -     0.0%    0.187 (0.187 / 0.187) /  0.417      0    0        0      0
    4.32     0.0%        -     0.0%    0.186 (0.185 / 0.187) /  0.406      0    0        0      0
    4.31     0.0%        -     0.0%    0.187 (0.187 / 0.186) /  0.295      0    0        0      0
    4.30     0.0%        -     0.0%    0.189 (0.188 / 0.189) /  0.229      0    0        0      0
    4.29     0.0%        -     0.0%    0.188 (0.186 / 0.189) /  0.245      0    0        0      0
    4.28     0.0%        -     0.0%    0.186 (0.186 / 0.186) /  0.274      0    0        0      0
    4.27     0.0%        -     0.0%    0.186 (0.186 / 0.187) /  0.607      0    0        0      0
    4.26     0.0%        -     0.0%    0.186 (0.185 / 0.188) /  0.391      0    0        0      0
    4.25     0.0%        -     0.0%    0.188 (0.188 / 0.188) /  0.258      0    0        0      0
    4.24     0.0%        -     0.0%    0.187 (0.187 / 0.187) /  0.236      0    0        0      0
    4.23     0.0%        -     0.0%    0.186 (0.187 / 0.186) /  0.234      0    0        0      0
    4.22     0.0%        -     0.0%    0.187 (0.187 / 0.187) /  0.257      0    0        0    256
    4.21     0.0%        -     0.0%    0.187 (0.185 / 0.187) /  0.276      0    0        0      0
    4.20     0.0%        -     0.0%    0.188 (0.187 / 0.188) /  0.388      0    0        0      0
    4.19     0.0%        -     0.0%    0.187 (0.188 / 0.187) /  0.248      0    0        0      0
    4.18     0.0%        -     0.0%    0.188 (0.189 / 0.188) /  0.244      0    0        0      0
    4.17     0.0%        -     0.0%    0.188 (0.187 / 0.189) /  0.269      0    0        0      0
    4.16     0.0%        -     0.0%    0.188 (0.189 / 0.188) /  0.273      0    0        0    256
    4.15     0.0%        -     0.0%    0.187 (0.187 / 0.188) /  0.406      0    0        0      0
    4.14     0.0%        -     0.0%    0.187 (0.187 / 0.187) /  0.254      0    0        0      0
    4.13     0.0%        -     0.0%    0.188 (0.188 / 0.187) /  0.248      0    0        0      0
    4.12     0.0%        -     0.0%    0.187 (0.188 / 0.186) /  0.406      0    0        0      0
    4.11     0.0%        -     0.0%    0.187 (0.187 / 0.187) /  0.249      0    0        0      0
    4.10     0.0%        -     0.0%    0.187 (0.188 / 0.187) /  0.259      0    0        0      0
    4.09     0.0%        -     0.0%    0.188 (0.188 / 0.188) /  0.831      0    0        0      0
    4.08     0.0%        -     0.0%    0.187 (0.187 / 0.187) /  0.404      0    0        0      0
    4.07     0.0%        -     0.0%    0.187 (0.187 / 0.187) /  0.237      0    0        0      0
    4.06     0.0%        -     0.0%    0.187 (0.187 / 0.187) /  0.407      0    0        0      0
    4.05     0.0%        -     0.0%    0.187 (0.187 / 0.186) /  0.246      0    0        0      0
    4.04     0.0%        -     0.0%    0.187 (0.187 / 0.187) /  0.251      0    0        0      0
    4.03     0.0%        -     0.0%    0.187 (0.187 / 0.187) /  0.403      0    0        0      0
    4.02     0.0%        -     0.0%    0.188 (0.187 / 0.189) /  0.275      0    0        0      0
    4.01     0.0%        -     0.0%    0.187 (0.188 / 0.187) /  0.242      0    0        0      0
    4.00     0.0%        -     0.0%    0.188 (0.188 / 0.188) /  0.246      0    0        0      0
    3.99     0.0%        -     0.0%    0.187 (0.188 / 0.187) /  0.401      0    0        0      0
    3.98     0.0%        -     0.0%    0.189 (0.189 / 0.190) /  0.273      0    0        0    256
    3.97     0.0%        -     0.0%    0.187 (0.188 / 0.186) /  0.416      0    0        0      0
    3.96     0.0%        -     0.0%    0.187 (0.186 / 0.187) /  0.258      0    0        0      0
    3.95     0.0%        -     0.0%    0.188 (0.188 / 0.189) /  0.599      0    0        0      0
    3.94     0.0%        -     0.0%    0.186 (0.188 / 0.186) /  0.282      0    0        0      0
    3.93     0.0%        -     0.0%    0.187 (0.188 / 0.187) /  0.609      0    0        0      0
    3.92     0.0%        -     0.0%    0.188 (0.188 / 0.188) /  0.610      0    0        0      0
    3.91     0.0%        -     0.0%    0.188 (0.188 / 0.188) /  0.411      0    0        0      0
    3.90     0.0%        -     0.0%    0.187 (0.186 / 0.188) /  0.403      0    0        0      0
    3.89     0.0%        -     0.0%    0.186 (0.187 / 0.185) /  0.272      0    0        0      0
    3.88     0.0%        -     0.0%    0.187 (0.187 / 0.188) /  0.643      0    0        0      0
    3.87     0.0%        -     0.0%    0.186 (0.186 / 0.186) /  0.620      0    0        0      0
    3.86     0.0%        -     0.0%    0.188 (0.187 / 0.189) /  0.302      0    0        0    256
    3.85     0.0%        -     0.0%    0.186 (0.186 / 0.187) /  0.236      0    0        0      0
    3.84     0.0%        -     0.0%    0.187 (0.189 / 0.187) /  0.244      0    0        0      0
    3.83     0.0%        -     0.0%    0.186 (0.187 / 0.186) /  0.250      0    0        0      0
    3.82     0.0%        -     0.0%    0.187 (0.187 / 0.186) /  0.401      0    0        0      0
    3.81     0.0%        -     0.0%    0.186 (0.187 / 0.186) /  0.397      0    0        0      0
    3.80     0.0%        -     0.0%    0.187 (0.187 / 0.186) /  0.285      0    0        0      0
    3.79     0.0%        -     0.0%    0.189 (0.189 / 0.189) /  0.267      0    0        0    256
    3.78     0.0%        -     0.0%    0.188 (0.187 / 0.189) /  0.419      0    0        0    256
    3.77     0.0%        -     0.0%    0.188 (0.187 / 0.189) /  0.242      0    0        0      0
    3.76     0.0%        -     0.0%    0.188 (0.187 / 0.188) /  0.240      0    0        0      0
    3.75     0.0%        -     0.0%    0.188 (0.187 / 0.190) /  0.242      0    0        0      0
    3.74     0.0%        -     0.0%    0.187 (0.188 / 0.187) /  0.251      0    0        0      0
    3.73     0.0%        -     0.0%    0.188 (0.189 / 0.188) /  0.254      0    0        0    256
    3.72     0.0%        -     0.0%    0.187 (0.187 / 0.188) /  0.397      0    0        0      0
    3.71     0.0%        -     0.0%    0.188 (0.189 / 0.187) /  0.261      0    0        0      0
    3.70     0.0%        -     0.0%    0.191 (0.191 / 0.192) /  0.609      0    0        0      0
    3.69     0.0%        -     0.0%    0.187 (0.187 / 0.186) /  0.609      0    0        0      0
    3.68     0.0%        -     0.0%    0.188 (0.188 / 0.188) /  0.400      0    0        0      0
    3.67     0.0%        -     0.0%    0.188 (0.187 / 0.188) /  0.410      0    0        0      0
    3.66     0.0%        -     0.0%    0.187 (0.188 / 0.187) /  0.399      0    0        0    256
    3.65     0.0%        -     0.0%    0.188 (0.188 / 0.188) /  0.410      0    0        0      0
    3.64     0.0%        -     0.0%    0.187 (0.187 / 0.187) /  0.253      0    0        0      0
    3.63     0.0%        -     0.0%    0.187 (0.188 / 0.187) /  0.275      0    0        0      0
    3.62     0.0%        -     0.0%    0.188 (0.187 / 0.188) /  0.272      0    0        0      0
    3.61     0.0%        -     0.0%    0.186 (0.186 / 0.187) /  0.610      0    0        0      0
    3.60     0.0%        -     0.0%    0.188 (0.188 / 0.188) /  0.817      0    0        0    256
    3.59     0.0%        -     0.0%    0.188 (0.187 / 0.188) /  0.262      0    0        0      0
    3.58     0.0%        -     0.0%    0.187 (0.187 / 0.186) /  0.254      0    0        0      0
    3.57     0.0%        -     0.0%    0.187 (0.188 / 0.187) /  0.257      0    0        0      0
    3.56     0.0%        -     0.0%    0.186 (0.186 / 0.186) /  0.268      0    0        0      0
    3.55     0.0%        -     0.0%    0.189 (0.189 / 0.189) /  0.291      0    0        0      0
    3.54     0.0%        -     0.0%    0.188 (0.187 / 0.189) /  0.402      0    0        0      0
    3.53     0.0%        -     0.0%    0.187 (0.187 / 0.187) /  0.280      0    0        0      0
    3.52     0.0%        -     0.0%    0.186 (0.188 / 0.186) /  0.255      0    0        0      0
    3.51     0.0%        -     0.0%    0.186 (0.186 / 0.186) /  0.416      0    0        0      0
    3.50     0.0%        -     0.0%    0.187 (0.189 / 0.187) /  0.409      0    0        0      0
    3.49     0.0%        -     0.0%    0.187 (0.188 / 0.185) /  0.395      0    0        0      0
    3.48     0.0%        -     0.0%    0.188 (0.187 / 0.189) /  0.257      0    0        0      0
    3.47     0.0%        -     0.0%    0.187 (0.187 / 0.187) /  0.390      0    0        0      0
    3.46     0.0%        -     0.0%    0.187 (0.187 / 0.186) /  0.412      0    0        0      0
    3.45     0.0%        -     0.0%    0.190 (0.189 / 0.191) /  0.605      0    0        0      0
    3.44     0.0%        -     0.0%    0.187 (0.187 / 0.187) /  0.249      0    0        0      0
    3.43     0.0%        -     0.0%    0.187 (0.186 / 0.187) /  0.255      0    0        0      0
    3.42     0.0%        -     0.0%    0.187 (0.187 / 0.188) /  0.391      0    0        0      0
    3.41     0.0%        -     0.0%    0.186 (0.186 / 0.187) /  0.405      0    0        0    256
    3.40     0.0%        -     0.0%    0.190 (0.189 / 0.190) /  0.273      0    0        0    256
    3.39     0.0%        -     0.0%    0.186 (0.185 / 0.187) /  0.403      0    0        0      0
    3.38     0.0%        -     0.0%    0.188 (0.187 / 0.188) /  0.262      0    0        0      0
    3.37     0.0%        -     0.0%    0.188 (0.188 / 0.189) /  0.409      0    0        0      0
    3.36     0.0%        -     0.0%    0.187 (0.186 / 0.188) /  0.393      0    0        0      0
    3.35     0.0%        -     0.0%    0.187 (0.187 / 0.188) /  0.296      0    0        0      0
    3.34     0.0%        -     0.0%    0.188 (0.187 / 0.188) /  0.252      0    0        0      0
    3.33     0.0%        -     0.0%    0.186 (0.186 / 0.187) /  0.269      0    0        0      0
    3.32     0.0%        -     0.0%    0.189 (0.189 / 0.189) /  0.242      0    0        0      0
    3.31     0.0%        -     0.0%    0.189 (0.188 / 0.189) /  0.264      0    0        0      0
    3.30     0.0%        -     0.0%    0.187 (0.186 / 0.189) /  0.268      0    0        0      0
    3.29     0.0%        -     0.0%    0.187 (0.188 / 0.186) /  0.399      0    0        0      0
    3.28     0.0%        -     0.0%    0.187 (0.186 / 0.188) /  0.249      0    0        0      0
    3.27     0.0%        -     0.0%    0.189 (0.189 / 0.189) /  0.272      0    0        0      0
    3.26     0.0%        -     0.0%    0.188 (0.188 / 0.188) /  0.267      0    0        0      0
    3.25     0.0%        -     0.0%    0.187 (0.188 / 0.187) /  0.245      0    0        0      0
    3.24     0.0%        -     0.0%    0.189 (0.188 / 0.190) /  0.432      0    0        0      0
    3.23     0.0%        -     0.0%    0.190 (0.190 / 0.189) /  0.282      0    0        0      0
    3.22     0.0%        -     0.0%    0.188 (0.188 / 0.188) /  0.407      0    0        0      0
    3.21     0.0%        -     0.0%    0.188 (0.188 / 0.188) /  0.267      0    0        0      0
    3.20     0.0%        -     0.0%    0.185 (0.185 / 0.185) /  0.237      0    0        0      0
    3.19     0.0%        -     0.0%    0.188 (0.188 / 0.188) /  0.245      0    0        0      0
    3.18     0.0%        -     0.0%    0.186 (0.186 / 0.186) /  0.246      0    0        0      0
    3.17     0.0%        -     0.0%    0.188 (0.189 / 0.187) /  0.399      0    0        0      0
    3.16     0.0%        -     0.0%    0.189 (0.189 / 0.190) /  0.400      0    0        0      0
    3.15     0.0%        -     0.0%    0.187 (0.188 / 0.186) /  0.378      0    0        0      0
    3.14     0.0%        -     0.0%    0.189 (0.189 / 0.189) /  0.629      0    0        0      0
    3.13     0.0%        -     0.0%    0.188 (0.188 / 0.189) /  0.248      0    0        0      0
    3.12     0.0%        -     0.0%    0.187 (0.188 / 0.187) /  0.395      0    0        0      0
    3.11     0.0%        -     0.0%    0.188 (0.188 / 0.188) /  0.401      0    0        0      0
    3.10     0.0%        -     0.0%    0.188 (0.189 / 0.188) /  0.397      0    0        0      0
    3.09     0.0%        -     0.0%    0.189 (0.188 / 0.189) /  0.239      0    0        0      0
    3.08     0.0%        -     0.0%    0.190 (0.190 / 0.190) /  0.270      0    0        0      0
    3.07     0.0%        -     0.0%    0.188 (0.189 / 0.188) /  0.612      0    0        0      0
    3.06     0.0%        -     0.0%    0.187 (0.187 / 0.188) /  0.266      0    0        0      0
    3.05     0.0%        -     0.0%    0.188 (0.188 / 0.188) /  0.249      0    0        0    256
    3.04     0.0%        -     0.0%    0.186 (0.187 / 0.186) /  0.633      0    0        0      0
    3.03     0.0%        -     0.0%    0.191 (0.191 / 0.190) /  0.389      0    0        0    256
    3.02     0.0%        -     0.0%    0.187 (0.188 / 0.186) /  0.422      0    0        0      0
    3.01     0.0%        -     0.0%    0.187 (0.187 / 0.187) /  0.411      0    0        0      0
    3.00     0.0%        -     0.0%    0.188 (0.188 / 0.188) /  0.414      0    0        0      0
    2.99     0.0%        -     0.0%    0.187 (0.186 / 0.187) /  0.260      0    0        0      0
    2.98     0.0%        -     0.0%    0.186 (0.185 / 0.187) /  0.408      0    0        0      0
    2.97     0.0%        -     0.0%    0.187 (0.187 / 0.186) /  0.241      0    0        0      0
    2.96     0.0%        -     0.0%    0.187 (0.188 / 0.187) /  0.608      0    0        0      0
    2.95     0.0%        -     0.0%    0.186 (0.186 / 0.186) /  0.273      0    0        0      0
    2.94     0.0%        -     0.0%    0.187 (0.187 / 0.187) /  0.649      0    0        0      0
    2.93     0.0%        -     0.0%    0.185 (0.185 / 0.185) /  0.443      0    0        0      0
    2.92     0.0%        -     0.0%    0.186 (0.186 / 0.186) /  0.235      0    0        0      0
    2.91     0.0%        -     0.0%    0.186 (0.187 / 0.185) /  0.625      0    0        0      0
    2.90     0.0%        -     0.0%    0.187 (0.188 / 0.186) /  0.604      0    0        0      0
    2.89     0.0%        -     0.0%    0.186 (0.186 / 0.186) /  0.393      0    0        0      0
    2.88     0.0%        -     0.0%    0.187 (0.187 / 0.187) /  0.420      0    0        0      0
    2.87     0.0%        -     0.0%    0.186 (0.185 / 0.186) /  0.228      0    0        0    256
    2.86     0.0%        -     0.0%    0.188 (0.187 / 0.188) /  0.257      0    0        0    256
    2.85     0.0%        -     0.0%    0.187 (0.187 / 0.187) /  0.252      0    0        0      0
    2.84     0.0%        -     0.0%    0.185 (0.185 / 0.185) /  0.260      0    0        0      0
    2.83     0.0%        -     0.0%    0.187 (0.185 / 0.188) /  0.233      0    0        0    256
    2.82     0.0%        -     0.0%    0.185 (0.186 / 0.185) /  0.433      0    0        0      0
    2.81     0.0%        -     0.0%    0.185 (0.186 / 0.184) /  0.398      0    0        0    256
    2.80     0.0%        -     0.0%    0.186 (0.186 / 0.186) /  0.249      0    0        0      0
    2.79     0.0%        -     0.0%    0.185 (0.186 / 0.185) /  0.247      0    0        0      0
    2.78     0.0%        -     0.0%    0.186 (0.185 / 0.186) /  0.416      0    0        0      0
    2.77     0.0%        -     0.0%    0.187 (0.188 / 0.187) /  0.240      0    0        0    256
    2.76     0.0%        -     0.0%    0.185 (0.186 / 0.185) /  0.228      0    0        0      0
    2.75     0.0%        -     0.0%    0.185 (0.186 / 0.185) /  0.424      0    0        0      0
    2.74     0.0%        -     0.0%    0.189 (0.189 / 0.189) /  1.251      0    0        0      0
    2.73     0.0%        -     0.0%    0.184 (0.185 / 0.184) /  0.238      0    0        0      0
    2.72     0.0%        -     0.0%    0.187 (0.187 / 0.187) /  0.608      0    0        0      0
    2.71     0.0%        -     0.0%    0.186 (0.186 / 0.185) /  0.240      0    0        0      0
    2.70     0.0%        -     0.0%    0.185 (0.185 / 0.186) /  0.247      0    0        0      0
    2.69     0.0%        -     0.0%    0.186 (0.185 / 0.186) /  0.408      0    0        0      0
    2.68     0.0%        -     0.0%    0.186 (0.186 / 0.186) /  0.235      0    0        0      0
    2.67     0.0%        -     0.0%    0.185 (0.184 / 0.185) /  0.227      0    0        0    256
    2.66     0.0%        -     0.0%    0.185 (0.185 / 0.186) /  0.233      0    0        0      0
    2.65     0.0%        -     0.0%    0.187 (0.187 / 0.186) /  0.299      0    0        0      0
    2.64     0.0%        -     0.0%    0.186 (0.186 / 0.185) /  0.604      0    0        0      0
    2.63     0.0%        -     0.0%    0.185 (0.185 / 0.185) /  0.405      0    0        0      0
    2.62     0.0%        -     0.0%    0.186 (0.187 / 0.186) /  0.234      0    0        0      0
    2.61     0.0%        -     0.0%    0.186 (0.186 / 0.186) /  0.401      0    0        0      0
    2.60     0.0%        -     0.0%    0.186 (0.185 / 0.187) /  0.610      0    0        0      0
    2.59     0.0%        -     0.0%    0.186 (0.187 / 0.185) /  0.228      0    0        0      0
    2.58     0.0%        -     0.0%    0.186 (0.186 / 0.186) /  0.233      0    0        0      0
    2.57     0.0%        -     0.0%    0.186 (0.186 / 0.186) /  0.610      0    0        0      0
    2.56     0.0%        -     0.0%    0.186 (0.186 / 0.186) /  0.236      0    0        0      0
    2.55     0.0%        -     0.0%    0.186 (0.186 / 0.187) /  0.246      0    0        0      0
    2.54     0.0%        -     0.0%    0.186 (0.186 / 0.186) /  0.234      0    0        0      0
    2.53     0.0%        -     0.0%    0.186 (0.185 / 0.187) /  0.257      0    0        0      0
    2.52     0.0%        -     0.0%    0.186 (0.186 / 0.185) /  0.235      0    0        0      0
    2.51     0.0%        -     0.0%    0.186 (0.186 / 0.186) /  0.251      0    0        0    256
    2.50     0.0%        -     0.0%    0.188 (0.188 / 0.188) /  0.397      0    0        0      0
    2.49     0.0%        -     0.0%    0.189 (0.189 / 0.188) /  0.350      0    0        0      0
    2.48     0.0%        -     0.0%    0.187 (0.187 / 0.187) /  0.611      0    0        0      0
    2.47     0.0%        -     0.0%    0.186 (0.186 / 0.186) /  0.251      0    0        0      0
    2.46     0.0%        -     0.0%    0.186 (0.186 / 0.186) /  0.619      0    0        0      0
    2.45     0.0%        -     0.0%    0.188 (0.189 / 0.188) /  0.435      0    0        0      0
    2.44     0.0%        -     0.0%    0.187 (0.187 / 0.187) /  0.231      0    0        0      0
    2.43     0.0%        -     0.0%    0.187 (0.188 / 0.187) /  0.259      0    0        0      0
    2.42     0.0%        -     0.0%    0.186 (0.187 / 0.186) /  0.611      0    0        0    256
    2.41     0.0%        -     0.0%    0.187 (0.186 / 0.187) /  0.237      0    0        0      0
    2.40     0.0%        -     0.0%    0.188 (0.188 / 0.187) /  0.238      0    0        0      0
    2.39     0.0%        -     0.0%    0.186 (0.187 / 0.186) /  0.239      0    0        0      0
    2.38     0.0%        -     0.0%    0.188 (0.188 / 0.188) /  0.404      0    0        0      0
    2.37     0.0%        -     0.0%    0.189 (0.189 / 0.189) /  0.398      0    0        0      0
    2.36     0.0%        -     0.0%    0.185 (0.185 / 0.185) /  0.261      0    0        0      0
    2.35     0.0%        -     0.0%    0.186 (0.186 / 0.186) /  0.616      0    0        0    256
    2.34     0.0%        -     0.0%    0.187 (0.186 / 0.187) /  0.623      0    0        0      0
    2.33     0.0%        -     0.0%    0.186 (0.186 / 0.186) /  0.253      0    0        0      0
    2.32     0.0%        -     0.0%    0.185 (0.186 / 0.185) /  0.413      0    0        0      0
    2.31     0.0%        -     0.0%    0.186 (0.185 / 0.187) /  0.264      0    0        0      0
    2.30     0.0%        -     0.0%    0.187 (0.188 / 0.185) /  0.607      0    0        0      0
    2.29     0.0%        -     0.0%    0.185 (0.186 / 0.185) /  0.249      0    0        0      0
    2.28     0.0%        -     0.0%    0.186 (0.186 / 0.187) /  0.246      0    0        0      0
    2.27     0.0%        -     0.0%    0.186 (0.186 / 0.185) /  0.262      0    0        0      0
    2.26     0.0%        -     0.0%    0.186 (0.186 / 0.186) /  0.829      0    0        0      0
    2.25     0.0%        -     0.0%    0.186 (0.186 / 0.186) /  0.255      0    0        0    256
    2.24     0.0%        -     0.0%    0.187 (0.189 / 0.186) /  0.630      0    0        0      0
    2.23     0.0%        -     0.0%    0.185 (0.185 / 0.184) /  0.237      0    0        0      0
    2.22     0.0%        -     0.0%    0.186 (0.186 / 0.187) /  0.245      0    0        0    256
    2.21     0.0%        -     0.0%    0.188 (0.188 / 0.187) /  0.604      0    0        0      0
    2.20     0.0%        -     0.0%    0.185 (0.186 / 0.185) /  0.401      0    0        0      0
    2.19     0.0%        -     0.0%    0.186 (0.187 / 0.185) /  0.242      0    0        0      0
    2.18     0.0%        -     0.0%    0.186 (0.186 / 0.187) /  0.409      0    0        0      0
    2.17     0.0%        -     0.0%    0.188 (0.188 / 0.187) /  0.256      0    0        0      0
    2.16     0.0%        -     0.0%    0.186 (0.185 / 0.187) /  0.390      0    0        0      0
    2.15     0.0%        -     0.0%    0.187 (0.187 / 0.186) /  0.231      0    0        0      0
    2.14     0.0%        -     0.0%    0.187 (0.187 / 0.186) /  0.250      0    0        0      0
    2.13     0.0%        -     0.0%    0.186 (0.186 / 0.186) /  0.270      0    0        0      0
    2.12     0.0%        -     0.0%    0.186 (0.187 / 0.186) /  0.247      0    0        0      0
    2.11     0.0%        -     0.0%    0.186 (0.187 / 0.186) /  0.255      0    0        0      0
    2.10     0.0%        -     0.0%    0.187 (0.189 / 0.186) /  0.251      0    0        0      0
    2.09     0.0%        -     0.0%    0.185 (0.185 / 0.187) /  0.254      0    0        0      0
    2.08     0.0%        -     0.0%    0.186 (0.187 / 0.185) /  0.264      0    0        0      0
    2.07     0.0%        -     0.0%    0.189 (0.188 / 0.189) /  0.401      0    0        0      0
    2.06     0.0%        -     0.0%    0.186 (0.186 / 0.186) /  0.401      0    0        0      0
    2.05     0.0%        -     0.0%    0.186 (0.186 / 0.185) /  0.254      0    0        0      0
    2.04     0.0%        -     0.0%    0.188 (0.188 / 0.188) /  0.605      0    0        0      0
    2.03     0.0%        -     0.0%    0.187 (0.188 / 0.186) /  0.265      0    0        0      0
    2.02     0.0%        -     0.0%    0.186 (0.186 / 0.185) /  0.272      0    0        0      0
    2.01     0.0%        -     0.0%    0.185 (0.184 / 0.185) /  0.365      0    0        0      0
    2.00     0.0%        -     0.0%    0.184 (0.185 / 0.184) /  0.410      0    0        0      0
    1.99     0.0%        -     0.0%    0.186 (0.186 / 0.185) /  0.252      0    0        0      0
    1.98     0.0%        -     0.0%    0.185 (0.186 / 0.185) /  0.265      0    0        0      0
    1.97     0.0%        -     0.0%    0.186 (0.186 / 0.186) /  0.251      0    0        0      0
    1.96     0.0%        -     0.0%    0.187 (0.188 / 0.187) /  0.272      0    0        0      0
    1.95     0.0%        -     0.0%    0.185 (0.186 / 0.185) /  0.443      0    0        0    256
    1.94     0.0%        -     0.0%    0.186 (0.186 / 0.186) /  0.614      0    0        0      0
    1.93     0.0%        -     0.0%    0.184 (0.185 / 0.184) /  0.607      0    0        0      0
    1.92     0.0%        -     0.0%    0.186 (0.186 / 0.186) /  0.454      0    0        0      0
    1.91     0.0%        -     0.0%    0.187 (0.187 / 0.186) /  0.246      0    0        0      0
    1.90     0.0%        -     0.0%    0.186 (0.186 / 0.187) /  0.407      0    0        0      0
    1.89     0.0%        -     0.0%    0.185 (0.185 / 0.185) /  0.410      0    0        0      0
    1.88     0.0%        -     0.0%    0.187 (0.186 / 0.187) /  0.251      0    0        0      0
    1.87     0.0%        -     0.0%    0.185 (0.184 / 0.186) /  0.245      0    0        0      0
    1.86     0.0%        -     0.0%    0.187 (0.187 / 0.187) /  0.232      0    0        0      0
    1.85     0.0%        -     0.0%    0.187 (0.188 / 0.187) /  0.639      0    0        0    256
    1.84     0.0%        -     0.0%    0.186 (0.186 / 0.186) /  0.425      0    0        0      0
    1.83     0.0%        -     0.0%    0.185 (0.186 / 0.184) /  0.247      0    0        0      0
    1.82     0.0%        -     0.0%    0.187 (0.187 / 0.186) /  0.250      0    0        0      0
    1.81     0.0%        -     0.0%    0.187 (0.187 / 0.187) /  0.244      0    0        0      0
    1.80     0.0%        -     0.0%    0.186 (0.186 / 0.186) /  0.245      0    0        0      0
    1.79     0.0%        -     0.0%    0.187 (0.187 / 0.186) /  0.607      0    0        0      0
    1.78     0.0%        -     0.0%    0.185 (0.186 / 0.185) /  0.249      0    0        0      0
    1.77     0.0%        -     0.0%    0.186 (0.186 / 0.186) /  0.244      0    0        0      0
    1.76     0.0%        -     0.0%    0.186 (0.185 / 0.186) /  0.242      0    0        0      0
    1.75     0.0%        -     0.0%    0.185 (0.184 / 0.186) /  0.239      0    0        0      0
    1.74     0.0%        -     0.0%    0.185 (0.186 / 0.185) /  0.255      0    0        0      0
    1.73     0.0%        -     0.0%    0.187 (0.187 / 0.186) /  0.393      0    0        0      0
    1.72     0.0%        -     0.0%    0.185 (0.185 / 0.186) /  0.238      0    0        0      0
    1.71     0.0%        -     0.0%    0.185 (0.185 / 0.186) /  0.240      0    0        0      0
    1.70     0.0%        -     0.0%    0.186 (0.185 / 0.187) /  0.241      0    0        0      0
    1.69     0.0%        -     0.0%    0.185 (0.185 / 0.185) /  0.235      0    0        0      0
    1.68     0.0%        -     0.0%    0.186 (0.186 / 0.186) /  0.653      0    0        0      0
    1.67     0.0%        -     0.0%    0.186 (0.185 / 0.186) /  0.246      0    0        0      0
    1.66     0.0%        -     0.0%    0.186 (0.186 / 0.185) /  0.248      0    0        0      0
    1.65     0.0%        -     0.0%    0.186 (0.185 / 0.186) /  0.250      0    0        0      0
    1.64     0.0%        -     0.0%    0.183 (0.183 / 0.183) /  0.258      0    0        0      0
    1.63     0.0%        -     0.0%    0.184 (0.184 / 0.184) /  0.254      0    0        0      0
    1.62     0.0%        -     0.0%    0.186 (0.188 / 0.185) /  0.278      0    0        0      0
    1.61     0.0%        -     0.0%    0.186 (0.186 / 0.186) /  0.240      0    0        0      0
    1.60     0.0%        -     0.0%    0.184 (0.185 / 0.183) /  0.249      0    0        0      0
    1.59     0.0%        -     0.0%    0.185 (0.184 / 0.185) /  0.248      0    0        0      0
    1.58     0.0%        -     0.0%    0.187 (0.186 / 0.187) /  0.656      0    0        0      0
    1.57     0.0%        -     0.0%    0.184 (0.184 / 0.183) /  0.247      0    0        0      0
    1.56     0.0%        -     0.0%    0.185 (0.185 / 0.185) /  0.396      0    0        0      0
    1.55     0.0%        -     0.0%    0.185 (0.185 / 0.184) /  0.240      0    0        0      0
    1.54     0.0%        -     0.0%    0.185 (0.186 / 0.185) /  0.816      0    0        0      0
    1.53     0.0%        -     0.0%    0.185 (0.186 / 0.185) /  0.452      0    0        0    256
    1.52     0.0%        -     0.0%    0.184 (0.184 / 0.184) /  0.240      0    0        0      0
    1.51     0.0%        -     0.0%    0.185 (0.184 / 0.186) /  0.406      0    0        0      0
    1.50     0.0%        -     0.0%    0.186 (0.186 / 0.186) /  0.618      0    0        0      0
    1.49     0.0%        -     0.0%    0.188 (0.188 / 0.189) /  0.251      0    0        0    256
    1.48     0.0%        -     0.0%    0.184 (0.184 / 0.183) /  0.396      0    0        0      0
    1.47     0.0%        -     0.0%    0.183 (0.183 / 0.184) /  0.398      0    0        0    256
    1.46     0.0%        -     0.0%    0.184 (0.184 / 0.185) /  0.257      0    0        0      0
    1.45     0.0%        -     0.0%    0.186 (0.186 / 0.185) /  0.242      0    0        0      0
    1.44     0.0%        -     0.0%    0.184 (0.185 / 0.184) /  0.651      0    0        0      0
    1.43     0.0%        -     0.0%    0.185 (0.185 / 0.184) /  0.386      0    0        0      0
    1.42     0.0%        -     0.0%    0.184 (0.184 / 0.184) /  0.247      0    0        0      0
    1.41     0.0%        -     0.0%    0.183 (0.184 / 0.183) /  0.611      0    0        0      0
    1.40     0.0%        -     0.0%    0.184 (0.184 / 0.184) /  0.253      0    0        0      0
    1.39     0.0%        -     0.0%    0.184 (0.184 / 0.184) /  0.246      0    0        0      0
    1.38     0.0%        -     0.0%    0.183 (0.183 / 0.183) /  0.642      0    0        0    256
    1.37     0.0%        -     0.0%    0.183 (0.184 / 0.183) /  0.242      0    0        0      0
    1.36     0.0%        -     0.0%    0.184 (0.184 / 0.183) /  0.608      0    0        0      0
    1.35     0.0%        -     0.0%    0.183 (0.183 / 0.183) /  0.424      0    0        0      0
    1.34     0.0%        -     0.0%    0.182 (0.182 / 0.183) /  0.247      0    0        0      0
    1.33     0.0%        -     0.0%    0.184 (0.185 / 0.184) /  0.408      0    0        0      0
    1.32     0.0%        -     0.0%    0.185 (0.185 / 0.184) /  0.412      0    0        0      0
    1.31     0.0%        -     0.0%    0.183 (0.182 / 0.183) /  0.245      0    0        0      0
    1.30     0.0%        -     0.0%    0.183 (0.183 / 0.183) /  0.242      0    0        0      0
    1.29     0.0%        -     0.0%    0.182 (0.182 / 0.182) /  0.606      0    0        0      0
    1.28     0.0%        -     0.0%    0.183 (0.184 / 0.183) /  0.420      0    0        0      0
    1.27     0.0%        -     0.0%    0.184 (0.183 / 0.184) /  0.319      0    0        0    256
    1.26     0.0%        -     0.0%    0.182 (0.182 / 0.182) /  0.615      0    0        0      0
    1.25     0.0%        -     0.0%    0.182 (0.182 / 0.183) /  0.241      0    0        0      0
    1.24     0.0%        -     0.0%    0.183 (0.183 / 0.182) /  0.247      0    0        0      0
    1.23     0.0%        -     0.0%    0.184 (0.184 / 0.185) /  0.412      0    0        0      0
    1.22     0.0%        -     0.0%    0.183 (0.183 / 0.182) /  0.240      0    0        0      0
    1.21     0.0%        -     0.0%    0.183 (0.184 / 0.183) /  0.393      0    0        0      0
    1.20     0.0%        -     0.0%    0.183 (0.184 / 0.183) /  0.238      0    0        0      0
    1.19     0.0%        -     0.0%    0.184 (0.184 / 0.184) /  0.277      0    0        0      0
    1.18     0.0%        -     0.0%    0.184 (0.184 / 0.184) /  0.245      0    0        0      0
    1.17     0.0%        -     0.0%    0.183 (0.184 / 0.182) /  0.240      0    0        0      0
    1.16     0.0%        -     0.0%    0.184 (0.184 / 0.183) /  0.243      0    0        0      0
    1.15     0.0%        -     0.0%    0.183 (0.182 / 0.183) /  0.241      0    0        0      0
    1.14     0.0%        -     0.0%    0.184 (0.183 / 0.184) /  0.388      0    0        0    256
    1.13     0.0%        -     0.0%    0.185 (0.185 / 0.185) /  0.390      0    0        0      0
    1.12     0.0%        -     0.0%    0.184 (0.184 / 0.185) /  0.385      0    0        0      0
    1.11     0.0%        -     0.0%    0.183 (0.183 / 0.183) /  0.395      0    0        0      0
    1.10     0.0%        -     0.0%    0.182 (0.182 / 0.183) /  0.232      0    0        0      0
    1.09     0.0%        -     0.0%    0.184 (0.184 / 0.184) /  0.395      0    0        0      0
    1.08     0.0%        -     0.0%    0.184 (0.184 / 0.184) /  0.392      0    0        0      0
    1.07     0.0%        -     0.0%    0.183 (0.183 / 0.183) /  0.404      0    0        0      0
    1.06     0.0%        -     0.0%    0.183 (0.183 / 0.183) /  0.235      0    0        0      0
    1.05     0.0%        -     0.0%    0.183 (0.183 / 0.184) /  0.342      0    0        0      0
    1.04     0.0%        -     0.0%    0.182 (0.182 / 0.182) /  0.229      0    0        0      0
    1.03     0.0%        -     0.0%    0.181 (0.181 / 0.181) /  0.405      0    0        0      0
    1.02     0.0%        -     0.0%    0.182 (0.182 / 0.182) /  0.400      0    0        0      0
    1.01     0.0%        -     0.0%    0.182 (0.182 / 0.182) /  0.235      0    0        0      0
    1.00     0.0%        -     0.0%    0.182 (0.182 / 0.182) /  0.600      0    0        0      0
    0.99     0.0%        -     0.0%    0.181 (0.181 / 0.181) /  0.238      0    0        0      0
    0.98     0.0%        -     0.0%    0.181 (0.180 / 0.181) /  0.610      0    0        0      0
    0.97     0.0%        -     0.0%    0.181 (0.181 / 0.181) /  0.236      0    0        0      0
    0.96     0.0%        -     0.0%    0.181 (0.181 / 0.181) /  0.234      0    0        0      0
    0.95     0.0%        -     0.0%    0.181 (0.181 / 0.181) /  0.232      0    0        0      0
    0.94     0.0%        -     0.0%    0.182 (0.182 / 0.182) /  0.242      0    0        0      0
    0.93     0.0%        -     0.0%    0.184 (0.185 / 0.184) /  0.240      0    0        0      0
    0.92     0.0%        -     0.0%    0.182 (0.182 / 0.182) /  0.220      0    0        0      0
    0.91     0.0%        -     0.0%    0.181 (0.181 / 0.181) /  0.228      0    0        0      0
    0.90     0.0%        -     0.0%    0.182 (0.181 / 0.183) /  0.404      0    0        0      0
    0.89     0.0%        -     0.0%    0.181 (0.182 / 0.181) /  0.404      0    0        0      0
    0.88     0.0%        -     0.0%    0.182 (0.182 / 0.182) /  0.269      0    0        0      0
    0.87     0.0%        -     0.0%    0.181 (0.182 / 0.181) /  0.219      0    0        0      0
    0.86     0.0%        -     0.0%    0.182 (0.182 / 0.182) /  0.609      0    0        0      0
    0.85     0.0%        -     0.0%    0.182 (0.183 / 0.182) /  0.244      0    0        0      0
    0.84     0.0%        -     0.0%    0.182 (0.181 / 0.183) /  0.401      0    0        0      0
    0.83     0.0%        -     0.0%    0.182 (0.182 / 0.183) /  0.610      0    0        0      0
    0.82     0.0%        -     0.0%    0.181 (0.181 / 0.181) /  0.227      0    0        0      0
    0.81     0.0%        -     0.0%    0.181 (0.181 / 0.181) /  0.233      0    0        0      0
    0.80     0.0%        -     0.0%    0.181 (0.180 / 0.181) /  0.238      0    0        0      0
    0.79     0.0%        -     0.0%    0.180 (0.180 / 0.180) /  0.349      0    0        0      0
    0.78     0.0%        -     0.0%    0.181 (0.181 / 0.181) /  0.608      0    0        0      0
    0.77     0.0%        -     0.0%    0.182 (0.182 / 0.181) /  0.235      0    0        0    256
    0.76     0.0%        -     0.0%    0.181 (0.181 / 0.181) /  0.390      0    0        0      0
    0.75     0.0%        -     0.0%    0.182 (0.182 / 0.182) /  0.395      0    0        0      0
    0.74     0.0%        -     0.0%    0.181 (0.181 / 0.181) /  0.253      0    0        0    256
    0.73     0.0%        -     0.0%    0.181 (0.182 / 0.181) /  0.212      0    0        0      0
    0.72     0.0%        -     0.0%    0.181 (0.181 / 0.181) /  0.234      0    0        0      0
    0.71     0.0%        -     0.0%    0.182 (0.183 / 0.181) /  0.222      0    0        0      0
    0.70     0.0%        -     0.0%    0.181 (0.180 / 0.182) /  0.403      0    0        0      0
    0.69     0.0%        -     0.0%    0.181 (0.181 / 0.181) /  0.404      0    0        0      0
    0.68     0.0%        -     0.0%    0.181 (0.181 / 0.181) /  0.228      0    0        0      0
    0.67     0.0%        -     0.0%    0.182 (0.182 / 0.182) /  0.213      0    0        0      0
    0.66     0.0%        -     0.0%    0.182 (0.182 / 0.182) /  0.207      0    0        0      0
    0.65     0.0%        -     0.0%    0.180 (0.180 / 0.180) /  0.227      0    0        0      0
    0.64     0.2%        -     0.2%    0.180 (0.180 / 0.180) /  0.607      1    0        0      0
    0.63     0.2%        -     0.2%    0.181 (0.182 / 0.181) /  0.607      1    0        0    256
    0.62     0.2%        -     0.2%    0.182 (0.182 / 0.181) /  0.607      1    0        0      0
    0.61     0.0%        -     0.0%    0.181 (0.181 / 0.181) /  0.225      0    0        0      0
    0.60     0.0%        -     0.0%    0.182 (0.182 / 0.182) /  0.269      0    0        0      0
    0.59     0.0%        -     0.0%    0.182 (0.181 / 0.182) /  0.225      0    0        0      0
    0.58     0.0%        -     0.0%    0.180 (0.180 / 0.181) /  0.255      0    0        0      0
    0.57     0.2%        -     0.2%    0.181 (0.181 / 0.181) /  0.602      1    0        0      0
    0.56     0.0%        -     0.0%    0.181 (0.182 / 0.181) /  0.242      0    0        0      0
    0.55     0.0%        -     0.0%    0.181 (0.182 / 0.181) /  0.227      0    0        0      0
    0.54     0.0%        -     0.0%    0.180 (0.180 / 0.181) /  0.210      0    0        0      0
    0.53     0.0%        -     0.0%    0.181 (0.182 / 0.181) /  0.236      0    0        0      0
    0.52     0.0%        -     0.0%    0.180 (0.181 / 0.180) /  0.401      0    0        0      0
    0.51     0.0%        -     0.0%    0.181 (0.182 / 0.181) /  0.217      0    0        0      0
    0.50     0.0%        -     0.0%    0.180 (0.180 / 0.180) /  0.230      0    0        0      0
    0.49     0.0%        -     0.0%    0.180 (0.180 / 0.180) /  0.224      0    0        0      0
    0.48     0.2%        -     0.2%    0.181 (0.181 / 0.180) /  0.604      1    0        0      0
    0.47     0.0%        -     0.0%    0.182 (0.181 / 0.182) /  0.299      0    0        0    256
    0.46     0.0%        -     0.0%    0.181 (0.181 / 0.181) /  0.222      0    0        0      0
    0.45     0.0%        -     0.0%    0.180 (0.181 / 0.180) /  0.209      0    0        0      0
    0.44     0.2%        -     0.2%    0.180 (0.180 / 0.180) /  0.599      1    0        0      0
    0.43     0.0%        -     0.0%    0.179 (0.179 / 0.180) /  0.223      0    0        0      0
    0.42     0.0%        -     0.0%    0.180 (0.180 / 0.180) /  0.224      0    0        0      0
    0.41     0.0%        -     0.0%    0.180 (0.180 / 0.180) /  0.247      0    0        0      0
    0.40     0.5%        -     0.5%    0.181 (0.181 / 0.181) /  0.393      2    0        0      0
    0.39     0.0%        -     0.0%    0.180 (0.180 / 0.180) /  0.208      0    0        0      0
    0.38     0.2%        -     0.2%    0.181 (0.180 / 0.181) /  0.228      1    0        0      0
    0.37     0.0%        -     0.0%    0.180 (0.180 / 0.180) /  0.244      0    0        0      0
    0.36     0.2%        -     0.2%    0.180 (0.180 / 0.180) /  0.610      1    0        0      0
    0.35     0.5%        -     0.5%    0.181 (0.181 / 0.181) /  0.399      2    0        0      0
    0.34     0.0%        -     0.0%    0.181 (0.182 / 0.181) /  0.248      0    0        0      0
    0.33     0.2%        -     0.2%    0.179 (0.179 / 0.180) /  0.218      1    0        0    256
    0.32     0.0%        -     0.0%    0.179 (0.179 / 0.179) /  0.218      0    0        0      0
    0.31     0.0%        -     0.0%    0.180 (0.180 / 0.180) /  0.227      0    0        0      0
    0.30     1.0%        -     1.0%    0.184 (0.184 / 0.184) /  0.280      2    2        0      0
    0.29     1.5%        -     1.5%    0.180 (0.180 / 0.180) /  0.406      6    0        0      0
    0.28     0.5%        -     0.5%    0.181 (0.181 / 0.181) /  0.235      2    0        0      0
    0.27     0.2%        -     0.2%    0.180 (0.180 / 0.180) /  0.234      1    0        0      0
    0.26     1.2%        -     1.2%    0.179 (0.179 / 0.179) /  0.606      5    0        0      0
    0.25     0.2%        -     0.2%    0.179 (0.180 / 0.179) /  0.230      1    0        0      0
    0.24     0.2%        -     0.2%    0.180 (0.180 / 0.180) /  0.236      1    0        0    256
    0.23     6.8%        -     6.8%    0.180 (0.179 / 0.180) /  0.333     27    0        0      0
    0.22    11.3%        -    11.3%    0.179 (0.179 / 0.179) /  0.254     45    0        0      0
    0.21    18.5%        -    18.5%    0.182 (0.182 / 0.182) /  0.210     74    0        0      0
    0.20    33.0%        -    33.0%    0.182 (0.182 / 0.182) /  0.219    132    0        0      0
    0.19    37.3%        -    37.3%    0.189 (0.188 / 0.189) /  0.240    149    0        0      0
    0.18    48.3%        -    48.3%    0.181 (0.181 / 0.181) /  0.228    193    0        0      0
    0.17    50.0%        -    50.0%    0.181 (0.182 / 0.181) /  0.311    200    0        0      0
    0.16    50.0%        -    50.0%    0.181 (0.181 / 0.181) /  0.246    200    0        0      0
    0.15    50.0%        -    50.0%    0.182 (0.181 / 0.183) /  0.226    200    0        0      0
    0.14    50.0%        -    50.0%    0.182 (0.181 / 0.183) /  0.234    200    0        0      0
    0.13    50.0%        -    50.0%    0.181 (0.181 / 0.183) /  0.218    200    0        0      0
    0.12    50.0%        -    50.0%    0.183 (0.183 / 0.183) /  0.393    200    0        0      0
    0.11    50.0%        -    50.0%    0.181 (0.181 / 0.181) /  0.236    200    0        0      0
    0.10    50.0%        -    50.0%    0.183 (0.182 / 0.183) /  0.242    200    0        0      0
    0.09    50.0%        -    50.0%    0.183 (0.183 / 0.184) /  0.226    200    0        0      0
    0.08    50.0%        -    50.0%    0.180 (0.181 / 0.180) /  0.233    200    0        0      0
    0.07    50.0%        -    50.0%    0.182 (0.182 / 0.182) /  0.238    200    0        0      0
    0.06    50.0%        -    50.0%    0.181 (0.182 / 0.181) /  0.237    200    0        0      0
    0.05    50.0%        -    50.0%    0.182 (0.182 / 0.181) /  0.225    200    0        0      0
    0.04    50.0%        -    50.0%    0.182 (0.182 / 0.183) /  0.257    200    0        0      0
    0.03    50.0%        -    50.0%    0.183 (0.183 / 0.183) /  0.224    200    0        0      0
    0.02    50.0%        -    50.0%    0.182 (0.182 / 0.182) /  0.235    200    0        0      0
    0.01    50.0%        -    50.0%    0.181 (0.181 / 0.180) /  0.231    200    0        0      0
    0.00    50.0%        -    50.0%    0.181 (0.181 / 0.181) /  0.236    200    0        0      0
wrote results/laptop-6ms/gg.csv
