    Finished `release` profile [optimized] target(s) in 0.00s
    Finished `release` profile [optimized] target(s) in 0.00s
    Finished `release` profile [optimized] target(s) in 0.00s
runtime threads on cpu8 performance max 5300 of 5300 MHz, cpu10 performance max 5300 of 5300 MHz, cpu0 performance max 5100 of 5100 MHz, cpu2 performance max 5100 of 5100 MHz
source thread on cpu4 performance max 5100 of 5100 MHz
keeping CPUs [8, 10, 0, 2, 4] awake
halow: recording 730 µs, frame 683.0 µs, silence 12.2 µs before and 34.8 after: cut to the frame
zigbee: recording 1410 µs, frame 1373.8 µs, silence 16.5 µs before and 19.8 after: cut to the frame
400 frames per IFS, IFS after the second receiver's frames the same, no retuning, chunks of 256 samples

wlan_simple.toml → zigbee.toml → ...
  IFS ms    PER H    PER Z    PER   swap median (→wlan_ / →zigbe) / max ms   lost: late listening   queued at swap: median max
    6.00     0.0%     0.0%     0.0%    0.145 (0.156 / 0.041) /  0.220      0    0        0      0
           posted by halow:200 zigbee:200
    5.99     0.0%     0.0%     0.0%    0.145 (0.158 / 0.042) /  0.191      0    0        0      0
           posted by halow:200 zigbee:200
    5.98     0.0%     0.0%     0.0%    0.144 (0.159 / 0.042) /  0.192      0    0        0      0
           posted by halow:200 zigbee:200
    5.97     0.0%     0.0%     0.0%    0.146 (0.158 / 0.042) /  0.210      0    0        0      0
           posted by halow:200 zigbee:200
    5.96     0.0%     0.0%     0.0%    0.145 (0.156 / 0.041) /  0.183      0    0        0      0
           posted by halow:200 zigbee:200
    5.95     0.0%     0.0%     0.0%    0.145 (0.157 / 0.043) /  0.192      0    0        0      0
           posted by halow:200 zigbee:200
    5.94     0.0%     0.0%     0.0%    0.144 (0.158 / 0.042) /  0.374      0    0        0      0
           posted by halow:200 zigbee:200
    5.93     0.0%     0.0%     0.0%    0.143 (0.156 / 0.040) /  0.573      0    0        0      0
           posted by halow:200 zigbee:200
    5.92     0.0%     0.0%     0.0%    0.142 (0.155 / 0.040) /  0.193      0    0        0      0
           posted by halow:200 zigbee:200
    5.91     0.0%     0.0%     0.0%    0.142 (0.157 / 0.041) /  0.186      0    0        0      0
           posted by halow:200 zigbee:200
    5.90     0.0%     0.0%     0.0%    0.144 (0.155 / 0.040) /  0.260      0    0        0      0
           posted by halow:200 zigbee:200
    5.89     0.0%     0.0%     0.0%    0.144 (0.157 / 0.041) /  0.204      0    0        0      0
           posted by halow:200 zigbee:200
    5.88     0.0%     0.0%     0.0%    0.145 (0.157 / 0.040) /  0.206      0    0        0      0
           posted by halow:200 zigbee:200
    5.87     0.0%     0.0%     0.0%    0.142 (0.156 / 0.041) /  0.198      0    0        0      0
           posted by halow:200 zigbee:200
    5.86     0.0%     0.0%     0.0%    0.145 (0.157 / 0.040) /  0.381      0    0        0      0
           posted by halow:200 zigbee:200
    5.85     0.0%     0.0%     0.0%    0.142 (0.156 / 0.040) /  0.204      0    0        0      0
           posted by halow:200 zigbee:200
    5.84     0.0%     0.0%     0.0%    0.145 (0.157 / 0.041) /  0.194      0    0        0      0
           posted by halow:200 zigbee:200
    5.83     0.0%     0.0%     0.0%    0.144 (0.155 / 0.041) /  0.189      0    0        0      0
           posted by halow:200 zigbee:200
    5.82     0.0%     0.0%     0.0%    0.145 (0.156 / 0.041) /  0.186      0    0        0      0
           posted by halow:200 zigbee:200
    5.81     0.0%     0.0%     0.0%    0.143 (0.157 / 0.040) /  0.193      0    0        0      0
           posted by halow:200 zigbee:200
    5.80     0.0%     0.0%     0.0%    0.142 (0.156 / 0.040) /  0.185      0    0        0      0
           posted by halow:200 zigbee:200
    5.79     0.0%     0.0%     0.0%    0.145 (0.158 / 0.041) /  0.192      0    0        0      0
           posted by halow:200 zigbee:200
    5.78     0.0%     0.0%     0.0%    0.141 (0.157 / 0.041) /  0.196      0    0        0      0
           posted by halow:200 zigbee:200
    5.77     0.0%     0.0%     0.0%    0.145 (0.157 / 0.041) /  0.367      0    0        0      0
           posted by halow:200 zigbee:200
    5.76     0.0%     0.0%     0.0%    0.144 (0.156 / 0.041) /  0.196      0    0        0      0
           posted by halow:200 zigbee:200
    5.75     0.0%     0.0%     0.0%    0.146 (0.157 / 0.041) /  0.374      0    0        0      0
           posted by halow:200 zigbee:200
    5.74     0.0%     0.0%     0.0%    0.141 (0.157 / 0.040) /  0.184      0    0        0      0
           posted by halow:200 zigbee:200
    5.73     0.0%     0.0%     0.0%    0.142 (0.155 / 0.040) /  0.196      0    0        0      0
           posted by halow:200 zigbee:200
    5.72     0.0%     0.0%     0.0%    0.144 (0.156 / 0.041) /  0.227      0    0        0      0
           posted by halow:200 zigbee:200
    5.71     0.0%     0.0%     0.0%    0.141 (0.154 / 0.040) /  0.188      0    0        0      0
           posted by halow:200 zigbee:200
    5.70     0.0%     0.0%     0.0%    0.139 (0.153 / 0.039) /  0.367      0    0        0      0
           posted by halow:200 zigbee:200
    5.69     0.0%     0.0%     0.0%    0.139 (0.153 / 0.039) /  0.187      0    0        0      0
           posted by halow:200 zigbee:200
    5.68     0.0%     0.0%     0.0%    0.143 (0.153 / 0.040) /  0.217      0    0        0      0
           posted by halow:200 zigbee:200
    5.67     0.0%     0.0%     0.0%    0.141 (0.153 / 0.039) /  0.258      0    0        0    256
           posted by halow:200 zigbee:200
    5.66     0.0%     0.0%     0.0%    0.139 (0.153 / 0.039) /  0.613      0    0        0      0
           posted by halow:200 zigbee:200
    5.65     0.0%     0.0%     0.0%    0.142 (0.154 / 0.040) /  0.368      0    0        0      0
           posted by halow:200 zigbee:200
    5.64     0.0%     0.0%     0.0%    0.139 (0.152 / 0.039) /  0.188      0    0        0      0
           posted by halow:200 zigbee:200
    5.63     0.0%     0.0%     0.0%    0.141 (0.155 / 0.040) /  0.192      0    0        0      0
           posted by halow:200 zigbee:200
    5.62     0.0%     0.0%     0.0%    0.141 (0.154 / 0.040) /  0.190      0    0        0      0
           posted by halow:200 zigbee:200
    5.61     0.0%     0.0%     0.0%    0.142 (0.155 / 0.040) /  0.203      0    0        0      0
           posted by halow:200 zigbee:200
    5.60     0.0%     0.0%     0.0%    0.142 (0.154 / 0.039) /  0.578      0    0        0      0
           posted by halow:200 zigbee:200
    5.59     0.0%     0.0%     0.0%    0.142 (0.155 / 0.040) /  0.554      0    0        0      0
           posted by halow:200 zigbee:200
    5.58     0.0%     0.0%     0.0%    0.139 (0.153 / 0.039) /  0.577      0    0        0      0
           posted by halow:200 zigbee:200
    5.57     0.0%     0.0%     0.0%    0.143 (0.154 / 0.039) /  0.186      0    0        0      0
           posted by halow:200 zigbee:200
    5.56     0.0%     0.0%     0.0%    0.140 (0.153 / 0.039) /  0.369      0    0        0      0
           posted by halow:200 zigbee:200
    5.55     0.0%     0.0%     0.0%    0.144 (0.154 / 0.039) /  0.206      0    0        0      0
           posted by halow:200 zigbee:200
    5.54     0.0%     0.0%     0.0%    0.142 (0.154 / 0.040) /  0.366      0    0        0      0
           posted by halow:200 zigbee:200
    5.53     0.0%     0.0%     0.0%    0.141 (0.153 / 0.039) /  0.361      0    0        0      0
           posted by halow:200 zigbee:200
    5.52     0.0%     0.0%     0.0%    0.142 (0.155 / 0.040) /  0.368      0    0        0      0
           posted by halow:200 zigbee:200
    5.51     0.0%     0.0%     0.0%    0.142 (0.154 / 0.039) /  0.192      0    0        0      0
           posted by halow:200 zigbee:200
    5.50     0.0%     0.0%     0.0%    0.140 (0.153 / 0.039) /  0.190      0    0        0      0
           posted by halow:200 zigbee:200
    5.49     0.0%     0.0%     0.0%    0.140 (0.153 / 0.039) /  0.195      0    0        0      0
           posted by halow:200 zigbee:200
    5.48     0.0%     0.0%     0.0%    0.141 (0.153 / 0.040) /  0.200      0    0        0      0
           posted by halow:200 zigbee:200
    5.47     0.0%     0.0%     0.0%    0.142 (0.154 / 0.039) /  0.194      0    0        0      0
           posted by halow:200 zigbee:200
    5.46     0.0%     0.0%     0.0%    0.144 (0.153 / 0.039) /  0.188      0    0        0      0
           posted by halow:200 zigbee:200
    5.45     0.0%     0.0%     0.0%    0.142 (0.154 / 0.039) /  0.194      0    0        0      0
           posted by halow:200 zigbee:200
    5.44     0.0%     0.0%     0.0%    0.142 (0.153 / 0.039) /  0.374      0    0        0      0
           posted by halow:200 zigbee:200
    5.43     0.0%     0.0%     0.0%    0.141 (0.153 / 0.040) /  0.197      0    0        0      0
           posted by halow:200 zigbee:200
    5.42     0.0%     0.0%     0.0%    0.143 (0.156 / 0.040) /  0.249      0    0        0    256
           posted by halow:200 zigbee:200
    5.41     0.0%     0.0%     0.0%    0.138 (0.154 / 0.040) /  0.207      0    0        0      0
           posted by halow:200 zigbee:200
    5.40     0.0%     0.0%     0.0%    0.144 (0.154 / 0.040) /  0.370      0    0        0      0
           posted by halow:200 zigbee:200
    5.39     0.0%     0.0%     0.0%    0.141 (0.153 / 0.039) /  0.586      0    0        0      0
           posted by halow:200 zigbee:200
    5.38     0.0%     0.0%     0.0%    0.140 (0.155 / 0.041) /  0.360      0    0        0      0
           posted by halow:200 zigbee:200
    5.37     0.0%     0.0%     0.0%    0.141 (0.155 / 0.040) /  0.569      0    0        0      0
           posted by halow:200 zigbee:200
    5.36     0.0%     0.0%     0.0%    0.141 (0.153 / 0.039) /  0.185      0    0        0      0
           posted by halow:200 zigbee:200
    5.35     0.0%     0.0%     0.0%    0.142 (0.153 / 0.040) /  0.372      0    0        0      0
           posted by halow:200 zigbee:200
    5.34     0.0%     0.0%     0.0%    0.142 (0.154 / 0.040) /  0.575      0    0        0      0
           posted by halow:200 zigbee:200
    5.33     0.0%     0.0%     0.0%    0.143 (0.154 / 0.040) /  0.253      0    0        0      0
           posted by halow:200 zigbee:200
    5.32     0.0%     0.0%     0.0%    0.141 (0.153 / 0.040) /  0.186      0    0        0      0
           posted by halow:200 zigbee:200
    5.31     0.0%     0.0%     0.0%    0.141 (0.155 / 0.040) /  0.201      0    0        0      0
           posted by halow:200 zigbee:200
    5.30     0.0%     0.0%     0.0%    0.142 (0.154 / 0.040) /  0.184      0    0        0      0
           posted by halow:200 zigbee:200
    5.29     0.0%     0.0%     0.0%    0.140 (0.153 / 0.039) /  0.188      0    0        0      0
           posted by halow:200 zigbee:200
    5.28     0.0%     0.0%     0.0%    0.142 (0.153 / 0.039) /  0.192      0    0        0      0
           posted by halow:200 zigbee:200
    5.27     0.0%     0.0%     0.0%    0.143 (0.155 / 0.040) /  0.564      0    0        0      0
           posted by halow:200 zigbee:200
    5.26     0.0%     0.0%     0.0%    0.140 (0.154 / 0.040) /  0.185      0    0        0      0
           posted by halow:200 zigbee:200
    5.25     0.0%     0.0%     0.0%    0.140 (0.153 / 0.039) /  0.190      0    0        0      0
           posted by halow:200 zigbee:200
    5.24     0.0%     0.0%     0.0%    0.144 (0.155 / 0.040) /  0.260      0    0        0      0
           posted by halow:200 zigbee:200
    5.23     0.0%     0.0%     0.0%    0.141 (0.153 / 0.039) /  0.204      0    0        0      0
           posted by halow:200 zigbee:200
    5.22     0.0%     0.0%     0.0%    0.144 (0.154 / 0.040) /  0.196      0    0        0      0
           posted by halow:200 zigbee:200
    5.21     0.0%     0.0%     0.0%    0.143 (0.153 / 0.040) /  0.257      0    0        0    256
           posted by halow:200 zigbee:200
    5.20     0.0%     0.0%     0.0%    0.142 (0.154 / 0.039) /  0.194      0    0        0      0
           posted by halow:200 zigbee:200
    5.19     0.0%     0.0%     0.0%    0.143 (0.153 / 0.040) /  0.574      0    0        0      0
           posted by halow:200 zigbee:200
    5.18     0.0%     0.0%     0.0%    0.140 (0.153 / 0.040) /  0.186      0    0        0      0
           posted by halow:200 zigbee:200
    5.17     0.0%     0.0%     0.0%    0.141 (0.155 / 0.041) /  0.199      0    0        0      0
           posted by halow:200 zigbee:200
    5.16     0.0%     0.0%     0.0%    0.140 (0.153 / 0.039) /  0.194      0    0        0      0
           posted by halow:200 zigbee:200
    5.15     0.0%     0.0%     0.0%    0.140 (0.152 / 0.040) /  0.193      0    0        0      0
           posted by halow:200 zigbee:200
    5.14     0.0%     0.0%     0.0%    0.140 (0.154 / 0.040) /  0.192      0    0        0    256
           posted by halow:200 zigbee:200
    5.13     0.0%     0.0%     0.0%    0.141 (0.153 / 0.039) /  0.198      0    0        0      0
           posted by halow:200 zigbee:200
    5.12     0.0%     0.0%     0.0%    0.142 (0.154 / 0.040) /  0.186      0    0        0      0
           posted by halow:200 zigbee:200
    5.11     0.0%     0.0%     0.0%    0.141 (0.153 / 0.038) /  0.186      0    0        0      0
           posted by halow:200 zigbee:200
    5.10     0.0%     0.0%     0.0%    0.141 (0.154 / 0.039) /  0.191      0    0        0      0
           posted by halow:200 zigbee:200
    5.09     0.0%     0.0%     0.0%    0.142 (0.153 / 0.040) /  0.189      0    0        0      0
           posted by halow:200 zigbee:200
    5.08     0.0%     0.0%     0.0%    0.141 (0.153 / 0.039) /  0.204      0    0        0      0
           posted by halow:200 zigbee:200
    5.07     0.0%     0.0%     0.0%    0.142 (0.153 / 0.039) /  0.187      0    0        0      0
           posted by halow:200 zigbee:200
    5.06     0.0%     0.0%     0.0%    0.140 (0.153 / 0.039) /  0.358      0    0        0    256
           posted by halow:200 zigbee:200
    5.05     0.0%     0.0%     0.0%    0.142 (0.154 / 0.040) /  0.246      0    0        0      0
           posted by halow:200 zigbee:200
    5.04     0.0%     0.0%     0.0%    0.141 (0.154 / 0.039) /  0.179      0    0        0      0
           posted by halow:200 zigbee:200
    5.03     0.0%     0.0%     0.0%    0.142 (0.153 / 0.040) /  0.189      0    0        0      0
           posted by halow:200 zigbee:200
    5.02     0.0%     0.0%     0.0%    0.141 (0.153 / 0.040) /  0.209      0    0        0      0
           posted by halow:200 zigbee:200
    5.01     0.0%     0.0%     0.0%    0.143 (0.152 / 0.041) /  0.189      0    0        0    256
           posted by halow:200 zigbee:200
    5.00     0.0%     0.0%     0.0%    0.142 (0.152 / 0.040) /  0.191      0    0        0      0
           posted by halow:200 zigbee:200
    4.99     0.0%     0.0%     0.0%    0.141 (0.153 / 0.041) /  0.187      0    0        0      0
           posted by halow:200 zigbee:200
    4.98     0.0%     0.0%     0.0%    0.139 (0.152 / 0.039) /  0.218      0    0        0      0
           posted by halow:200 zigbee:200
    4.97     0.0%     0.0%     0.0%    0.139 (0.152 / 0.040) /  0.207      0    0        0      0
           posted by halow:200 zigbee:200
    4.96     0.0%     0.0%     0.0%    0.143 (0.154 / 0.041) /  0.621      0    0        0      0
           posted by halow:200 zigbee:200
    4.95     0.0%     0.0%     0.0%    0.143 (0.154 / 0.040) /  0.371      0    0        0      0
           posted by halow:200 zigbee:200
    4.94     0.0%     0.0%     0.0%    0.142 (0.153 / 0.040) /  0.188      0    0        0      0
           posted by halow:200 zigbee:200
    4.93     0.0%     0.0%     0.0%    0.139 (0.152 / 0.040) /  0.258      0    0        0      0
           posted by halow:200 zigbee:200
    4.92     0.0%     0.0%     0.0%    0.143 (0.153 / 0.040) /  0.195      0    0        0      0
           posted by halow:200 zigbee:200
    4.91     0.0%     0.0%     0.0%    0.138 (0.152 / 0.039) /  0.195      0    0        0      0
           posted by halow:200 zigbee:200
    4.90     0.0%     0.0%     0.0%    0.140 (0.153 / 0.040) /  0.183      0    0        0      0
           posted by halow:200 zigbee:200
    4.89     0.0%     0.0%     0.0%    0.143 (0.155 / 0.041) /  0.208      0    0        0    256
           posted by halow:200 zigbee:200
    4.88     0.0%     0.0%     0.0%    0.144 (0.153 / 0.040) /  0.185      0    0        0      0
           posted by halow:200 zigbee:200
    4.87     0.0%     0.0%     0.0%    0.139 (0.154 / 0.040) /  0.184      0    0        0      0
           posted by halow:200 zigbee:200
    4.86     0.0%     0.0%     0.0%    0.139 (0.153 / 0.039) /  0.592      0    0        0      0
           posted by halow:200 zigbee:200
    4.85     0.0%     0.0%     0.0%    0.140 (0.152 / 0.040) /  0.212      0    0        0    256
           posted by halow:200 zigbee:200
    4.84     0.0%     0.0%     0.0%    0.141 (0.153 / 0.040) /  0.189      0    0        0      0
           posted by halow:200 zigbee:200
    4.83     0.0%     0.0%     0.0%    0.137 (0.153 / 0.041) /  0.198      0    0        0      0
           posted by halow:200 zigbee:200
    4.82     0.0%     0.0%     0.0%    0.141 (0.152 / 0.040) /  0.182      0    0        0      0
           posted by halow:200 zigbee:200
    4.81     0.0%     0.0%     0.0%    0.141 (0.153 / 0.040) /  0.191      0    0        0      0
           posted by halow:200 zigbee:200
    4.80     0.0%     0.0%     0.0%    0.142 (0.152 / 0.040) /  0.575      0    0        0      0
           posted by halow:200 zigbee:200
    4.79     0.0%     0.0%     0.0%    0.141 (0.152 / 0.040) /  0.190      0    0        0      0
           posted by halow:200 zigbee:200
    4.78     0.0%     0.0%     0.0%    0.141 (0.153 / 0.040) /  0.194      0    0        0      0
           posted by halow:200 zigbee:200
    4.77     0.0%     0.0%     0.0%    0.142 (0.153 / 0.041) /  0.364      0    0        0      0
           posted by halow:200 zigbee:200
    4.76     0.0%     0.0%     0.0%    0.140 (0.152 / 0.040) /  0.205      0    0        0      0
           posted by halow:200 zigbee:200
    4.75     0.0%     0.0%     0.0%    0.141 (0.151 / 0.039) /  0.191      0    0        0      0
           posted by halow:200 zigbee:200
    4.74     0.0%     0.0%     0.0%    0.140 (0.152 / 0.040) /  0.188      0    0        0      0
           posted by halow:200 zigbee:200
    4.73     0.0%     0.0%     0.0%    0.139 (0.153 / 0.041) /  0.259      0    0        0      0
           posted by halow:200 zigbee:200
    4.72     0.0%     0.0%     0.0%    0.142 (0.152 / 0.040) /  0.247      0    0        0      0
           posted by halow:200 zigbee:200
    4.71     0.0%     0.0%     0.0%    0.139 (0.152 / 0.039) /  0.189      0    0        0      0
           posted by halow:200 zigbee:200
    4.70     0.0%     0.0%     0.0%    0.141 (0.152 / 0.040) /  0.189      0    0        0      0
           posted by halow:200 zigbee:200
    4.69     0.0%     0.0%     0.0%    0.140 (0.153 / 0.040) /  0.190      0    0        0    256
           posted by halow:200 zigbee:200
    4.68     0.0%     0.0%     0.0%    0.138 (0.152 / 0.040) /  0.194      0    0        0      0
           posted by halow:200 zigbee:200
    4.67     0.0%     0.0%     0.0%    0.138 (0.152 / 0.040) /  0.200      0    0        0    256
           posted by halow:200 zigbee:200
    4.66     0.0%     0.0%     0.0%    0.142 (0.152 / 0.039) /  0.195      0    0        0      0
           posted by halow:200 zigbee:200
    4.65     0.0%     0.0%     0.0%    0.140 (0.152 / 0.040) /  0.186      0    0        0      0
           posted by halow:200 zigbee:200
    4.64     0.0%     0.0%     0.0%    0.139 (0.152 / 0.039) /  0.189      0    0        0      0
           posted by halow:200 zigbee:200
    4.63     0.0%     0.0%     0.0%    0.140 (0.152 / 0.039) /  0.191      0    0        0      0
           posted by halow:200 zigbee:200
    4.62     0.0%     0.0%     0.0%    0.140 (0.152 / 0.040) /  0.215      0    0        0      0
           posted by halow:200 zigbee:200
    4.61     0.0%     0.0%     0.0%    0.140 (0.152 / 0.040) /  0.200      0    0        0      0
           posted by halow:200 zigbee:200
    4.60     0.0%     0.0%     0.0%    0.140 (0.152 / 0.040) /  0.200      0    0        0      0
           posted by halow:200 zigbee:200
    4.59     0.0%     0.0%     0.0%    0.140 (0.151 / 0.038) /  0.201      0    0        0      0
           posted by halow:200 zigbee:200
    4.58     0.0%     0.0%     0.0%    0.140 (0.153 / 0.040) /  0.187      0    0        0      0
           posted by halow:200 zigbee:200
    4.57     0.0%     0.0%     0.0%    0.139 (0.152 / 0.040) /  0.189      0    0        0      0
           posted by halow:200 zigbee:200
    4.56     0.0%     0.0%     0.0%    0.142 (0.153 / 0.039) /  0.192      0    0        0      0
           posted by halow:200 zigbee:200
    4.55     0.0%     0.0%     0.0%    0.141 (0.154 / 0.040) /  0.379      0    0        0      0
           posted by halow:200 zigbee:200
    4.54     0.0%     0.0%     0.0%    0.142 (0.152 / 0.040) /  0.374      0    0        0      0
           posted by halow:200 zigbee:200
    4.53     0.0%     0.0%     0.0%    0.139 (0.153 / 0.039) /  0.187      0    0        0      0
           posted by halow:200 zigbee:200
    4.52     0.0%     0.0%     0.0%    0.139 (0.154 / 0.041) /  0.228      0    0        0    256
           posted by halow:200 zigbee:200
    4.51     0.0%     0.0%     0.0%    0.142 (0.153 / 0.040) /  0.191      0    0        0      0
           posted by halow:200 zigbee:200
    4.50     0.0%     0.0%     0.0%    0.140 (0.153 / 0.040) /  0.196      0    0        0      0
           posted by halow:200 zigbee:200
    4.49     0.0%     0.0%     0.0%    0.141 (0.152 / 0.040) /  0.191      0    0        0      0
           posted by halow:200 zigbee:200
    4.48     0.0%     0.0%     0.0%    0.141 (0.152 / 0.040) /  0.183      0    0        0      0
           posted by halow:200 zigbee:200
    4.47     0.0%     0.0%     0.0%    0.143 (0.152 / 0.040) /  0.195      0    0        0      0
           posted by halow:200 zigbee:200
    4.46     0.0%     0.0%     0.0%    0.142 (0.152 / 0.041) /  0.363      0    0        0      0
           posted by halow:200 zigbee:200
    4.45     0.0%     0.0%     0.0%    0.139 (0.153 / 0.040) /  0.359      0    0        0      0
           posted by halow:200 zigbee:200
    4.44     0.0%     0.0%     0.0%    0.142 (0.152 / 0.040) /  0.251      0    0        0      0
           posted by halow:200 zigbee:200
    4.43     0.0%     0.0%     0.0%    0.137 (0.151 / 0.040) /  0.191      0    0        0    256
           posted by halow:200 zigbee:200
    4.42     0.0%     0.0%     0.0%    0.140 (0.153 / 0.040) /  0.187      0    0        0      0
           posted by halow:200 zigbee:200
    4.41     0.0%     0.0%     0.0%    0.139 (0.153 / 0.041) /  0.209      0    0        0      0
           posted by halow:200 zigbee:200
    4.40     0.0%     0.0%     0.0%    0.137 (0.151 / 0.040) /  0.198      0    0        0      0
           posted by halow:200 zigbee:200
    4.39     0.0%     0.0%     0.0%    0.140 (0.152 / 0.040) /  0.186      0    0        0      0
           posted by halow:200 zigbee:200
    4.38     0.0%     0.0%     0.0%    0.141 (0.152 / 0.039) /  0.184      0    0        0      0
           posted by halow:200 zigbee:200
    4.37     0.0%     0.0%     0.0%    0.140 (0.152 / 0.040) /  0.583      0    0        0      0
           posted by halow:200 zigbee:200
    4.36     0.0%     0.0%     0.0%    0.142 (0.156 / 0.042) /  0.234      0    0        0      0
           posted by halow:200 zigbee:200
    4.35     0.0%     0.0%     0.0%    0.141 (0.153 / 0.039) /  0.251      0    0        0      0
           posted by halow:200 zigbee:200
    4.34     0.0%     0.0%     0.0%    0.142 (0.153 / 0.039) /  0.203      0    0        0      0
           posted by halow:200 zigbee:200
    4.33     0.0%     0.0%     0.0%    0.140 (0.151 / 0.039) /  0.185      0    0        0      0
           posted by halow:200 zigbee:200
    4.32     0.0%     0.0%     0.0%    0.141 (0.151 / 0.040) /  0.186      0    0        0      0
           posted by halow:200 zigbee:200
    4.31     0.0%     0.0%     0.0%    0.142 (0.152 / 0.040) /  0.188      0    0        0      0
           posted by halow:200 zigbee:200
    4.30     0.0%     0.0%     0.0%    0.141 (0.152 / 0.041) /  0.192      0    0        0      0
           posted by halow:200 zigbee:200
    4.29     0.0%     0.0%     0.0%    0.141 (0.152 / 0.040) /  0.377      0    0        0      0
           posted by halow:200 zigbee:200
    4.28     0.0%     0.0%     0.0%    0.137 (0.151 / 0.040) /  0.190      0    0        0      0
           posted by halow:200 zigbee:200
    4.27     0.0%     0.0%     0.0%    0.137 (0.151 / 0.039) /  0.772      0    0        0      0
           posted by halow:200 zigbee:200
    4.26     0.0%     0.0%     0.0%    0.140 (0.153 / 0.041) /  0.201      0    0        0      0
           posted by halow:200 zigbee:200
    4.25     0.0%     0.0%     0.0%    0.139 (0.153 / 0.040) /  0.352      0    0        0      0
           posted by halow:200 zigbee:200
    4.24     0.0%     0.0%     0.0%    0.140 (0.153 / 0.040) /  0.201      0    0        0      0
           posted by halow:200 zigbee:200
    4.23     0.0%     0.0%     0.0%    0.139 (0.153 / 0.039) /  0.187      0    0        0      0
           posted by halow:200 zigbee:200
    4.22     0.0%     0.0%     0.0%    0.140 (0.152 / 0.041) /  0.183      0    0        0      0
           posted by halow:200 zigbee:200
    4.21     0.0%     0.0%     0.0%    0.141 (0.153 / 0.040) /  0.187      0    0        0      0
           posted by halow:200 zigbee:200
    4.20     0.0%     0.0%     0.0%    0.137 (0.152 / 0.040) /  0.365      0    0        0      0
           posted by halow:200 zigbee:200
    4.19     0.0%     0.0%     0.0%    0.140 (0.153 / 0.041) /  0.376      0    0        0      0
           posted by halow:200 zigbee:200
    4.18     0.0%     0.0%     0.0%    0.139 (0.152 / 0.041) /  0.190      0    0        0      0
           posted by halow:200 zigbee:200
    4.17     0.0%     0.0%     0.0%    0.141 (0.154 / 0.042) /  0.221      0    0        0      0
           posted by halow:200 zigbee:200
    4.16     0.0%     0.0%     0.0%    0.141 (0.153 / 0.041) /  0.569      0    0        0      0
           posted by halow:200 zigbee:200
    4.15     0.0%     0.0%     0.0%    0.140 (0.152 / 0.040) /  0.189      0    0        0      0
           posted by halow:200 zigbee:200
    4.14     0.0%     0.0%     0.0%    0.142 (0.154 / 0.040) /  0.190      0    0        0      0
           posted by halow:200 zigbee:200
    4.13     0.0%     0.0%     0.0%    0.138 (0.153 / 0.041) /  0.205      0    0        0      0
           posted by halow:200 zigbee:200
    4.12     0.0%     0.0%     0.0%    0.142 (0.153 / 0.040) /  0.188      0    0        0      0
           posted by halow:200 zigbee:200
    4.11     0.0%     0.0%     0.0%    0.141 (0.153 / 0.041) /  0.201      0    0        0      0
           posted by halow:200 zigbee:200
    4.10     0.0%     0.0%     0.0%    0.138 (0.153 / 0.041) /  0.200      0    0        0      0
           posted by halow:200 zigbee:200
    4.09     0.0%     0.0%     0.0%    0.142 (0.154 / 0.040) /  0.187      0    0        0      0
           posted by halow:200 zigbee:200
    4.08     0.0%     0.0%     0.0%    0.142 (0.153 / 0.040) /  0.213      0    0        0      0
           posted by halow:200 zigbee:200
    4.07     0.0%     0.0%     0.0%    0.139 (0.153 / 0.041) /  0.207      0    0        0      0
           posted by halow:200 zigbee:200
    4.06     0.0%     0.0%     0.0%    0.142 (0.153 / 0.039) /  0.191      0    0        0      0
           posted by halow:200 zigbee:200
    4.05     0.0%     0.0%     0.0%    0.141 (0.152 / 0.040) /  0.181      0    0        0      0
           posted by halow:200 zigbee:200
    4.04     0.0%     0.0%     0.0%    0.139 (0.152 / 0.040) /  0.188      0    0        0      0
           posted by halow:200 zigbee:200
    4.03     0.0%     0.0%     0.0%    0.141 (0.151 / 0.039) /  0.184      0    0        0      0
           posted by halow:200 zigbee:200
    4.02     0.0%     0.0%     0.0%    0.141 (0.153 / 0.040) /  0.253      0    0        0      0
           posted by halow:200 zigbee:200
    4.01     0.0%     0.0%     0.0%    0.140 (0.155 / 0.042) /  0.212      0    0        0      0
           posted by halow:200 zigbee:200
    4.00     0.0%     0.0%     0.0%    0.139 (0.154 / 0.040) /  0.193      0    0        0      0
           posted by halow:200 zigbee:200
    3.99     0.0%     0.0%     0.0%    0.138 (0.155 / 0.040) /  0.197      0    0        0      0
           posted by halow:200 zigbee:200
    3.98     0.0%     0.0%     0.0%    0.137 (0.153 / 0.040) /  0.208      0    0        0      0
           posted by halow:200 zigbee:200
    3.97     0.0%     0.0%     0.0%    0.138 (0.153 / 0.040) /  0.202      0    0        0      0
           posted by halow:200 zigbee:200
    3.96     0.0%     0.0%     0.0%    0.138 (0.154 / 0.040) /  0.188      0    0        0      0
           posted by halow:200 zigbee:200
    3.95     0.0%     0.0%     0.0%    0.140 (0.152 / 0.040) /  0.190      0    0        0      0
           posted by halow:200 zigbee:200
    3.94     0.0%     0.0%     0.0%    0.136 (0.153 / 0.040) /  0.195      0    0        0      0
           posted by halow:200 zigbee:200
    3.93     0.0%     0.0%     0.0%    0.139 (0.153 / 0.040) /  0.186      0    0        0      0
           posted by halow:200 zigbee:200
    3.92     0.0%     0.0%     0.0%    0.143 (0.153 / 0.040) /  0.183      0    0        0      0
           posted by halow:200 zigbee:200
    3.91     0.0%     0.0%     0.0%    0.143 (0.154 / 0.041) /  0.195      0    0        0      0
           posted by halow:200 zigbee:200
    3.90     0.0%     0.0%     0.0%    0.142 (0.154 / 0.040) /  0.198      0    0        0      0
           posted by halow:200 zigbee:200
    3.89     0.0%     0.0%     0.0%    0.140 (0.152 / 0.040) /  0.201      0    0        0      0
           posted by halow:200 zigbee:200
    3.88     0.0%     0.0%     0.0%    0.139 (0.150 / 0.038) /  0.581      0    0        0    256
           posted by halow:200 zigbee:200
    3.87     0.0%     0.0%     0.0%    0.138 (0.151 / 0.039) /  0.178      0    0        0      0
           posted by halow:200 zigbee:200
    3.86     0.0%     0.0%     0.0%    0.139 (0.151 / 0.039) /  0.194      0    0        0      0
           posted by halow:200 zigbee:200
    3.85     0.0%     0.0%     0.0%    0.141 (0.151 / 0.039) /  0.232      0    0        0      0
           posted by halow:200 zigbee:200
    3.84     0.0%     0.0%     0.0%    0.139 (0.151 / 0.039) /  0.188      0    0        0      0
           posted by halow:200 zigbee:200
    3.83     0.0%     0.0%     0.0%    0.139 (0.152 / 0.040) /  0.195      0    0        0      0
           posted by halow:200 zigbee:200
    3.82     0.0%     0.0%     0.0%    0.137 (0.151 / 0.039) /  0.189      0    0        0      0
           posted by halow:200 zigbee:200
    3.81     0.0%     0.0%     0.0%    0.141 (0.151 / 0.039) /  0.183      0    0        0      0
           posted by halow:200 zigbee:200
    3.80     0.0%     0.0%     0.0%    0.141 (0.151 / 0.039) /  0.359      0    0        0      0
           posted by halow:200 zigbee:200
    3.79     0.0%     0.0%     0.0%    0.141 (0.151 / 0.039) /  0.184      0    0        0      0
           posted by halow:200 zigbee:200
    3.78     0.0%     0.0%     0.0%    0.142 (0.151 / 0.039) /  0.183      0    0        0      0
           posted by halow:200 zigbee:200
    3.77     0.0%     0.0%     0.0%    0.140 (0.151 / 0.039) /  0.187      0    0        0      0
           posted by halow:200 zigbee:200
    3.76     0.0%     0.0%     0.0%    0.140 (0.151 / 0.039) /  0.191      0    0        0      0
           posted by halow:200 zigbee:200
    3.75     0.0%     0.0%     0.0%    0.138 (0.153 / 0.040) /  0.196      0    0        0      0
           posted by halow:200 zigbee:200
    3.74     0.0%     0.0%     0.0%    0.139 (0.152 / 0.040) /  0.211      0    0        0      0
           posted by halow:200 zigbee:200
    3.73     0.0%     0.0%     0.0%    0.140 (0.151 / 0.039) /  0.662      0    0        0      0
           posted by halow:200 zigbee:200
    3.72     0.0%     0.0%     0.0%    0.139 (0.152 / 0.039) /  0.196      0    0        0      0
           posted by halow:200 zigbee:200
    3.71     0.0%     0.0%     0.0%    0.141 (0.153 / 0.040) /  0.191      0    0        0      0
           posted by halow:200 zigbee:200
    3.70     0.0%     0.0%     0.0%    0.140 (0.152 / 0.039) /  0.577      0    0        0      0
           posted by halow:200 zigbee:200
    3.69     0.0%     0.0%     0.0%    0.140 (0.153 / 0.041) /  0.184      0    0        0      0
           posted by halow:200 zigbee:200
    3.68     0.0%     0.0%     0.0%    0.139 (0.152 / 0.039) /  0.191      0    0        0      0
           posted by halow:200 zigbee:200
    3.67     0.0%     0.0%     0.0%    0.141 (0.151 / 0.039) /  0.192      0    0        0      0
           posted by halow:200 zigbee:200
    3.66     0.0%     0.0%     0.0%    0.141 (0.151 / 0.039) /  0.196      0    0        0      0
           posted by halow:200 zigbee:200
    3.65     0.0%     0.0%     0.0%    0.138 (0.151 / 0.039) /  0.186      0    0        0      0
           posted by halow:200 zigbee:200
    3.64     0.0%     0.0%     0.0%    0.139 (0.151 / 0.039) /  0.185      0    0        0      0
           posted by halow:200 zigbee:200
    3.63     0.0%     0.0%     0.0%    0.139 (0.153 / 0.040) /  0.180      0    0        0      0
           posted by halow:200 zigbee:200
    3.62     0.0%     0.0%     0.0%    0.140 (0.152 / 0.040) /  0.362      0    0        0      0
           posted by halow:200 zigbee:200
    3.61     0.0%     0.0%     0.0%    0.140 (0.151 / 0.040) /  0.369      0    0        0      0
           posted by halow:200 zigbee:200
    3.60     0.0%     0.0%     0.0%    0.138 (0.152 / 0.040) /  0.199      0    0        0      0
           posted by halow:200 zigbee:200
    3.59     0.0%     0.0%     0.0%    0.139 (0.151 / 0.040) /  0.198      0    0        0      0
           posted by halow:200 zigbee:200
    3.58     0.0%     0.0%     0.0%    0.141 (0.151 / 0.040) /  0.201      0    0        0      0
           posted by halow:200 zigbee:200
    3.57     0.0%     0.0%     0.0%    0.139 (0.151 / 0.039) /  0.177      0    0        0      0
           posted by halow:200 zigbee:200
    3.56     0.0%     0.0%     0.0%    0.142 (0.152 / 0.040) /  0.197      0    0        0      0
           posted by halow:200 zigbee:200
    3.55     0.0%     0.0%     0.0%    0.140 (0.152 / 0.040) /  0.197      0    0        0      0
           posted by halow:200 zigbee:200
    3.54     0.0%     0.0%     0.0%    0.141 (0.152 / 0.040) /  0.362      0    0        0      0
           posted by halow:200 zigbee:200
    3.53     0.0%     0.0%     0.0%    0.140 (0.153 / 0.040) /  0.191      0    0        0      0
           posted by halow:200 zigbee:200
    3.52     0.0%     0.0%     0.0%    0.142 (0.152 / 0.039) /  0.188      0    0        0      0
           posted by halow:200 zigbee:200
    3.51     0.0%     0.0%     0.0%    0.138 (0.152 / 0.039) /  0.180      0    0        0      0
           posted by halow:200 zigbee:200
    3.50     0.0%     0.0%     0.0%    0.139 (0.152 / 0.039) /  0.187      0    0        0      0
           posted by halow:200 zigbee:200
    3.49     0.0%     0.0%     0.0%    0.138 (0.151 / 0.039) /  0.184      0    0        0      0
           posted by halow:200 zigbee:200
    3.48     0.0%     0.0%     0.0%    0.140 (0.152 / 0.040) /  0.197      0    0        0      0
           posted by halow:200 zigbee:200
    3.47     0.0%     0.0%     0.0%    0.138 (0.151 / 0.041) /  0.197      0    0        0      0
           posted by halow:200 zigbee:200
    3.46     0.0%     0.0%     0.0%    0.140 (0.152 / 0.039) /  0.185      0    0        0      0
           posted by halow:200 zigbee:200
    3.45     0.0%     0.0%     0.0%    0.141 (0.151 / 0.040) /  0.178      0    0        0      0
           posted by halow:200 zigbee:200
    3.44     0.0%     0.0%     0.0%    0.140 (0.151 / 0.039) /  0.233      0    0        0      0
           posted by halow:200 zigbee:200
    3.43     0.0%     0.0%     0.0%    0.139 (0.152 / 0.039) /  0.186      0    0        0      0
           posted by halow:200 zigbee:200
    3.42     0.0%     0.0%     0.0%    0.140 (0.151 / 0.039) /  0.187      0    0        0      0
           posted by halow:200 zigbee:200
    3.41     0.0%     0.0%     0.0%    0.137 (0.152 / 0.039) /  0.194      0    0        0      0
           posted by halow:200 zigbee:200
    3.40     0.0%     0.0%     0.0%    0.139 (0.152 / 0.039) /  0.198      0    0        0      0
           posted by halow:200 zigbee:200
    3.39     0.0%     0.0%     0.0%    0.140 (0.151 / 0.038) /  0.361      0    0        0      0
           posted by halow:200 zigbee:200
    3.38     0.0%     0.0%     0.0%    0.141 (0.151 / 0.039) /  0.193      0    0        0      0
           posted by halow:200 zigbee:200
    3.37     0.0%     0.0%     0.0%    0.142 (0.152 / 0.039) /  0.187      0    0        0      0
           posted by halow:200 zigbee:200
    3.36     0.0%     0.0%     0.0%    0.139 (0.151 / 0.039) /  0.191      0    0        0      0
           posted by halow:200 zigbee:200
    3.35     0.0%     0.0%     0.0%    0.140 (0.151 / 0.039) /  0.182      0    0        0      0
           posted by halow:200 zigbee:200
    3.34     0.0%     0.0%     0.0%    0.139 (0.151 / 0.039) /  0.363      0    0        0      0
           posted by halow:200 zigbee:200
    3.33     0.0%     0.0%     0.0%    0.138 (0.150 / 0.039) /  0.196      0    0        0      0
           posted by halow:200 zigbee:200
    3.32     0.0%     0.0%     0.0%    0.141 (0.151 / 0.039) /  0.187      0    0        0      0
           posted by halow:200 zigbee:200
    3.31     0.0%     0.0%     0.0%    0.141 (0.151 / 0.039) /  0.183      0    0        0    256
           posted by halow:200 zigbee:200
    3.30     0.0%     0.0%     0.0%    0.138 (0.151 / 0.039) /  0.190      0    0        0      0
           posted by halow:200 zigbee:200
    3.29     0.0%     0.0%     0.0%    0.140 (0.151 / 0.039) /  0.187      0    0        0      0
           posted by halow:200 zigbee:200
    3.28     0.0%     0.0%     0.0%    0.140 (0.151 / 0.038) /  0.188      0    0        0      0
           posted by halow:200 zigbee:200
    3.27     0.0%     0.0%     0.0%    0.138 (0.152 / 0.039) /  0.566      0    0        0      0
           posted by halow:200 zigbee:200
    3.26     0.0%     0.0%     0.0%    0.137 (0.151 / 0.038) /  0.182      0    0        0      0
           posted by halow:200 zigbee:200
    3.25     0.0%     0.0%     0.0%    0.140 (0.152 / 0.039) /  0.365      0    0        0    256
           posted by halow:200 zigbee:200
    3.24     0.0%     0.0%     0.0%    0.139 (0.152 / 0.039) /  0.178      0    0        0      0
           posted by halow:200 zigbee:200
    3.23     0.0%     0.0%     0.0%    0.140 (0.151 / 0.039) /  0.187      0    0        0      0
           posted by halow:200 zigbee:200
    3.22     0.0%     0.0%     0.0%    0.140 (0.152 / 0.039) /  0.565      0    0        0      0
           posted by halow:200 zigbee:200
    3.21     0.0%     0.0%     0.0%    0.138 (0.151 / 0.039) /  0.193      0    0        0      0
           posted by halow:200 zigbee:200
    3.20     0.0%     0.0%     0.0%    0.140 (0.151 / 0.039) /  0.180      0    0        0      0
           posted by halow:200 zigbee:200
    3.19     0.0%     0.0%     0.0%    0.140 (0.151 / 0.040) /  0.358      0    0        0      0
           posted by halow:200 zigbee:200
    3.18     0.0%     0.0%     0.0%    0.140 (0.153 / 0.040) /  0.191      0    0        0      0
           posted by halow:200 zigbee:200
    3.17     0.0%     0.0%     0.0%    0.141 (0.151 / 0.039) /  0.192      0    0        0      0
           posted by halow:200 zigbee:200
    3.16     0.0%     0.0%     0.0%    0.139 (0.152 / 0.039) /  0.189      0    0        0      0
           posted by halow:200 zigbee:200
    3.15     0.0%     0.0%     0.0%    0.140 (0.152 / 0.039) /  0.204      0    0        0      0
           posted by halow:200 zigbee:200
    3.14     0.0%     0.0%     0.0%    0.138 (0.152 / 0.039) /  0.190      0    0        0      0
           posted by halow:200 zigbee:200
    3.13     0.0%     0.0%     0.0%    0.140 (0.152 / 0.040) /  0.255      0    0        0      0
           posted by halow:200 zigbee:200
    3.12     0.0%     0.0%     0.0%    0.141 (0.152 / 0.039) /  0.192      0    0        0      0
           posted by halow:200 zigbee:200
    3.11     0.0%     0.0%     0.0%    0.141 (0.152 / 0.040) /  0.219      0    0        0      0
           posted by halow:200 zigbee:200
    3.10     0.0%     0.0%     0.0%    0.139 (0.152 / 0.039) /  0.188      0    0        0      0
           posted by halow:200 zigbee:200
    3.09     0.0%     0.0%     0.0%    0.142 (0.153 / 0.041) /  0.589      0    0        0      0
           posted by halow:200 zigbee:200
    3.08     0.0%     0.0%     0.0%    0.139 (0.152 / 0.039) /  0.187      0    0        0      0
           posted by halow:200 zigbee:200
    3.07     0.0%     0.0%     0.0%    0.139 (0.153 / 0.040) /  0.365      0    0        0      0
           posted by halow:200 zigbee:200
    3.06     0.0%     0.0%     0.0%    0.140 (0.151 / 0.039) /  0.189      0    0        0      0
           posted by halow:200 zigbee:200
    3.05     0.0%     0.0%     0.0%    0.139 (0.151 / 0.039) /  0.180      0    0        0      0
           posted by halow:200 zigbee:200
    3.04     0.0%     0.0%     0.0%    0.140 (0.152 / 0.039) /  0.359      0    0        0      0
           posted by halow:200 zigbee:200
    3.03     0.0%     0.0%     0.0%    0.140 (0.151 / 0.039) /  0.183      0    0        0      0
           posted by halow:200 zigbee:200
    3.02     0.0%     0.0%     0.0%    0.140 (0.151 / 0.038) /  0.190      0    0        0      0
           posted by halow:200 zigbee:200
    3.01     0.0%     0.0%     0.0%    0.141 (0.151 / 0.039) /  0.362      0    0        0      0
           posted by halow:200 zigbee:200
    3.00     0.0%     0.0%     0.0%    0.139 (0.151 / 0.039) /  0.360      0    0        0    256
           posted by halow:200 zigbee:200
    2.99     0.0%     0.0%     0.0%    0.141 (0.151 / 0.038) /  0.248      0    0        0      0
           posted by halow:200 zigbee:200
    2.98     0.0%     0.0%     0.0%    0.140 (0.151 / 0.040) /  0.189      0    0        0      0
           posted by halow:200 zigbee:200
    2.97     0.0%     0.0%     0.0%    0.142 (0.152 / 0.040) /  0.197      0    0        0      0
           posted by halow:200 zigbee:200
    2.96     0.0%     0.0%     0.0%    0.139 (0.151 / 0.039) /  0.191      0    0        0      0
           posted by halow:200 zigbee:200
    2.95     0.0%     0.0%     0.0%    0.139 (0.151 / 0.040) /  0.189      0    0        0      0
           posted by halow:200 zigbee:200
    2.94     0.0%     0.0%     0.0%    0.141 (0.153 / 0.041) /  0.193      0    0        0      0
           posted by halow:200 zigbee:200
    2.93     0.0%     0.0%     0.0%    0.141 (0.152 / 0.039) /  0.665      0    0        0      0
           posted by halow:200 zigbee:200
    2.92     0.0%     0.0%     0.0%    0.140 (0.152 / 0.040) /  0.373      0    0        0      0
           posted by halow:200 zigbee:200
    2.91     0.0%     0.0%     0.0%    0.142 (0.151 / 0.039) /  0.196      0    0        0      0
           posted by halow:200 zigbee:200
    2.90     0.0%     0.0%     0.0%    0.141 (0.151 / 0.039) /  0.575      0    0        0      0
           posted by halow:200 zigbee:200
    2.89     0.0%     0.0%     0.0%    0.138 (0.151 / 0.039) /  0.190      0    0        0      0
           posted by halow:200 zigbee:200
    2.88     0.0%     0.0%     0.0%    0.141 (0.151 / 0.039) /  0.199      0    0        0      0
           posted by halow:200 zigbee:200
    2.87     0.0%     0.0%     0.0%    0.140 (0.155 / 0.040) /  0.209      0    0        0      0
           posted by halow:200 zigbee:200
    2.86     0.0%     0.0%     0.0%    0.138 (0.152 / 0.039) /  0.198      0    0        0      0
           posted by halow:200 zigbee:200
    2.85     0.0%     0.0%     0.0%    0.143 (0.152 / 0.040) /  0.256      0    0        0      0
           posted by halow:200 zigbee:200
    2.84     0.0%     0.0%     0.0%    0.142 (0.152 / 0.039) /  0.190      0    0        0      0
           posted by halow:200 zigbee:200
    2.83     0.0%     0.0%     0.0%    0.139 (0.150 / 0.039) /  0.179      0    0        0      0
           posted by halow:200 zigbee:200
    2.82     0.0%     0.0%     0.0%    0.139 (0.152 / 0.039) /  0.195      0    0        0      0
           posted by halow:200 zigbee:200
    2.81     0.0%     0.0%     0.0%    0.139 (0.151 / 0.040) /  0.191      0    0        0      0
           posted by halow:200 zigbee:200
    2.80     0.0%     0.0%     0.0%    0.139 (0.151 / 0.039) /  0.185      0    0        0      0
           posted by halow:200 zigbee:200
    2.79     0.0%     0.0%     0.0%    0.140 (0.151 / 0.039) /  0.202      0    0        0      0
           posted by halow:200 zigbee:200
    2.78     0.0%     0.0%     0.0%    0.137 (0.152 / 0.040) /  0.198      0    0        0      0
           posted by halow:200 zigbee:200
    2.77     0.0%     0.0%     0.0%    0.140 (0.151 / 0.039) /  0.189      0    0        0      0
           posted by halow:200 zigbee:200
    2.76     0.0%     0.0%     0.0%    0.141 (0.152 / 0.039) /  0.201      0    0        0      0
           posted by halow:200 zigbee:200
    2.75     0.0%     0.0%     0.0%    0.139 (0.151 / 0.039) /  0.201      0    0        0    256
           posted by halow:200 zigbee:200
    2.74     0.0%     0.0%     0.0%    0.140 (0.151 / 0.039) /  0.229      0    0        0      0
           posted by halow:200 zigbee:200
    2.73     0.0%     0.0%     0.0%    0.138 (0.151 / 0.039) /  0.183      0    0        0    256
           posted by halow:200 zigbee:200
    2.72     0.0%     0.0%     0.0%    0.139 (0.151 / 0.039) /  0.205      0    0        0      0
           posted by halow:200 zigbee:200
    2.71     0.0%     0.0%     0.0%    0.141 (0.151 / 0.039) /  0.188      0    0        0      0
           posted by halow:200 zigbee:200
    2.70     0.0%     0.0%     0.0%    0.139 (0.152 / 0.039) /  0.184      0    0        0      0
           posted by halow:200 zigbee:200
    2.69     0.0%     0.0%     0.0%    0.136 (0.151 / 0.039) /  0.185      0    0        0      0
           posted by halow:200 zigbee:200
    2.68     0.0%     0.0%     0.0%    0.140 (0.152 / 0.040) /  0.368      0    0        0      0
           posted by halow:200 zigbee:200
    2.67     0.0%     0.0%     0.0%    0.140 (0.151 / 0.039) /  0.188      0    0        0      0
           posted by halow:200 zigbee:200
    2.66     0.0%     0.0%     0.0%    0.138 (0.151 / 0.039) /  0.189      0    0        0      0
           posted by halow:200 zigbee:200
    2.65     0.0%     0.0%     0.0%    0.141 (0.151 / 0.038) /  0.242      0    0        0      0
           posted by halow:200 zigbee:200
    2.64     0.0%     0.0%     0.0%    0.138 (0.150 / 0.038) /  0.183      0    0        0      0
           posted by halow:200 zigbee:200
    2.63     0.0%     0.0%     0.0%    0.138 (0.150 / 0.039) /  0.652      0    0        0      0
           posted by halow:200 zigbee:200
    2.62     0.0%     0.0%     0.0%    0.140 (0.151 / 0.039) /  0.189      0    0        0    256
           posted by halow:200 zigbee:200
    2.61     0.0%     0.0%     0.0%    0.139 (0.151 / 0.039) /  0.187      0    0        0      0
           posted by halow:200 zigbee:200
    2.60     0.0%     0.0%     0.0%    0.139 (0.151 / 0.039) /  0.192      0    0        0      0
           posted by halow:200 zigbee:200
    2.59     0.0%     0.0%     0.0%    0.140 (0.152 / 0.039) /  0.201      0    0        0      0
           posted by halow:200 zigbee:200
    2.58     0.0%     0.0%     0.0%    0.137 (0.151 / 0.039) /  0.205      0    0        0      0
           posted by halow:200 zigbee:200
    2.57     0.0%     0.0%     0.0%    0.140 (0.151 / 0.040) /  0.191      0    0        0      0
           posted by halow:200 zigbee:200
    2.56     0.0%     0.0%     0.0%    0.140 (0.151 / 0.039) /  0.188      0    0        0      0
           posted by halow:200 zigbee:200
    2.55     0.0%     0.0%     0.0%    0.140 (0.151 / 0.040) /  0.184      0    0        0      0
           posted by halow:200 zigbee:200
    2.54     0.0%     0.0%     0.0%    0.141 (0.153 / 0.040) /  0.202      0    0        0      0
           posted by halow:200 zigbee:200
    2.53     0.0%     0.0%     0.0%    0.140 (0.152 / 0.039) /  0.189      0    0        0      0
           posted by halow:200 zigbee:200
    2.52     0.0%     0.0%     0.0%    0.142 (0.151 / 0.038) /  0.255      0    0        0      0
           posted by halow:200 zigbee:200
    2.51     0.0%     0.0%     0.0%    0.139 (0.151 / 0.038) /  0.231      0    0        0      0
           posted by halow:200 zigbee:200
    2.50     0.0%     0.0%     0.0%    0.142 (0.151 / 0.039) /  0.189      0    0        0      0
           posted by halow:200 zigbee:200
    2.49     0.0%     0.0%     0.0%    0.141 (0.151 / 0.038) /  0.183      0    0        0      0
           posted by halow:200 zigbee:200
    2.48     0.0%     0.0%     0.0%    0.140 (0.151 / 0.039) /  0.567      0    0        0      0
           posted by halow:200 zigbee:200
    2.47     0.0%     0.0%     0.0%    0.137 (0.151 / 0.038) /  0.192      0    0        0      0
           posted by halow:200 zigbee:200
    2.46     0.0%     0.0%     0.0%    0.141 (0.151 / 0.038) /  0.206      0    0        0      0
           posted by halow:200 zigbee:200
    2.45     0.0%     0.0%     0.0%    0.141 (0.151 / 0.038) /  0.371      0    0        0      0
           posted by halow:200 zigbee:200
    2.44     0.0%     0.0%     0.0%    0.139 (0.151 / 0.038) /  0.188      0    0        0      0
           posted by halow:200 zigbee:200
    2.43     0.0%     0.0%     0.0%    0.139 (0.152 / 0.039) /  0.196      0    0        0      0
           posted by halow:200 zigbee:200
    2.42     0.0%     0.0%     0.0%    0.135 (0.151 / 0.037) /  0.204      0    0        0      0
           posted by halow:200 zigbee:200
    2.41     0.0%     0.0%     0.0%    0.139 (0.150 / 0.038) /  0.188      0    0        0      0
           posted by halow:200 zigbee:200
    2.40     0.0%     0.0%     0.0%    0.140 (0.151 / 0.037) /  0.189      0    0        0      0
           posted by halow:200 zigbee:200
    2.39     0.0%     0.0%     0.0%    0.142 (0.152 / 0.038) /  0.182      0    0        0      0
           posted by halow:200 zigbee:200
    2.38     0.0%     0.0%     0.0%    0.136 (0.151 / 0.038) /  0.186      0    0        0      0
           posted by halow:200 zigbee:200
    2.37     0.0%     0.0%     0.0%    0.137 (0.150 / 0.038) /  0.200      0    0        0      0
           posted by halow:200 zigbee:200
    2.36     0.0%     0.0%     0.0%    0.139 (0.151 / 0.039) /  0.196      0    0        0      0
           posted by halow:200 zigbee:200
    2.35     0.0%     0.0%     0.0%    0.140 (0.150 / 0.039) /  0.189      0    0        0      0
           posted by halow:200 zigbee:200
    2.34     0.0%     0.0%     0.0%    0.139 (0.151 / 0.038) /  0.207      0    0        0      0
           posted by halow:200 zigbee:200
    2.33     0.0%     0.0%     0.0%    0.140 (0.151 / 0.038) /  0.361      0    0        0    256
           posted by halow:200 zigbee:200
    2.32     0.0%     0.0%     0.0%    0.139 (0.151 / 0.038) /  0.186      0    0        0      0
           posted by halow:200 zigbee:200
    2.31     0.0%     0.0%     0.0%    0.141 (0.151 / 0.038) /  0.189      0    0        0      0
           posted by halow:200 zigbee:200
    2.30     0.0%     0.0%     0.0%    0.142 (0.151 / 0.037) /  0.583      0    0        0      0
           posted by halow:200 zigbee:200
    2.29     0.0%     0.0%     0.0%    0.140 (0.151 / 0.039) /  0.193      0    0        0      0
           posted by halow:200 zigbee:200
    2.28     0.0%     0.0%     0.0%    0.140 (0.150 / 0.038) /  0.185      0    0        0      0
           posted by halow:200 zigbee:200
    2.27     0.0%     0.0%     0.0%    0.140 (0.151 / 0.038) /  0.185      0    0        0      0
           posted by halow:200 zigbee:200
    2.26     0.0%     0.0%     0.0%    0.139 (0.150 / 0.037) /  0.184      0    0        0      0
           posted by halow:200 zigbee:200
    2.25     0.0%     0.0%     0.0%    0.141 (0.152 / 0.039) /  0.252      0    0        0      0
           posted by halow:200 zigbee:200
    2.24     0.0%     0.0%     0.0%    0.141 (0.152 / 0.038) /  0.183      0    0        0      0
           posted by halow:200 zigbee:200
    2.23     0.0%     0.0%     0.0%    0.141 (0.152 / 0.038) /  0.244      0    0        0      0
           posted by halow:200 zigbee:200
    2.22     0.0%     0.0%     0.0%    0.140 (0.151 / 0.038) /  0.357      0    0        0      0
           posted by halow:200 zigbee:200
    2.21     0.0%     0.0%     0.0%    0.141 (0.151 / 0.038) /  0.191      0    0        0      0
           posted by halow:200 zigbee:200
    2.20     0.0%     0.0%     0.0%    0.141 (0.151 / 0.037) /  0.185      0    0        0      0
           posted by halow:200 zigbee:200
    2.19     0.0%     0.0%     0.0%    0.138 (0.151 / 0.038) /  0.185      0    0        0      0
           posted by halow:200 zigbee:200
    2.18     0.0%     0.0%     0.0%    0.141 (0.155 / 0.040) /  0.220      0    0        0      0
           posted by halow:200 zigbee:200
    2.17     0.0%     0.0%     0.0%    0.140 (0.152 / 0.038) /  0.192      0    0        0      0
           posted by halow:200 zigbee:200
    2.16     0.0%     0.0%     0.0%    0.141 (0.151 / 0.038) /  0.189      0    0        0      0
           posted by halow:200 zigbee:200
    2.15     0.0%     0.0%     0.0%    0.141 (0.152 / 0.037) /  0.184      0    0        0      0
           posted by halow:200 zigbee:200
    2.14     0.0%     0.0%     0.0%    0.141 (0.151 / 0.038) /  0.192      0    0        0      0
           posted by halow:200 zigbee:200
    2.13     0.0%     0.0%     0.0%    0.140 (0.152 / 0.038) /  0.184      0    0        0      0
           posted by halow:200 zigbee:200
    2.12     0.0%     0.0%     0.0%    0.140 (0.151 / 0.038) /  0.193      0    0        0      0
           posted by halow:200 zigbee:200
    2.11     0.0%     0.0%     0.0%    0.141 (0.152 / 0.038) /  0.573      0    0        0      0
           posted by halow:200 zigbee:200
    2.10     0.0%     0.0%     0.0%    0.139 (0.151 / 0.038) /  0.202      0    0        0      0
           posted by halow:200 zigbee:200
    2.09     0.0%     0.0%     0.0%    0.141 (0.152 / 0.038) /  0.195      0    0        0      0
           posted by halow:200 zigbee:200
    2.08     0.0%     0.0%     0.0%    0.140 (0.152 / 0.038) /  0.187      0    0        0    256
           posted by halow:200 zigbee:200
    2.07     0.0%     0.0%     0.0%    0.139 (0.151 / 0.038) /  0.182      0    0        0      0
           posted by halow:200 zigbee:200
    2.06     0.0%     0.0%     0.0%    0.140 (0.151 / 0.038) /  0.574      0    0        0      0
           posted by halow:200 zigbee:200
    2.05     0.0%     0.0%     0.0%    0.140 (0.152 / 0.039) /  0.191      0    0        0      0
           posted by halow:200 zigbee:200
    2.04     0.0%     0.0%     0.0%    0.140 (0.152 / 0.038) /  0.255      0    0        0      0
           posted by halow:200 zigbee:200
    2.03     0.0%     0.0%     0.0%    0.141 (0.152 / 0.038) /  0.192      0    0        0      0
           posted by halow:200 zigbee:200
    2.02     0.0%     0.0%     0.0%    0.141 (0.153 / 0.038) /  0.360      0    0        0      0
           posted by halow:200 zigbee:200
    2.01     0.0%     0.0%     0.0%    0.140 (0.152 / 0.038) /  0.202      0    0        0      0
           posted by halow:200 zigbee:200
    2.00     0.0%     0.0%     0.0%    0.140 (0.152 / 0.038) /  0.188      0    0        0      0
           posted by halow:200 zigbee:200
    1.99     0.0%     0.0%     0.0%    0.140 (0.153 / 0.037) /  0.440      0    0        0      0
           posted by halow:200 zigbee:200
    1.98     0.0%     0.0%     0.0%    0.142 (0.154 / 0.038) /  0.239      0    0        0      0
           posted by halow:200 zigbee:200
    1.97     0.0%     0.0%     0.0%    0.142 (0.152 / 0.038) /  0.213      0    0        0      0
           posted by halow:200 zigbee:200
    1.96     0.0%     0.0%     0.0%    0.140 (0.152 / 0.037) /  0.185      0    0        0      0
           posted by halow:200 zigbee:200
    1.95     0.0%     0.0%     0.0%    0.136 (0.151 / 0.037) /  0.192      0    0        0      0
           posted by halow:200 zigbee:200
    1.94     0.0%     0.0%     0.0%    0.140 (0.151 / 0.037) /  0.196      0    0        0      0
           posted by halow:200 zigbee:200
    1.93     0.0%     0.0%     0.0%    0.140 (0.151 / 0.038) /  0.194      0    0        0      0
           posted by halow:200 zigbee:200
    1.92     0.0%     0.0%     0.0%    0.141 (0.151 / 0.037) /  0.187      0    0        0      0
           posted by halow:200 zigbee:200
    1.91     0.0%     0.0%     0.0%    0.140 (0.150 / 0.037) /  0.185      0    0        0      0
           posted by halow:200 zigbee:200
    1.90     0.0%     0.0%     0.0%    0.143 (0.150 / 0.037) /  0.192      0    0        0      0
           posted by halow:200 zigbee:200
    1.89     0.0%     0.0%     0.0%    0.140 (0.151 / 0.038) /  0.192      0    0        0    256
           posted by halow:200 zigbee:200
    1.88     0.0%     0.0%     0.0%    0.142 (0.150 / 0.037) /  0.252      0    0        0      0
           posted by halow:200 zigbee:200
    1.87     0.0%     0.0%     0.0%    0.140 (0.150 / 0.038) /  0.198      0    0        0      0
           posted by halow:200 zigbee:200
    1.86     0.0%     0.0%     0.0%    0.140 (0.151 / 0.038) /  0.184      0    0        0      0
           posted by halow:200 zigbee:200
    1.85     0.0%     0.0%     0.0%    0.139 (0.151 / 0.037) /  0.201      0    0        0      0
           posted by halow:200 zigbee:200
    1.84     0.0%     0.0%     0.0%    0.141 (0.150 / 0.037) /  0.372      0    0        0      0
           posted by halow:200 zigbee:200
    1.83     0.0%     0.0%     0.0%    0.139 (0.151 / 0.037) /  0.182      0    0        0      0
           posted by halow:200 zigbee:200
    1.82     0.0%     0.0%     0.0%    0.141 (0.151 / 0.037) /  0.186      0    0        0      0
           posted by halow:200 zigbee:200
    1.81     0.0%     0.0%     0.0%    0.141 (0.150 / 0.037) /  0.194      0    0        0      0
           posted by halow:200 zigbee:200
    1.80     0.0%     0.0%     0.0%    0.138 (0.151 / 0.037) /  0.197      0    0        0      0
           posted by halow:200 zigbee:200
    1.79     0.0%     0.0%     0.0%    0.139 (0.153 / 0.038) /  0.385      0    0        0      0
           posted by halow:200 zigbee:200
    1.78     0.0%     0.0%     0.0%    0.139 (0.151 / 0.037) /  0.193      0    0        0      0
           posted by halow:200 zigbee:200
    1.77     0.0%     0.0%     0.0%    0.142 (0.151 / 0.037) /  0.192      0    0        0      0
           posted by halow:200 zigbee:200
    1.76     0.0%     0.0%     0.0%    0.141 (0.151 / 0.037) /  0.187      0    0        0      0
           posted by halow:200 zigbee:200
    1.75     0.0%     0.0%     0.0%    0.140 (0.150 / 0.037) /  0.180      0    0        0      0
           posted by halow:200 zigbee:200
    1.74     0.0%     0.0%     0.0%    0.140 (0.152 / 0.038) /  0.360      0    0        0      0
           posted by halow:200 zigbee:200
    1.73     0.0%     0.0%     0.0%    0.139 (0.151 / 0.037) /  0.360      0    0        0      0
           posted by halow:200 zigbee:200
    1.72     0.0%     0.0%     0.0%    0.141 (0.151 / 0.038) /  0.196      0    0        0      0
           posted by halow:200 zigbee:200
    1.71     0.0%     0.0%     0.0%    0.142 (0.152 / 0.038) /  0.217      0    0        0      0
           posted by halow:200 zigbee:200
    1.70     0.0%     0.0%     0.0%    0.139 (0.153 / 0.038) /  0.197      0    0        0      0
           posted by halow:200 zigbee:200
    1.69     0.0%     0.0%     0.0%    0.138 (0.151 / 0.037) /  0.182      0    0        0      0
           posted by halow:200 zigbee:200
    1.68     0.0%     0.0%     0.0%    0.140 (0.151 / 0.037) /  0.561      0    0        0      0
           posted by halow:200 zigbee:200
    1.67     0.0%     0.0%     0.0%    0.138 (0.151 / 0.037) /  0.206      0    0        0      0
           posted by halow:200 zigbee:200
    1.66     0.0%     0.0%     0.0%    0.138 (0.149 / 0.037) /  0.245      0    0        0      0
           posted by halow:200 zigbee:200
    1.65     0.0%     0.0%     0.0%    0.137 (0.151 / 0.038) /  0.210      0    0        0      0
           posted by halow:200 zigbee:200
    1.64     0.0%     0.0%     0.0%    0.139 (0.152 / 0.038) /  0.193      0    0        0      0
           posted by halow:200 zigbee:200
    1.63     0.0%     0.0%     0.0%    0.140 (0.151 / 0.038) /  0.316      0    0        0      0
           posted by halow:200 zigbee:200
    1.62     0.0%     0.0%     0.0%    0.140 (0.151 / 0.038) /  0.182      0    0        0      0
           posted by halow:200 zigbee:200
    1.61     0.0%     0.0%     0.0%    0.140 (0.151 / 0.037) /  0.190      0    0        0      0
           posted by halow:200 zigbee:200
    1.60     0.0%     0.0%     0.0%    0.140 (0.151 / 0.038) /  0.188      0    0        0      0
           posted by halow:200 zigbee:200
    1.59     0.0%     0.0%     0.0%    0.134 (0.151 / 0.037) /  0.193      0    0        0      0
           posted by halow:200 zigbee:200
    1.58     0.0%     0.0%     0.0%    0.138 (0.152 / 0.037) /  0.193      0    0        0      0
           posted by halow:200 zigbee:200
    1.57     0.0%     0.0%     0.0%    0.139 (0.151 / 0.038) /  0.258      0    0        0      0
           posted by halow:200 zigbee:200
    1.56     0.0%     0.0%     0.0%    0.136 (0.152 / 0.037) /  0.263      0    0        0      0
           posted by halow:200 zigbee:200
    1.55     0.0%     0.0%     0.0%    0.135 (0.152 / 0.037) /  0.194      0    0        0      0
           posted by halow:200 zigbee:200
    1.54     0.0%     0.0%     0.0%    0.134 (0.152 / 0.038) /  0.205      0    0        0      0
           posted by halow:200 zigbee:200
    1.53     0.0%     0.0%     0.0%    0.137 (0.151 / 0.038) /  0.192      0    0        0      0
           posted by halow:200 zigbee:200
    1.52     0.0%     0.0%     0.0%    0.133 (0.150 / 0.037) /  0.203      0    0        0      0
           posted by halow:200 zigbee:200
    1.51     0.0%     0.0%     0.0%    0.139 (0.149 / 0.038) /  0.196      0    0        0    256
           posted by halow:200 zigbee:200
    1.50     0.0%     0.0%     0.0%    0.133 (0.152 / 0.038) /  0.217      0    0        0    256
           posted by halow:200 zigbee:200
    1.49     0.0%     0.0%     0.0%    0.138 (0.151 / 0.038) /  0.369      0    0        0      0
           posted by halow:200 zigbee:200
    1.48     0.0%     0.0%     0.0%    0.135 (0.149 / 0.038) /  0.196      0    0        0      0
           posted by halow:200 zigbee:200
    1.47     0.0%     0.0%     0.0%    0.136 (0.153 / 0.038) /  0.197      0    0        0      0
           posted by halow:200 zigbee:200
    1.46     0.0%     0.0%     0.0%    0.133 (0.151 / 0.037) /  0.207      0    0        0      0
           posted by halow:200 zigbee:200
    1.45     0.0%     0.0%     0.0%    0.137 (0.152 / 0.038) /  0.202      0    0        0      0
           posted by halow:200 zigbee:200
    1.44     0.0%     0.0%     0.0%    0.138 (0.150 / 0.037) /  0.184      0    0        0      0
           posted by halow:200 zigbee:200
    1.43     0.0%     0.0%     0.0%    0.137 (0.149 / 0.037) /  0.180      0    0        0      0
           posted by halow:200 zigbee:200
    1.42     0.0%     0.0%     0.0%    0.134 (0.149 / 0.037) /  0.360      0    0        0      0
           posted by halow:200 zigbee:200
    1.41     0.0%     0.0%     0.0%    0.134 (0.149 / 0.037) /  0.183      0    0        0      0
           posted by halow:200 zigbee:200
    1.40     0.0%     0.0%     0.0%    0.134 (0.148 / 0.037) /  0.190      0    0        0      0
           posted by halow:200 zigbee:200
    1.39     0.0%     0.0%     0.0%    0.135 (0.148 / 0.037) /  0.191      0    0        0      0
           posted by halow:200 zigbee:200
    1.38     0.0%     0.0%     0.0%    0.130 (0.147 / 0.037) /  0.190      0    0        0      0
           posted by halow:200 zigbee:200
    1.37     0.0%     0.0%     0.0%    0.136 (0.148 / 0.037) /  0.182      0    0        0      0
           posted by halow:200 zigbee:200
    1.36     0.0%     0.0%     0.0%    0.134 (0.149 / 0.038) /  0.197      0    0        0      0
           posted by halow:200 zigbee:200
    1.35     0.0%     0.0%     0.0%    0.139 (0.149 / 0.037) /  0.208      0    0        0      0
           posted by halow:200 zigbee:200
    1.34     0.0%     0.0%     0.0%    0.136 (0.148 / 0.037) /  0.187      0    0        0      0
           posted by halow:200 zigbee:200
    1.33     0.0%     0.0%     0.0%    0.135 (0.147 / 0.037) /  0.254      0    0        0      0
           posted by halow:200 zigbee:200
    1.32     0.0%     0.0%     0.0%    0.135 (0.148 / 0.037) /  0.183      0    0        0      0
           posted by halow:200 zigbee:200
    1.31     0.0%     0.0%     0.0%    0.137 (0.149 / 0.037) /  0.180      0    0        0      0
           posted by halow:200 zigbee:200
    1.30     0.0%     0.0%     0.0%    0.136 (0.148 / 0.037) /  0.179      0    0        0      0
           posted by halow:200 zigbee:200
    1.29     0.0%     0.0%     0.0%    0.134 (0.148 / 0.036) /  0.180      0    0        0      0
           posted by halow:200 zigbee:200
    1.28     0.0%     0.0%     0.0%    0.135 (0.148 / 0.037) /  0.191      0    0        0      0
           posted by halow:200 zigbee:200
    1.27     0.0%     0.0%     0.0%    0.136 (0.148 / 0.037) /  0.183      0    0        0      0
           posted by halow:200 zigbee:200
    1.26     0.0%     0.0%     0.0%    0.135 (0.149 / 0.037) /  0.191      0    0        0      0
           posted by halow:200 zigbee:200
    1.25     0.0%     0.0%     0.0%    0.136 (0.147 / 0.036) /  0.372      0    0        0      0
           posted by halow:200 zigbee:200
    1.24     0.0%     0.0%     0.0%    0.134 (0.147 / 0.036) /  0.197      0    0        0      0
           posted by halow:200 zigbee:200
    1.23     0.0%     0.0%     0.0%    0.133 (0.148 / 0.037) /  0.186      0    0        0      0
           posted by halow:200 zigbee:200
    1.22     0.0%     0.0%     0.0%    0.132 (0.147 / 0.036) /  0.183      0    0        0      0
           posted by halow:200 zigbee:200
    1.21     0.0%     0.0%     0.0%    0.135 (0.147 / 0.037) /  0.183      0    0        0    256
           posted by halow:200 zigbee:200
    1.20     0.0%     0.0%     0.0%    0.135 (0.147 / 0.037) /  0.358      0    0        0      0
           posted by halow:200 zigbee:200
    1.19     0.0%     0.0%     0.0%    0.136 (0.149 / 0.037) /  0.216      0    0        0      0
           posted by halow:200 zigbee:200
    1.18     0.0%     0.0%     0.0%    0.137 (0.147 / 0.037) /  0.554      0    0        0      0
           posted by halow:200 zigbee:200
    1.17     0.0%     0.0%     0.0%    0.136 (0.147 / 0.036) /  0.359      0    0        0      0
           posted by halow:200 zigbee:200
    1.16     0.0%     0.0%     0.0%    0.133 (0.148 / 0.036) /  0.182      0    0        0      0
           posted by halow:200 zigbee:200
    1.15     0.0%     0.0%     0.0%    0.136 (0.148 / 0.037) /  0.196      0    0        0      0
           posted by halow:200 zigbee:200
    1.14     0.0%     0.0%     0.0%    0.135 (0.148 / 0.037) /  0.184      0    0        0      0
           posted by halow:200 zigbee:200
    1.13     0.0%     0.0%     0.0%    0.135 (0.148 / 0.037) /  0.192      0    0        0      0
           posted by halow:200 zigbee:200
    1.12     0.0%     0.0%     0.0%    0.135 (0.147 / 0.037) /  0.176      0    0        0      0
           posted by halow:200 zigbee:200
    1.11     0.0%     0.0%     0.0%    0.137 (0.147 / 0.037) /  0.178      0    0        0      0
           posted by halow:200 zigbee:200
    1.10     0.0%     0.0%     0.0%    0.136 (0.147 / 0.037) /  0.187      0    0        0    256
           posted by halow:200 zigbee:200
    1.09     0.0%     0.0%     0.0%    0.135 (0.149 / 0.038) /  0.175      0    0        0      0
           posted by halow:200 zigbee:200
    1.08     0.0%     0.0%     0.0%    0.136 (0.149 / 0.037) /  0.184      0    0        0      0
           posted by halow:200 zigbee:200
    1.07     0.0%     0.0%     0.0%    0.133 (0.148 / 0.037) /  0.175      0    0        0      0
           posted by halow:200 zigbee:200
    1.06     0.0%     0.0%     0.0%    0.134 (0.147 / 0.037) /  0.180      0    0        0      0
           posted by halow:200 zigbee:200
    1.05     0.0%     0.0%     0.0%    0.132 (0.147 / 0.036) /  0.182      0    0        0      0
           posted by halow:200 zigbee:200
    1.04     0.0%     0.0%     0.0%    0.134 (0.147 / 0.037) /  0.181      0    0        0      0
           posted by halow:200 zigbee:200
    1.03     0.0%     0.0%     0.0%    0.133 (0.148 / 0.036) /  0.349      0    0        0      0
           posted by halow:200 zigbee:200
    1.02     0.0%     0.0%     0.0%    0.137 (0.148 / 0.036) /  0.571      0    0        0      0
           posted by halow:200 zigbee:200
    1.01     0.0%     0.0%     0.0%    0.136 (0.146 / 0.037) /  0.253      0    0        0      0
           posted by halow:200 zigbee:200
    1.00     0.0%     0.0%     0.0%    0.131 (0.148 / 0.037) /  0.186      0    0        0      0
           posted by halow:200 zigbee:200
    0.99     0.0%     0.0%     0.0%    0.132 (0.147 / 0.037) /  0.183      0    0        0      0
           posted by halow:200 zigbee:200
    0.98     0.0%     0.0%     0.0%    0.134 (0.147 / 0.036) /  0.167      0    0        0      0
           posted by halow:200 zigbee:200
    0.97     0.0%     0.0%     0.0%    0.136 (0.147 / 0.038) /  0.178      0    0        0      0
           posted by halow:200 zigbee:200
    0.96     0.0%     0.0%     0.0%    0.134 (0.148 / 0.037) /  0.178      0    0        0      0
           posted by halow:200 zigbee:200
    0.95     0.0%     0.0%     0.0%    0.135 (0.146 / 0.037) /  0.369      0    0        0      0
           posted by halow:200 zigbee:200
    0.94     0.0%     0.0%     0.0%    0.134 (0.146 / 0.036) /  0.202      0    0        0      0
           posted by halow:200 zigbee:200
    0.93     0.0%     0.0%     0.0%    0.130 (0.147 / 0.036) /  0.174      0    0        0      0
           posted by halow:200 zigbee:200
    0.92     0.0%     0.0%     0.0%    0.135 (0.146 / 0.036) /  0.173      0    0        0      0
           posted by halow:200 zigbee:200
    0.91     0.0%     0.0%     0.0%    0.132 (0.147 / 0.037) /  0.176      0    0        0    256
           posted by halow:200 zigbee:200
    0.90     0.0%     0.0%     0.0%    0.134 (0.147 / 0.036) /  0.189      0    0        0      0
           posted by halow:200 zigbee:200
    0.89     0.0%     0.0%     0.0%    0.134 (0.145 / 0.036) /  0.174      0    0        0      0
           posted by halow:200 zigbee:200
    0.88     0.0%     0.0%     0.0%    0.135 (0.147 / 0.036) /  0.177      0    0        0      0
           posted by halow:200 zigbee:200
    0.87     0.0%     0.0%     0.0%    0.134 (0.147 / 0.037) /  0.174      0    0        0      0
           posted by halow:200 zigbee:200
    0.86     0.0%     0.0%     0.0%    0.134 (0.146 / 0.037) /  0.186      0    0        0      0
           posted by halow:200 zigbee:200
    0.85     0.0%     0.0%     0.0%    0.137 (0.147 / 0.037) /  0.180      0    0        0      0
           posted by halow:200 zigbee:200
    0.84     0.0%     0.0%     0.0%    0.134 (0.146 / 0.037) /  0.176      0    0        0      0
           posted by halow:200 zigbee:200
    0.83     0.0%     0.0%     0.0%    0.136 (0.150 / 0.039) /  0.209      0    0        0      0
           posted by halow:200 zigbee:200
    0.82     0.0%     0.0%     0.0%    0.132 (0.147 / 0.037) /  0.174      0    0        0      0
           posted by halow:200 zigbee:200
    0.81     0.0%     0.0%     0.0%    0.135 (0.147 / 0.037) /  0.169      0    0        0    256
           posted by halow:200 zigbee:200
    0.80     0.0%     0.0%     0.0%    0.131 (0.146 / 0.037) /  0.172      0    0        0      0
           posted by halow:200 zigbee:200
    0.79     0.0%     0.0%     0.0%    0.136 (0.147 / 0.037) /  0.581      0    0        0      0
           posted by halow:200 zigbee:200
    0.78     0.0%     0.0%     0.0%    0.135 (0.145 / 0.036) /  0.245      0    0        0      0
           posted by halow:200 zigbee:200
    0.77     0.0%     0.0%     0.0%    0.135 (0.146 / 0.036) /  0.255      0    0        0      0
           posted by halow:200 zigbee:200
    0.76     0.0%     0.0%     0.0%    0.135 (0.146 / 0.037) /  0.180      0    0        0      0
           posted by halow:200 zigbee:200
    0.75     0.0%     0.0%     0.0%    0.135 (0.146 / 0.037) /  0.182      0    0        0      0
           posted by halow:200 zigbee:200
    0.74     0.0%     0.0%     0.0%    0.134 (0.147 / 0.036) /  0.352      0    0        0      0
           posted by halow:200 zigbee:200
    0.73     0.0%     0.0%     0.0%    0.134 (0.146 / 0.036) /  0.174      0    0        0      0
           posted by halow:200 zigbee:200
    0.72     0.0%     0.0%     0.0%    0.135 (0.145 / 0.036) /  0.188      0    0        0      0
           posted by halow:200 zigbee:200
    0.71     0.0%     0.0%     0.0%    0.133 (0.144 / 0.036) /  0.177      0    0        0      0
           posted by halow:200 zigbee:200
    0.70     0.0%     0.0%     0.0%    0.134 (0.144 / 0.036) /  0.173      0    0        0      0
           posted by halow:200 zigbee:200
    0.69     0.0%     0.0%     0.0%    0.133 (0.145 / 0.036) /  0.176      0    0        0      0
           posted by halow:200 zigbee:200
    0.68     0.0%     0.0%     0.0%    0.135 (0.144 / 0.036) /  0.188      0    0        0      0
           posted by halow:200 zigbee:200
    0.67     0.0%     0.0%     0.0%    0.134 (0.145 / 0.036) /  0.177      0    0        0      0
           posted by halow:200 zigbee:200
    0.66     0.0%     0.0%     0.0%    0.133 (0.144 / 0.036) /  0.170      0    0        0    256
           posted by halow:200 zigbee:200
    0.65     0.0%     0.0%     0.0%    0.135 (0.144 / 0.036) /  0.365      0    0        0      0
           posted by halow:200 zigbee:200
    0.64     0.0%     0.0%     0.0%    0.135 (0.144 / 0.036) /  0.224      0    0        0      0
           posted by halow:200 zigbee:200
    0.63     0.0%     0.0%     0.0%    0.133 (0.145 / 0.036) /  0.180      0    0        0      0
           posted by halow:200 zigbee:200
    0.62     0.0%     0.0%     0.0%    0.135 (0.145 / 0.037) /  0.171      0    0        0      0
           posted by halow:200 zigbee:200
    0.61     0.0%     0.0%     0.0%    0.135 (0.145 / 0.036) /  0.176      0    0        0      0
           posted by halow:200 zigbee:200
    0.60     0.0%     0.0%     0.0%    0.134 (0.145 / 0.036) /  0.180      0    0        0      0
           posted by halow:200 zigbee:200
    0.59     0.0%     0.0%     0.0%    0.133 (0.144 / 0.036) /  0.179      0    0        0      0
           posted by halow:200 zigbee:200
    0.58     0.0%     0.0%     0.0%    0.134 (0.144 / 0.037) /  0.179      0    0        0    256
           posted by halow:200 zigbee:200
    0.57     0.0%     0.0%     0.0%    0.134 (0.145 / 0.036) /  0.175      0    0        0      0
           posted by halow:200 zigbee:200
    0.56     0.0%     0.0%     0.0%    0.135 (0.146 / 0.036) /  0.178      0    0        0      0
           posted by halow:200 zigbee:200
    0.55     0.0%     0.0%     0.0%    0.135 (0.145 / 0.037) /  0.178      0    0        0      0
           posted by halow:200 zigbee:200
    0.54     0.0%     0.0%     0.0%    0.134 (0.144 / 0.036) /  0.174      0    0        0      0
           posted by halow:200 zigbee:200
    0.53     0.0%     0.0%     0.0%    0.135 (0.145 / 0.037) /  0.174      0    0        0      0
           posted by halow:200 zigbee:200
    0.52     0.0%     0.0%     0.0%    0.136 (0.145 / 0.037) /  0.172      0    0        0      0
           posted by halow:200 zigbee:200
    0.51     0.0%     0.0%     0.0%    0.134 (0.145 / 0.036) /  0.230      0    0        0      0
           posted by halow:200 zigbee:200
    0.50     0.0%     0.0%     0.0%    0.136 (0.145 / 0.036) /  0.178      0    0        0      0
           posted by halow:200 zigbee:200
    0.49     0.0%     0.0%     0.0%    0.133 (0.145 / 0.036) /  0.174      0    0        0      0
           posted by halow:200 zigbee:200
    0.48     0.0%     0.0%     0.0%    0.134 (0.145 / 0.037) /  0.174      0    0        0      0
           posted by halow:200 zigbee:200
    0.47     0.0%     0.0%     0.0%    0.134 (0.145 / 0.036) /  0.178      0    0        0      0
           posted by halow:200 zigbee:200
    0.46     0.0%     0.0%     0.0%    0.133 (0.145 / 0.037) /  0.176      0    0        0      0
           posted by halow:200 zigbee:200
    0.45     0.0%     0.0%     0.0%    0.134 (0.145 / 0.036) /  0.180      0    0        0      0
           posted by halow:200 zigbee:200
    0.44     0.0%     0.0%     0.0%    0.137 (0.145 / 0.036) /  0.168      0    0        0      0
           posted by halow:200 zigbee:200
    0.43     0.0%     0.0%     0.0%    0.135 (0.145 / 0.036) /  0.171      0    0        0      0
           posted by halow:200 zigbee:200
    0.42     0.0%     0.0%     0.0%    0.137 (0.147 / 0.036) /  0.277      0    0        0      0
           posted by halow:200 zigbee:200
    0.41     0.0%     0.0%     0.0%    0.133 (0.145 / 0.036) /  0.367      0    0        0      0
           posted by halow:200 zigbee:200
    0.40     0.0%     0.0%     0.0%    0.136 (0.145 / 0.036) /  0.174      0    0        0      0
           posted by halow:200 zigbee:200
    0.39     0.0%     0.0%     0.0%    0.134 (0.145 / 0.036) /  0.370      0    0        0      0
           posted by halow:200 zigbee:200
    0.38     0.0%     0.0%     0.0%    0.135 (0.145 / 0.036) /  0.173      0    0        0      0
           posted by halow:200 zigbee:200
    0.37     0.0%     0.0%     0.0%    0.131 (0.145 / 0.036) /  0.170      0    0        0      0
           posted by halow:200 zigbee:200
    0.36     0.0%     0.0%     0.0%    0.133 (0.144 / 0.036) /  0.188      0    0        0      0
           posted by halow:200 zigbee:200
    0.35     0.0%     0.0%     0.0%    0.135 (0.145 / 0.037) /  0.184      0    0        0      0
           posted by halow:200 zigbee:200
    0.34     0.0%     0.0%     0.0%    0.132 (0.144 / 0.036) /  0.174      0    0        0      0
           posted by halow:200 zigbee:200
    0.33     0.0%     0.0%     0.0%    0.133 (0.144 / 0.036) /  0.176      0    0        0      0
           posted by halow:200 zigbee:200
    0.32     0.5%     0.5%     0.5%    0.133 (0.143 / 0.036) /  0.363      2    0        0      0
           posted by halow:199 zigbee:199
    0.31     0.0%     0.0%     0.0%    0.135 (0.145 / 0.036) /  0.166      0    0        0      0
           posted by halow:200 zigbee:200
    0.30     0.0%     0.0%     0.0%    0.133 (0.144 / 0.035) /  0.178      0    0        0      0
           posted by halow:200 zigbee:200
    0.29     0.0%     0.0%     0.0%    0.134 (0.145 / 0.036) /  0.171      0    0        0      0
           posted by halow:200 zigbee:200
    0.28     0.5%     0.5%     0.5%    0.136 (0.145 / 0.036) /  0.259      2    0        0      0
           posted by halow:199 zigbee:199
    0.27     0.5%     0.5%     0.5%    0.133 (0.144 / 0.036) /  0.347      2    0        0      0
           posted by halow:199 zigbee:199
    0.26     0.0%     0.0%     0.0%    0.135 (0.144 / 0.035) /  0.163      0    0        0      0
           posted by halow:200 zigbee:200
    0.25     0.0%     0.0%     0.0%    0.135 (0.145 / 0.036) /  0.173      0    0        0      0
           posted by halow:200 zigbee:200
    0.24     0.0%     0.0%     0.0%    0.133 (0.144 / 0.035) /  0.176      0    0        0      0
           posted by halow:200 zigbee:200
    0.23     0.0%     0.0%     0.0%    0.135 (0.145 / 0.036) /  0.169      0    0        0      0
           posted by halow:200 zigbee:200
    0.22     0.5%     0.5%     0.5%    0.134 (0.144 / 0.036) /  0.369      2    0        0      0
           posted by halow:199 zigbee:199
    0.21     0.5%     0.5%     0.5%    0.134 (0.144 / 0.036) /  0.171      2    0        0      0
           posted by halow:199 zigbee:199
    0.20     0.0%     0.0%     0.0%    0.134 (0.144 / 0.035) /  0.170      0    0        0      0
           posted by halow:200 zigbee:200
    0.19     0.0%     0.0%     0.0%    0.133 (0.143 / 0.036) /  0.172      0    0        0      0
           posted by halow:200 zigbee:200
    0.18     2.0%     2.0%     2.0%    0.133 (0.146 / 0.037) /  0.196      8    0        0      0
           posted by halow:196 zigbee:196
    0.17     1.0%     1.0%     1.0%    0.133 (0.145 / 0.036) /  0.351      4    0        0      0
           posted by halow:198 zigbee:198
    0.16     1.0%     1.0%     1.0%    0.133 (0.143 / 0.035) /  0.164      4    0        0      0
           posted by halow:198 zigbee:198
    0.15    17.0%    17.0%    17.0%    0.133 (0.144 / 0.036) /  0.175     68    0        0      0
           posted by halow:166 zigbee:166
    0.14    34.0%    34.0%    34.0%    0.133 (0.144 / 0.036) /  0.180    136    0        0      0
           posted by halow:132 zigbee:132
    0.13    30.0%    30.0%    30.0%    0.135 (0.146 / 0.037) /  0.568    120    0        0      0
           posted by halow:140 zigbee:140
    0.12    33.5%    33.5%    33.5%    0.136 (0.146 / 0.037) /  0.163    134    0        0      0
           posted by halow:133 zigbee:133
    0.11    43.0%    43.0%    43.0%    0.135 (0.145 / 0.037) /  0.162    172    0        0      0
           posted by halow:114 zigbee:114
    0.10    47.5%    47.5%    47.5%    0.132 (0.144 / 0.037) /  0.175    190    0        0      0
           posted by halow:105 zigbee:105
    0.09    50.0%    50.0%    50.0%    0.135 (0.146 / 0.039) /  0.181    200    0        0      0
           posted by halow:100 zigbee:100
    0.08    50.0%    50.0%    50.0%    0.135 (0.146 / 0.038) /  0.159    200    0        0      0
           posted by halow:100 zigbee:100
    0.07    50.0%    50.0%    50.0%    0.135 (0.146 / 0.036) /  0.172    200    0        0      0
           posted by halow:100 zigbee:100
    0.06    50.0%    50.0%    50.0%    0.135 (0.145 / 0.038) /  0.170    200    0        0      0
           posted by halow:100 zigbee:100
    0.05    50.0%    50.0%    50.0%    0.136 (0.145 / 0.038) /  0.371    200    0        0      0
           posted by halow:100 zigbee:100
    0.04    50.0%    50.0%    50.0%    0.135 (0.145 / 0.038) /  0.163    200    0        0      0
           posted by halow:100 zigbee:100
    0.03    50.0%    50.0%    50.0%    0.133 (0.145 / 0.037) /  0.168    200    0        0      0
           posted by halow:100 zigbee:100
    0.02    50.0%    50.0%    50.0%    0.130 (0.146 / 0.038) /  0.168    200    0        0      0
           posted by halow:100 zigbee:100
    0.01    50.0%    50.0%    50.0%    0.134 (0.145 / 0.037) /  0.565    200    0        0      0
           posted by halow:100 zigbee:100
    0.00    50.5%    50.5%    50.5%    0.139 (0.146 / 0.038) /  0.255    202    0        0      0
           posted by halow:99 zigbee:99
wrote results/laptop-6ms/sz.csv
