    Finished `release` profile [optimized] target(s) in 0.00s
    Finished `release` profile [optimized] target(s) in 0.00s
    Finished `release` profile [optimized] target(s) in 0.00s
runtime threads on cpu8 performance max 5300 of 5300 MHz, cpu10 performance max 5300 of 5300 MHz, cpu0 performance max 5100 of 5100 MHz, cpu2 performance max 5100 of 5100 MHz
source thread on cpu4 performance max 5100 of 5100 MHz
keeping CPUs [8, 10, 0, 2, 4] awake
halow: recording 730 µs, frame 683.0 µs, silence 12.2 µs before and 34.8 after: cut to the frame
zigbee: recording 1410 µs, frame 1373.8 µs, silence 16.5 µs before and 19.8 after: cut to the frame
400 frames per IFS, IFS after the second receiver's frames the same, no retuning, chunks of 256 samples

zigbee.toml → zigbee.toml → ...
  IFS ms    PER H    PER Z    PER   swap median (→zigbe / →zigbe) / max ms   lost: late listening   queued at swap: median max
    6.00        -     0.0%     0.0%    0.043 (0.044 / 0.043) /  0.207      0    0        0      0
    5.99        -     0.0%     0.0%    0.043 (0.043 / 0.043) /  0.076      0    0        0      0
    5.98        -     0.0%     0.0%    0.040 (0.040 / 0.040) /  0.069      0    0        0      0
    5.97        -     0.0%     0.0%    0.042 (0.042 / 0.042) /  0.100      0    0        0      0
    5.96        -     0.0%     0.0%    0.041 (0.041 / 0.042) /  0.127      0    0        0      0
    5.95        -     0.0%     0.0%    0.042 (0.042 / 0.042) /  0.087      0    0        0      0
    5.94        -     0.0%     0.0%    0.045 (0.044 / 0.045) /  0.242      0    0        0      0
    5.93        -     0.0%     0.0%    0.045 (0.044 / 0.046) /  0.088      0    0        0      0
    5.92        -     0.0%     0.0%    0.042 (0.042 / 0.043) /  0.088      0    0        0      0
    5.91        -     0.0%     0.0%    0.043 (0.042 / 0.043) /  0.114      0    0        0      0
    5.90        -     0.0%     0.0%    0.041 (0.041 / 0.042) /  0.090      0    0        0      0
    5.89        -     0.0%     0.0%    0.042 (0.043 / 0.042) /  0.084      0    0        0      0
    5.88        -     0.0%     0.0%    0.051 (0.050 / 0.052) /  0.112      0    0        0      0
    5.87        -     0.0%     0.0%    0.050 (0.050 / 0.050) /  0.113      0    0        0      0
    5.86        -     0.0%     0.0%    0.047 (0.047 / 0.049) /  0.135      0    0        0      0
    5.85        -     0.0%     0.0%    0.049 (0.049 / 0.049) /  0.108      0    0        0      0
    5.84        -     0.0%     0.0%    0.043 (0.043 / 0.043) /  0.254      0    0        0      0
    5.83        -     0.0%     0.0%    0.041 (0.042 / 0.041) /  0.085      0    0        0      0
    5.82        -     0.0%     0.0%    0.043 (0.042 / 0.043) /  0.119      0    0        0      0
    5.81        -     0.0%     0.0%    0.042 (0.043 / 0.042) /  0.084      0    0        0      0
    5.80        -     0.0%     0.0%    0.042 (0.042 / 0.042) /  0.081      0    0        0      0
    5.79        -     0.0%     0.0%    0.043 (0.043 / 0.043) /  0.118      0    0        0      0
    5.78        -     0.0%     0.0%    0.043 (0.044 / 0.043) /  0.107      0    0        0      0
    5.77        -     0.0%     0.0%    0.044 (0.043 / 0.044) /  0.128      0    0        0      0
    5.76        -     0.0%     0.0%    0.046 (0.046 / 0.045) /  0.114      0    0        0      0
    5.75        -     0.0%     0.0%    0.045 (0.045 / 0.046) /  0.117      0    0        0      0
    5.74        -     0.0%     0.0%    0.045 (0.045 / 0.045) /  0.290      0    0        0      0
    5.73        -     0.0%     0.0%    0.046 (0.046 / 0.047) /  0.098      0    0        0      0
    5.72        -     0.0%     0.0%    0.054 (0.054 / 0.055) /  0.116      0    0        0      0
    5.71        -     0.0%     0.0%    0.046 (0.046 / 0.045) /  0.150      0    0        0      0
    5.70        -     0.0%     0.0%    0.044 (0.045 / 0.044) /  0.115      0    0        0      0
    5.69        -     0.0%     0.0%    0.045 (0.046 / 0.045) /  0.121      0    0        0      0
    5.68        -     0.0%     0.0%    0.045 (0.045 / 0.045) /  0.106      0    0        0      0
    5.67        -     0.0%     0.0%    0.045 (0.045 / 0.044) /  0.109      0    0        0      0
    5.66        -     0.0%     0.0%    0.047 (0.046 / 0.047) /  0.114      0    0        0      0
    5.65        -     0.0%     0.0%    0.055 (0.056 / 0.054) /  0.331      0    0        0      0
    5.64        -     0.0%     0.0%    0.050 (0.049 / 0.050) /  0.130      0    0        0      0
    5.63        -     0.0%     0.0%    0.046 (0.046 / 0.046) /  1.761      0    0        0      0
    5.62        -     0.0%     0.0%    0.044 (0.044 / 0.044) /  0.278      0    0        0      0
    5.61        -     0.0%     0.0%    0.045 (0.045 / 0.045) /  0.078      0    0        0      0
    5.60        -     0.0%     0.0%    0.046 (0.046 / 0.047) /  0.096      0    0        0      0
    5.59        -     0.0%     0.0%    0.045 (0.045 / 0.045) /  0.106      0    0        0      0
    5.58        -     0.0%     0.0%    0.046 (0.046 / 0.046) /  0.085      0    0        0      0
    5.57        -     0.0%     0.0%    0.047 (0.047 / 0.046) /  0.110      0    0        0      0
    5.56        -     0.0%     0.0%    0.041 (0.042 / 0.041) /  0.065      0    0        0      0
    5.55        -     0.0%     0.0%    0.041 (0.042 / 0.041) /  0.098      0    0        0      0
    5.54        -     0.0%     0.0%    0.040 (0.040 / 0.040) /  0.079      0    0        0      0
    5.53        -     0.0%     0.0%    0.042 (0.042 / 0.042) /  0.087      0    0        0      0
    5.52        -     0.0%     0.0%    0.046 (0.045 / 0.046) /  0.082      0    0        0      0
    5.51        -     0.0%     0.0%    0.052 (0.053 / 0.051) /  0.097      0    0        0      0
    5.50        -     0.0%     0.0%    0.056 (0.055 / 0.056) /  0.258      0    0        0      0
    5.49        -     0.0%     0.0%    0.043 (0.043 / 0.043) /  0.100      0    0        0      0
    5.48        -     0.0%     0.0%    0.046 (0.046 / 0.046) /  0.098      0    0        0      0
    5.47        -     0.0%     0.0%    0.044 (0.044 / 0.044) /  0.080      0    0        0      0
    5.46        -     0.0%     0.0%    0.040 (0.041 / 0.040) /  0.067      0    0        0      0
    5.45        -     0.0%     0.0%    0.041 (0.041 / 0.041) /  0.066      0    0        0      0
    5.44        -     0.0%     0.0%    0.040 (0.040 / 0.041) /  0.265      0    0        0      0
    5.43        -     0.0%     0.0%    0.043 (0.043 / 0.044) /  0.091      0    0        0      0
    5.42        -     0.0%     0.0%    0.043 (0.043 / 0.043) /  0.121      0    0        0      0
    5.41        -     0.0%     0.0%    0.043 (0.044 / 0.043) /  0.255      0    0        0      0
    5.40        -     0.0%     0.0%    0.041 (0.040 / 0.042) /  0.076      0    0        0      0
    5.39        -     0.0%     0.0%    0.041 (0.041 / 0.041) /  0.096      0    0        0      0
    5.38        -     0.0%     0.0%    0.041 (0.041 / 0.040) /  0.097      0    0        0      0
    5.37        -     0.0%     0.0%    0.044 (0.044 / 0.044) /  0.069      0    0        0      0
    5.36        -     0.0%     0.0%    0.042 (0.042 / 0.042) /  0.066      0    0        0      0
    5.35        -     0.0%     0.0%    0.042 (0.043 / 0.042) /  0.083      0    0        0      0
    5.34        -     0.0%     0.0%    0.043 (0.043 / 0.044) /  0.097      0    0        0      0
    5.33        -     0.0%     0.0%    0.041 (0.041 / 0.041) /  0.065      0    0        0      0
    5.32        -     0.0%     0.0%    0.042 (0.041 / 0.043) /  0.067      0    0        0      0
    5.31        -     0.0%     0.0%    0.042 (0.042 / 0.042) /  0.072      0    0        0      0
    5.30        -     0.0%     0.0%    0.041 (0.041 / 0.042) /  0.069      0    0        0      0
    5.29        -     0.0%     0.0%    0.044 (0.044 / 0.044) /  0.103      0    0        0      0
    5.28        -     0.0%     0.0%    0.045 (0.045 / 0.044) /  0.079      0    0        0      0
    5.27        -     0.0%     0.0%    0.042 (0.042 / 0.041) /  0.065      0    0        0      0
    5.26        -     0.0%     0.0%    0.041 (0.041 / 0.042) /  0.118      0    0        0      0
    5.25        -     0.0%     0.0%    0.043 (0.043 / 0.042) /  0.076      0    0        0      0
    5.24        -     0.0%     0.0%    0.041 (0.041 / 0.041) /  0.066      0    0        0      0
    5.23        -     0.0%     0.0%    0.039 (0.040 / 0.039) /  0.070      0    0        0      0
    5.22        -     0.0%     0.0%    0.042 (0.042 / 0.043) /  0.067      0    0        0      0
    5.21        -     0.0%     0.0%    0.042 (0.043 / 0.042) /  0.094      0    0        0      0
    5.20        -     0.0%     0.0%    0.043 (0.042 / 0.044) /  0.164      0    0        0      0
    5.19        -     0.0%     0.0%    0.042 (0.042 / 0.041) /  0.081      0    0        0      0
    5.18        -     0.0%     0.0%    0.040 (0.040 / 0.041) /  0.071      0    0        0      0
    5.17        -     0.0%     0.0%    0.041 (0.041 / 0.041) /  0.078      0    0        0      0
    5.16        -     0.0%     0.0%    0.040 (0.039 / 0.040) /  0.067      0    0        0      0
    5.15        -     0.0%     0.0%    0.041 (0.041 / 0.041) /  0.061      0    0        0      0
    5.14        -     0.0%     0.0%    0.039 (0.040 / 0.039) /  0.063      0    0        0      0
    5.13        -     0.0%     0.0%    0.040 (0.040 / 0.040) /  0.087      0    0        0      0
    5.12        -     0.0%     0.0%    0.040 (0.040 / 0.041) /  0.075      0    0        0      0
    5.11        -     0.0%     0.0%    0.039 (0.039 / 0.039) /  0.062      0    0        0      0
    5.10        -     0.0%     0.0%    0.042 (0.041 / 0.043) /  0.120      0    0        0      0
    5.09        -     0.0%     0.0%    0.039 (0.039 / 0.039) /  0.253      0    0        0      0
    5.08        -     0.0%     0.0%    0.040 (0.040 / 0.040) /  0.102      0    0        0      0
    5.07        -     0.0%     0.0%    0.041 (0.040 / 0.041) /  0.096      0    0        0      0
    5.06        -     0.0%     0.0%    0.040 (0.041 / 0.040) /  0.077      0    0        0      0
    5.05        -     0.0%     0.0%    0.041 (0.041 / 0.041) /  0.068      0    0        0      0
    5.04        -     0.0%     0.0%    0.039 (0.039 / 0.039) /  0.059      0    0        0      0
    5.03        -     0.0%     0.0%    0.041 (0.041 / 0.040) /  0.068      0    0        0      0
    5.02        -     0.0%     0.0%    0.040 (0.040 / 0.040) /  0.257      0    0        0      0
    5.01        -     0.0%     0.0%    0.040 (0.040 / 0.040) /  0.071      0    0        0      0
    5.00        -     0.0%     0.0%    0.040 (0.040 / 0.040) /  0.066      0    0        0      0
    4.99        -     0.0%     0.0%    0.040 (0.040 / 0.039) /  0.067      0    0        0      0
    4.98        -     0.0%     0.0%    0.041 (0.041 / 0.041) /  0.065      0    0        0      0
    4.97        -     0.0%     0.0%    0.039 (0.039 / 0.038) /  0.252      0    0        0      0
    4.96        -     0.0%     0.0%    0.041 (0.041 / 0.041) /  0.099      0    0        0      0
    4.95        -     0.0%     0.0%    0.039 (0.039 / 0.039) /  0.071      0    0        0      0
    4.94        -     0.0%     0.0%    0.039 (0.039 / 0.040) /  0.079      0    0        0      0
    4.93        -     0.0%     0.0%    0.041 (0.041 / 0.040) /  0.094      0    0        0      0
    4.92        -     0.0%     0.0%    0.039 (0.039 / 0.039) /  0.070      0    0        0      0
    4.91        -     0.0%     0.0%    0.040 (0.040 / 0.040) /  0.075      0    0        0      0
    4.90        -     0.0%     0.0%    0.039 (0.039 / 0.039) /  0.060      0    0        0      0
    4.89        -     0.0%     0.0%    0.042 (0.042 / 0.041) /  0.083      0    0        0      0
    4.88        -     0.0%     0.0%    0.039 (0.039 / 0.039) /  0.082      0    0        0      0
    4.87        -     0.0%     0.0%    0.040 (0.040 / 0.040) /  0.127      0    0        0      0
    4.86        -     0.0%     0.0%    0.040 (0.041 / 0.040) /  0.067      0    0        0      0
    4.85        -     0.0%     0.0%    0.039 (0.039 / 0.040) /  0.061      0    0        0      0
    4.84        -     0.0%     0.0%    0.043 (0.043 / 0.042) /  0.115      0    0        0      0
    4.83        -     0.0%     0.0%    0.043 (0.042 / 0.044) /  0.119      0    0        0      0
    4.82        -     0.0%     0.0%    0.041 (0.040 / 0.041) /  0.070      0    0        0      0
    4.81        -     0.0%     0.0%    0.041 (0.041 / 0.040) /  0.115      0    0        0      0
    4.80        -     0.0%     0.0%    0.043 (0.043 / 0.044) /  0.070      0    0        0      0
    4.79        -     0.0%     0.0%    0.040 (0.040 / 0.040) /  0.076      0    0        0      0
    4.78        -     0.0%     0.0%    0.041 (0.041 / 0.041) /  0.080      0    0        0      0
    4.77        -     0.0%     0.0%    0.041 (0.040 / 0.041) /  0.260      0    0        0      0
    4.76        -     0.0%     0.0%    0.039 (0.039 / 0.040) /  0.060      0    0        0      0
    4.75        -     0.0%     0.0%    0.043 (0.043 / 0.043) /  0.118      0    0        0      0
    4.74        -     0.0%     0.0%    0.040 (0.040 / 0.040) /  0.267      0    0        0      0
    4.73        -     0.0%     0.0%    0.045 (0.044 / 0.045) /  0.089      0    0        0      0
    4.72        -     0.0%     0.0%    0.042 (0.041 / 0.043) /  0.150      0    0        0      0
    4.71        -     0.0%     0.0%    0.040 (0.040 / 0.040) /  0.068      0    0        0      0
    4.70        -     0.0%     0.0%    0.043 (0.043 / 0.043) /  0.108      0    0        0      0
    4.69        -     0.0%     0.0%    0.040 (0.041 / 0.040) /  0.066      0    0        0      0
    4.68        -     0.0%     0.0%    0.040 (0.041 / 0.040) /  0.090      0    0        0      0
    4.67        -     0.0%     0.0%    0.039 (0.039 / 0.039) /  0.116      0    0        0      0
    4.66        -     0.0%     0.0%    0.040 (0.040 / 0.040) /  0.114      0    0        0      0
    4.65        -     0.0%     0.0%    0.040 (0.040 / 0.040) /  0.082      0    0        0      0
    4.64        -     0.0%     0.0%    0.040 (0.040 / 0.041) /  0.064      0    0        0      0
    4.63        -     0.0%     0.0%    0.041 (0.040 / 0.041) /  0.078      0    0        0      0
    4.62        -     0.0%     0.0%    0.040 (0.040 / 0.039) /  0.062      0    0        0      0
    4.61        -     0.0%     0.0%    0.041 (0.042 / 0.041) /  0.070      0    0        0      0
    4.60        -     0.0%     0.0%    0.041 (0.041 / 0.041) /  0.079      0    0        0      0
    4.59        -     0.0%     0.0%    0.040 (0.040 / 0.040) /  0.070      0    0        0      0
    4.58        -     0.0%     0.0%    0.039 (0.039 / 0.039) /  0.063      0    0        0      0
    4.57        -     0.0%     0.0%    0.042 (0.042 / 0.042) /  0.071      0    0        0      0
    4.56        -     0.0%     0.0%    0.039 (0.039 / 0.039) /  0.088      0    0        0      0
    4.55        -     0.0%     0.0%    0.039 (0.039 / 0.039) /  0.077      0    0        0      0
    4.54        -     0.0%     0.0%    0.037 (0.038 / 0.037) /  0.059      0    0        0      0
    4.53        -     0.0%     0.0%    0.037 (0.037 / 0.037) /  0.062      0    0        0      0
    4.52        -     0.0%     0.0%    0.038 (0.038 / 0.038) /  0.248      0    0        0      0
    4.51        -     0.0%     0.0%    0.038 (0.038 / 0.038) /  0.070      0    0        0      0
    4.50        -     0.0%     0.0%    0.039 (0.038 / 0.039) /  0.065      0    0        0      0
    4.49        -     0.0%     0.0%    0.037 (0.037 / 0.037) /  0.063      0    0        0      0
    4.48        -     0.0%     0.0%    0.037 (0.037 / 0.037) /  0.057      0    0        0      0
    4.47        -     0.0%     0.0%    0.038 (0.037 / 0.038) /  0.074      0    0        0      0
    4.46        -     0.0%     0.0%    0.037 (0.038 / 0.037) /  0.060      0    0        0      0
    4.45        -     0.0%     0.0%    0.037 (0.037 / 0.037) /  0.067      0    0        0      0
    4.44        -     0.0%     0.0%    0.039 (0.039 / 0.038) /  0.061      0    0        0      0
    4.43        -     0.0%     0.0%    0.041 (0.041 / 0.041) /  0.064      0    0        0      0
    4.42        -     0.0%     0.0%    0.044 (0.044 / 0.044) /  0.129      0    0        0      0
    4.41        -     0.0%     0.0%    0.041 (0.042 / 0.041) /  0.077      0    0        0      0
    4.40        -     0.0%     0.0%    0.041 (0.041 / 0.041) /  0.172      0    0        0      0
    4.39        -     0.0%     0.0%    0.043 (0.042 / 0.043) /  0.109      0    0        0      0
    4.38        -     0.0%     0.0%    0.042 (0.043 / 0.042) /  0.249      0    0        0      0
    4.37        -     0.0%     0.0%    0.041 (0.041 / 0.041) /  0.065      0    0        0      0
    4.36        -     0.0%     0.0%    0.040 (0.040 / 0.040) /  0.079      0    0        0      0
    4.35        -     0.0%     0.0%    0.041 (0.041 / 0.041) /  0.070      0    0        0      0
    4.34        -     0.0%     0.0%    0.042 (0.042 / 0.041) /  0.257      0    0        0      0
    4.33        -     0.0%     0.0%    0.043 (0.044 / 0.043) /  0.124      0    0        0      0
    4.32        -     0.0%     0.0%    0.044 (0.044 / 0.043) /  0.097      0    0        0      0
    4.31        -     0.0%     0.0%    0.045 (0.045 / 0.046) /  0.092      0    0        0      0
    4.30        -     0.0%     0.0%    0.038 (0.038 / 0.038) /  0.070      0    0        0      0
    4.29        -     0.0%     0.0%    0.042 (0.041 / 0.042) /  0.071      0    0        0      0
    4.28        -     0.0%     0.0%    0.038 (0.038 / 0.039) /  0.133      0    0        0      0
    4.27        -     0.0%     0.0%    0.041 (0.040 / 0.041) /  0.065      0    0        0      0
    4.26        -     0.0%     0.0%    0.041 (0.041 / 0.040) /  0.078      0    0        0      0
    4.25        -     0.0%     0.0%    0.045 (0.045 / 0.045) /  0.092      0    0        0      0
    4.24        -     0.0%     0.0%    0.044 (0.043 / 0.044) /  0.080      0    0        0      0
    4.23        -     0.0%     0.0%    0.043 (0.044 / 0.043) /  0.255      0    0        0      0
    4.22        -     0.0%     0.0%    0.046 (0.046 / 0.047) /  0.083      0    0        0      0
    4.21        -     0.0%     0.0%    0.052 (0.051 / 0.053) /  0.098      0    0        0      0
    4.20        -     0.0%     0.0%    0.039 (0.039 / 0.039) /  0.071      0    0        0      0
    4.19        -     0.0%     0.0%    0.051 (0.050 / 0.051) /  0.082      0    0        0      0
    4.18        -     0.0%     0.0%    0.039 (0.039 / 0.039) /  0.079      0    0        0      0
    4.17        -     0.0%     0.0%    0.049 (0.049 / 0.048) /  0.097      0    0        0      0
    4.16        -     0.0%     0.0%    0.039 (0.039 / 0.038) /  0.063      0    0        0      0
    4.15        -     0.0%     0.0%    0.040 (0.040 / 0.040) /  0.072      0    0        0      0
    4.14        -     0.0%     0.0%    0.041 (0.041 / 0.041) /  0.072      0    0        0      0
    4.13        -     0.0%     0.0%    0.039 (0.039 / 0.039) /  0.251      0    0        0      0
    4.12        -     0.0%     0.0%    0.041 (0.042 / 0.041) /  0.079      0    0        0      0
    4.11        -     0.0%     0.0%    0.040 (0.040 / 0.040) /  0.086      0    0        0      0
    4.10        -     0.0%     0.0%    0.040 (0.040 / 0.040) /  0.098      0    0        0      0
    4.09        -     0.0%     0.0%    0.043 (0.043 / 0.044) /  0.122      0    0        0      0
    4.08        -     0.0%     0.0%    0.042 (0.043 / 0.042) /  0.067      0    0        0      0
    4.07        -     0.0%     0.0%    0.039 (0.039 / 0.039) /  0.060      0    0        0      0
    4.06        -     0.0%     0.0%    0.043 (0.042 / 0.043) /  0.101      0    0        0      0
    4.05        -     0.0%     0.0%    0.041 (0.041 / 0.041) /  0.071      0    0        0      0
    4.04        -     0.0%     0.0%    0.043 (0.044 / 0.043) /  0.077      0    0        0      0
    4.03        -     0.0%     0.0%    0.041 (0.041 / 0.041) /  0.119      0    0        0      0
    4.02        -     0.0%     0.0%    0.046 (0.045 / 0.047) /  0.100      0    0        0      0
    4.01        -     0.0%     0.0%    0.044 (0.044 / 0.044) /  0.090      0    0        0      0
    4.00        -     0.0%     0.0%    0.041 (0.041 / 0.041) /  0.079      0    0        0      0
    3.99        -     0.0%     0.0%    0.042 (0.042 / 0.042) /  0.064      0    0        0      0
    3.98        -     0.0%     0.0%    0.041 (0.041 / 0.041) /  0.073      0    0        0      0
    3.97        -     0.0%     0.0%    0.040 (0.040 / 0.040) /  0.082      0    0        0      0
    3.96        -     0.0%     0.0%    0.041 (0.042 / 0.040) /  0.074      0    0        0      0
    3.95        -     0.0%     0.0%    0.038 (0.039 / 0.038) /  0.262      0    0        0      0
    3.94        -     0.0%     0.0%    0.042 (0.042 / 0.042) /  0.253      0    0        0      0
    3.93        -     0.0%     0.0%    0.038 (0.038 / 0.038) /  0.055      0    0        0      0
    3.92        -     0.0%     0.0%    0.041 (0.041 / 0.040) /  0.082      0    0        0      0
    3.91        -     0.0%     0.0%    0.047 (0.048 / 0.047) /  0.265      0    0        0      0
    3.90        -     0.0%     0.0%    0.039 (0.039 / 0.040) /  0.076      0    0        0      0
    3.89        -     0.0%     0.0%    0.038 (0.038 / 0.038) /  0.246      0    0        0      0
    3.88        -     0.0%     0.0%    0.037 (0.038 / 0.037) /  0.251      0    0        0      0
    3.87        -     0.0%     0.0%    0.037 (0.037 / 0.037) /  0.059      0    0        0      0
    3.86        -     0.0%     0.0%    0.037 (0.037 / 0.037) /  0.069      0    0        0      0
    3.85        -     0.0%     0.0%    0.037 (0.037 / 0.036) /  0.071      0    0        0      0
    3.84        -     0.0%     0.0%    0.037 (0.037 / 0.037) /  0.256      0    0        0      0
    3.83        -     0.0%     0.0%    0.036 (0.036 / 0.037) /  0.064      0    0        0      0
    3.82        -     0.0%     0.0%    0.038 (0.038 / 0.038) /  0.083      0    0        0      0
    3.81        -     0.0%     0.0%    0.038 (0.039 / 0.038) /  0.068      0    0        0      0
    3.80        -     0.0%     0.0%    0.042 (0.043 / 0.041) /  0.255      0    0        0      0
    3.79        -     0.0%     0.0%    0.039 (0.039 / 0.039) /  0.064      0    0        0      0
    3.78        -     0.0%     0.0%    0.039 (0.039 / 0.039) /  0.061      0    0        0      0
    3.77        -     0.0%     0.0%    0.037 (0.037 / 0.037) /  0.058      0    0        0      0
    3.76        -     0.0%     0.0%    0.038 (0.038 / 0.037) /  0.072      0    0        0      0
    3.75        -     0.0%     0.0%    0.037 (0.037 / 0.038) /  0.059      0    0        0      0
    3.74        -     0.0%     0.0%    0.038 (0.038 / 0.038) /  0.082      0    0        0      0
    3.73        -     0.0%     0.0%    0.036 (0.037 / 0.036) /  0.064      0    0        0      0
    3.72        -     0.0%     0.0%    0.037 (0.037 / 0.037) /  0.075      0    0        0      0
    3.71        -     0.0%     0.0%    0.037 (0.037 / 0.037) /  0.059      0    0        0      0
    3.70        -     0.0%     0.0%    0.037 (0.037 / 0.037) /  0.065      0    0        0      0
    3.69        -     0.0%     0.0%    0.038 (0.038 / 0.039) /  0.066      0    0        0      0
    3.68        -     0.0%     0.0%    0.036 (0.036 / 0.036) /  0.065      0    0        0      0
    3.67        -     0.0%     0.0%    0.037 (0.037 / 0.037) /  0.065      0    0        0      0
    3.66        -     0.0%     0.0%    0.037 (0.037 / 0.037) /  0.244      0    0        0      0
    3.65        -     0.0%     0.0%    0.037 (0.037 / 0.037) /  0.064      0    0        0      0
    3.64        -     0.0%     0.0%    0.037 (0.037 / 0.037) /  0.060      0    0        0      0
    3.63        -     0.0%     0.0%    0.039 (0.040 / 0.039) /  0.067      0    0        0      0
    3.62        -     0.0%     0.0%    0.040 (0.040 / 0.041) /  0.069      0    0        0      0
    3.61        -     0.0%     0.0%    0.039 (0.039 / 0.039) /  0.068      0    0        0      0
    3.60        -     0.0%     0.0%    0.038 (0.038 / 0.038) /  0.130      0    0        0      0
    3.59        -     0.0%     0.0%    0.039 (0.039 / 0.039) /  0.071      0    0        0      0
    3.58        -     0.0%     0.0%    0.039 (0.040 / 0.039) /  0.080      0    0        0      0
    3.57        -     0.0%     0.0%    0.039 (0.039 / 0.039) /  0.265      0    0        0      0
    3.56        -     0.0%     0.0%    0.039 (0.039 / 0.039) /  0.075      0    0        0      0
    3.55        -     0.0%     0.0%    0.039 (0.039 / 0.039) /  0.101      0    0        0      0
    3.54        -     0.0%     0.0%    0.039 (0.039 / 0.039) /  0.256      0    0        0      0
    3.53        -     0.0%     0.0%    0.040 (0.039 / 0.040) /  0.077      0    0        0      0
    3.52        -     0.0%     0.0%    0.042 (0.042 / 0.041) /  0.252      0    0        0      0
    3.51        -     0.0%     0.0%    0.042 (0.042 / 0.042) /  0.151      0    0        0    256
    3.50        -     0.0%     0.0%    0.043 (0.044 / 0.043) /  0.075      0    0        0      0
    3.49        -     0.0%     0.0%    0.044 (0.044 / 0.045) /  0.067      0    0        0      0
    3.48        -     0.0%     0.0%    0.037 (0.037 / 0.038) /  0.061      0    0        0      0
    3.47        -     0.0%     0.0%    0.036 (0.036 / 0.036) /  0.056      0    0        0      0
    3.46        -     0.0%     0.0%    0.037 (0.038 / 0.037) /  0.071      0    0        0      0
    3.45        -     0.0%     0.0%    0.037 (0.037 / 0.037) /  0.055      0    0        0      0
    3.44        -     0.0%     0.0%    0.037 (0.038 / 0.037) /  0.061      0    0        0      0
    3.43        -     0.0%     0.0%    0.037 (0.037 / 0.037) /  0.065      0    0        0      0
    3.42        -     0.0%     0.0%    0.037 (0.037 / 0.037) /  0.063      0    0        0      0
    3.41        -     0.0%     0.0%    0.037 (0.037 / 0.037) /  0.060      0    0        0      0
    3.40        -     0.0%     0.0%    0.037 (0.037 / 0.037) /  0.067      0    0        0      0
    3.39        -     0.0%     0.0%    0.037 (0.038 / 0.037) /  0.074      0    0        0      0
    3.38        -     0.0%     0.0%    0.037 (0.037 / 0.037) /  0.071      0    0        0      0
    3.37        -     0.0%     0.0%    0.037 (0.037 / 0.037) /  0.083      0    0        0      0
    3.36        -     0.0%     0.0%    0.037 (0.036 / 0.037) /  0.062      0    0        0      0
    3.35        -     0.0%     0.0%    0.037 (0.037 / 0.038) /  0.058      0    0        0      0
    3.34        -     0.0%     0.0%    0.036 (0.036 / 0.036) /  0.064      0    0        0      0
    3.33        -     0.0%     0.0%    0.037 (0.037 / 0.038) /  0.063      0    0        0      0
    3.32        -     0.0%     0.0%    0.038 (0.038 / 0.038) /  0.063      0    0        0      0
    3.31        -     0.0%     0.0%    0.037 (0.037 / 0.037) /  0.053      0    0        0      0
    3.30        -     0.0%     0.0%    0.037 (0.038 / 0.037) /  0.278      0    0        0      0
    3.29        -     0.0%     0.0%    0.036 (0.036 / 0.036) /  0.252      0    0        0      0
    3.28        -     0.0%     0.0%    0.038 (0.038 / 0.039) /  0.060      0    0        0      0
    3.27        -     0.0%     0.0%    0.037 (0.037 / 0.036) /  0.059      0    0        0      0
    3.26        -     0.0%     0.0%    0.037 (0.036 / 0.037) /  0.060      0    0        0      0
    3.25        -     0.0%     0.0%    0.038 (0.038 / 0.038) /  0.064      0    0        0      0
    3.24        -     0.0%     0.0%    0.038 (0.038 / 0.038) /  0.082      0    0        0      0
    3.23        -     0.0%     0.0%    0.039 (0.039 / 0.039) /  0.069      0    0        0      0
    3.22        -     0.0%     0.0%    0.036 (0.036 / 0.036) /  0.070      0    0        0      0
    3.21        -     0.0%     0.0%    0.041 (0.041 / 0.041) /  0.072      0    0        0      0
    3.20        -     0.0%     0.0%    0.038 (0.038 / 0.038) /  0.087      0    0        0      0
    3.19        -     0.0%     0.0%    0.037 (0.037 / 0.038) /  0.079      0    0        0      0
    3.18        -     0.0%     0.0%    0.037 (0.037 / 0.037) /  0.263      0    0        0      0
    3.17        -     0.0%     0.0%    0.037 (0.037 / 0.037) /  0.129      0    0        0      0
    3.16        -     0.0%     0.0%    0.037 (0.037 / 0.037) /  0.072      0    0        0    256
    3.15        -     0.0%     0.0%    0.037 (0.037 / 0.036) /  0.084      0    0        0      0
    3.14        -     0.0%     0.0%    0.036 (0.037 / 0.036) /  0.074      0    0        0      0
    3.13        -     0.0%     0.0%    0.036 (0.036 / 0.037) /  0.059      0    0        0      0
    3.12        -     0.0%     0.0%    0.037 (0.037 / 0.037) /  0.065      0    0        0      0
    3.11        -     0.0%     0.0%    0.037 (0.037 / 0.037) /  0.068      0    0        0      0
    3.10        -     0.0%     0.0%    0.037 (0.037 / 0.036) /  0.061      0    0        0      0
    3.09        -     0.0%     0.0%    0.037 (0.037 / 0.036) /  0.062      0    0        0      0
    3.08        -     0.0%     0.0%    0.037 (0.037 / 0.037) /  0.064      0    0        0      0
    3.07        -     0.0%     0.0%    0.037 (0.037 / 0.037) /  0.071      0    0        0      0
    3.06        -     0.0%     0.0%    0.037 (0.037 / 0.037) /  0.087      0    0        0      0
    3.05        -     0.0%     0.0%    0.038 (0.038 / 0.038) /  0.071      0    0        0      0
    3.04        -     0.0%     0.0%    0.040 (0.040 / 0.040) /  0.069      0    0        0      0
    3.03        -     0.0%     0.0%    0.040 (0.039 / 0.040) /  0.077      0    0        0      0
    3.02        -     0.0%     0.0%    0.039 (0.039 / 0.039) /  0.068      0    0        0      0
    3.01        -     0.0%     0.0%    0.041 (0.041 / 0.041) /  0.081      0    0        0      0
    3.00        -     0.0%     0.0%    0.046 (0.047 / 0.046) /  0.101      0    0        0      0
    2.99        -     0.0%     0.0%    0.051 (0.051 / 0.051) /  0.114      0    0        0      0
    2.98        -     0.0%     0.0%    0.046 (0.046 / 0.046) /  0.091      0    0        0    256
    2.97        -     0.0%     0.0%    0.044 (0.043 / 0.044) /  0.073      0    0        0      0
    2.96        -     0.0%     0.0%    0.043 (0.042 / 0.043) /  0.074      0    0        0      0
    2.95        -     0.0%     0.0%    0.042 (0.042 / 0.043) /  0.084      0    0        0      0
    2.94        -     0.0%     0.0%    0.038 (0.038 / 0.038) /  0.071      0    0        0      0
    2.93        -     0.0%     0.0%    0.052 (0.051 / 0.052) /  0.091      0    0        0      0
    2.92        -     0.0%     0.0%    0.041 (0.041 / 0.041) /  0.109      0    0        0      0
    2.91        -     0.0%     0.0%    0.037 (0.037 / 0.037) /  0.077      0    0        0      0
    2.90        -     0.0%     0.0%    0.037 (0.037 / 0.038) /  0.065      0    0        0      0
    2.89        -     0.0%     0.0%    0.036 (0.036 / 0.037) /  0.064      0    0        0      0
    2.88        -     0.0%     0.0%    0.036 (0.036 / 0.036) /  0.057      0    0        0      0
    2.87        -     0.0%     0.0%    0.037 (0.037 / 0.037) /  0.081      0    0        0      0
    2.86        -     0.0%     0.0%    0.039 (0.039 / 0.040) /  0.069      0    0        0      0
    2.85        -     0.0%     0.0%    0.051 (0.051 / 0.050) /  0.110      0    0        0      0
    2.84        -     0.0%     0.0%    0.045 (0.044 / 0.045) /  0.089      0    0        0      0
    2.83        -     0.0%     0.0%    0.046 (0.047 / 0.046) /  0.099      0    0        0      0
    2.82        -     0.0%     0.0%    0.047 (0.047 / 0.046) /  0.254      0    0        0    256
    2.81        -     0.0%     0.0%    0.053 (0.052 / 0.054) /  0.508      0    0        0      0
    2.80        -     0.0%     0.0%    0.054 (0.055 / 0.054) /  0.117      0    0        0      0
    2.79        -     0.0%     0.0%    0.044 (0.044 / 0.044) /  0.134      0    0        0      0
    2.78        -     0.0%     0.0%    0.042 (0.042 / 0.042) /  0.109      0    0        0      0
    2.77        -     0.0%     0.0%    0.040 (0.040 / 0.040) /  0.088      0    0        0      0
    2.76        -     0.0%     0.0%    0.039 (0.040 / 0.039) /  0.096      0    0        0      0
    2.75        -     0.0%     0.0%    0.043 (0.043 / 0.044) /  0.156      0    0        0    256
    2.74        -     0.0%     0.0%    0.044 (0.044 / 0.043) /  0.107      0    0        0      0
    2.73        -     0.0%     0.0%    0.040 (0.040 / 0.041) /  0.109      0    0        0      0
    2.72        -     0.0%     0.0%    0.052 (0.053 / 0.052) /  0.088      0    0        0      0
    2.71        -     0.0%     0.0%    0.059 (0.058 / 0.059) /  0.123      0    0        0      0
    2.70        -     0.0%     0.0%    0.044 (0.044 / 0.044) /  0.094      0    0        0      0
    2.69        -     0.0%     0.0%    0.041 (0.040 / 0.041) /  0.077      0    0        0      0
    2.68        -     0.0%     0.0%    0.056 (0.056 / 0.055) /  0.117      0    0        0      0
    2.67        -     0.0%     0.0%    0.053 (0.053 / 0.054) /  0.102      0    0        0      0
    2.66        -     0.0%     0.0%    0.042 (0.042 / 0.042) /  0.083      0    0        0      0
    2.65        -     0.0%     0.0%    0.044 (0.044 / 0.044) /  0.089      0    0        0      0
    2.64        -     0.0%     0.0%    0.045 (0.045 / 0.045) /  0.088      0    0        0      0
    2.63        -     0.0%     0.0%    0.041 (0.040 / 0.042) /  0.093      0    0        0      0
    2.62        -     0.0%     0.0%    0.045 (0.045 / 0.046) /  0.090      0    0        0      0
    2.61        -     0.0%     0.0%    0.043 (0.042 / 0.044) /  0.245      0    0        0      0
    2.60        -     0.0%     0.0%    0.041 (0.041 / 0.041) /  0.076      0    0        0      0
    2.59        -     0.0%     0.0%    0.047 (0.047 / 0.047) /  0.096      0    0        0      0
    2.58        -     0.0%     0.0%    0.046 (0.046 / 0.045) /  0.067      0    0        0      0
    2.57        -     0.0%     0.0%    0.038 (0.038 / 0.038) /  0.083      0    0        0      0
    2.56        -     0.0%     0.0%    0.037 (0.037 / 0.037) /  0.075      0    0        0      0
    2.55        -     0.0%     0.0%    0.036 (0.036 / 0.036) /  0.072      0    0        0      0
    2.54        -     0.0%     0.0%    0.037 (0.036 / 0.037) /  0.086      0    0        0      0
    2.53        -     0.0%     0.0%    0.040 (0.041 / 0.040) /  0.079      0    0        0      0
    2.52        -     0.0%     0.0%    0.045 (0.045 / 0.045) /  0.097      0    0        0      0
    2.51        -     0.0%     0.0%    0.038 (0.037 / 0.039) /  0.079      0    0        0      0
    2.50        -     0.0%     0.0%    0.042 (0.042 / 0.042) /  0.073      0    0        0      0
    2.49        -     0.0%     0.0%    0.044 (0.045 / 0.043) /  0.094      0    0        0      0
    2.48        -     0.0%     0.0%    0.043 (0.043 / 0.043) /  0.098      0    0        0      0
    2.47        -     0.0%     0.0%    0.040 (0.040 / 0.041) /  0.084      0    0        0      0
    2.46        -     0.0%     0.0%    0.043 (0.043 / 0.042) /  0.091      0    0        0      0
    2.45        -     0.0%     0.0%    0.044 (0.043 / 0.044) /  0.096      0    0        0      0
    2.44        -     0.0%     0.0%    0.038 (0.038 / 0.037) /  0.077      0    0        0      0
    2.43        -     0.0%     0.0%    0.039 (0.039 / 0.039) /  0.086      0    0        0      0
    2.42        -     0.0%     0.0%    0.037 (0.037 / 0.037) /  0.064      0    0        0      0
    2.41        -     0.0%     0.0%    0.037 (0.037 / 0.037) /  0.072      0    0        0      0
    2.40        -     0.0%     0.0%    0.038 (0.037 / 0.038) /  0.068      0    0        0      0
    2.39        -     0.0%     0.0%    0.038 (0.039 / 0.037) /  0.067      0    0        0      0
    2.38        -     0.0%     0.0%    0.037 (0.037 / 0.037) /  0.062      0    0        0      0
    2.37        -     0.0%     0.0%    0.037 (0.037 / 0.037) /  0.066      0    0        0      0
    2.36        -     0.0%     0.0%    0.037 (0.037 / 0.037) /  0.255      0    0        0      0
    2.35        -     0.0%     0.0%    0.038 (0.039 / 0.038) /  0.086      0    0        0      0
    2.34        -     0.0%     0.0%    0.043 (0.043 / 0.042) /  0.074      0    0        0      0
    2.33        -     0.0%     0.0%    0.044 (0.044 / 0.044) /  0.264      0    0        0      0
    2.32        -     0.0%     0.0%    0.038 (0.038 / 0.038) /  0.070      0    0        0      0
    2.31        -     0.0%     0.0%    0.037 (0.037 / 0.037) /  0.063      0    0        0      0
    2.30        -     0.0%     0.0%    0.039 (0.039 / 0.038) /  0.093      0    0        0      0
    2.29        -     0.0%     0.0%    0.037 (0.037 / 0.038) /  0.087      0    0        0      0
    2.28        -     0.0%     0.0%    0.040 (0.039 / 0.040) /  0.075      0    0        0      0
    2.27        -     0.0%     0.0%    0.040 (0.040 / 0.040) /  0.112      0    0        0      0
    2.26        -     0.0%     0.0%    0.037 (0.037 / 0.037) /  0.061      0    0        0      0
    2.25        -     0.0%     0.0%    0.037 (0.037 / 0.037) /  0.070      0    0        0      0
    2.24        -     0.0%     0.0%    0.038 (0.038 / 0.038) /  0.074      0    0        0      0
    2.23        -     0.0%     0.0%    0.038 (0.038 / 0.038) /  0.065      0    0        0      0
    2.22        -     0.0%     0.0%    0.037 (0.038 / 0.037) /  0.070      0    0        0      0
    2.21        -     0.0%     0.0%    0.037 (0.038 / 0.037) /  0.065      0    0        0      0
    2.20        -     0.0%     0.0%    0.038 (0.038 / 0.038) /  0.080      0    0        0      0
    2.19        -     0.0%     0.0%    0.037 (0.037 / 0.037) /  0.081      0    0        0      0
    2.18        -     0.0%     0.0%    0.038 (0.038 / 0.038) /  0.071      0    0        0      0
    2.17        -     0.0%     0.0%    0.039 (0.038 / 0.039) /  0.098      0    0        0      0
    2.16        -     0.0%     0.0%    0.038 (0.038 / 0.038) /  0.075      0    0        0      0
    2.15        -     0.0%     0.0%    0.036 (0.036 / 0.036) /  0.060      0    0        0      0
    2.14        -     0.0%     0.0%    0.037 (0.037 / 0.037) /  0.066      0    0        0      0
    2.13        -     0.0%     0.0%    0.040 (0.040 / 0.041) /  0.069      0    0        0      0
    2.12        -     0.0%     0.0%    0.038 (0.038 / 0.038) /  0.062      0    0        0      0
    2.11        -     0.0%     0.0%    0.038 (0.038 / 0.038) /  0.300      0    0        0      0
    2.10        -     0.0%     0.0%    0.037 (0.037 / 0.037) /  0.083      0    0        0      0
    2.09        -     0.0%     0.0%    0.038 (0.038 / 0.038) /  0.249      0    0        0      0
    2.08        -     0.0%     0.0%    0.038 (0.038 / 0.038) /  0.077      0    0        0      0
    2.07        -     0.0%     0.0%    0.039 (0.039 / 0.039) /  0.066      0    0        0      0
    2.06        -     0.0%     0.0%    0.039 (0.039 / 0.038) /  0.063      0    0        0      0
    2.05        -     0.0%     0.0%    0.038 (0.038 / 0.038) /  0.284      0    0        0      0
    2.04        -     0.0%     0.0%    0.038 (0.038 / 0.039) /  0.064      0    0        0      0
    2.03        -     0.0%     0.0%    0.038 (0.038 / 0.038) /  0.072      0    0        0      0
    2.02        -     0.0%     0.0%    0.037 (0.037 / 0.037) /  0.061      0    0        0      0
    2.01        -     0.0%     0.0%    0.036 (0.036 / 0.036) /  0.055      0    0        0      0
    2.00        -     0.0%     0.0%    0.036 (0.036 / 0.036) /  0.061      0    0        0      0
    1.99        -     0.0%     0.0%    0.037 (0.037 / 0.036) /  0.242      0    0        0      0
    1.98        -     0.0%     0.0%    0.037 (0.037 / 0.037) /  0.082      0    0        0      0
    1.97        -     0.0%     0.0%    0.036 (0.036 / 0.036) /  0.094      0    0        0      0
    1.96        -     0.0%     0.0%    0.037 (0.038 / 0.037) /  0.254      0    0        0      0
    1.95        -     0.0%     0.0%    0.037 (0.037 / 0.037) /  0.068      0    0        0      0
    1.94        -     0.0%     0.0%    0.037 (0.037 / 0.038) /  0.062      0    0        0      0
    1.93        -     0.0%     0.0%    0.037 (0.037 / 0.037) /  0.061      0    0        0      0
    1.92        -     0.0%     0.0%    0.038 (0.038 / 0.038) /  0.076      0    0        0      0
    1.91        -     0.0%     0.0%    0.037 (0.037 / 0.037) /  0.283      0    0        0      0
    1.90        -     0.0%     0.0%    0.037 (0.037 / 0.037) /  0.062      0    0        0      0
    1.89        -     0.0%     0.0%    0.036 (0.036 / 0.036) /  0.061      0    0        0      0
    1.88        -     0.0%     0.0%    0.036 (0.036 / 0.036) /  0.085      0    0        0      0
    1.87        -     0.0%     0.0%    0.036 (0.036 / 0.036) /  0.071      0    0        0      0
    1.86        -     0.0%     0.0%    0.036 (0.036 / 0.036) /  0.069      0    0        0      0
    1.85        -     0.0%     0.0%    0.037 (0.037 / 0.037) /  0.067      0    0        0      0
    1.84        -     0.0%     0.0%    0.037 (0.037 / 0.037) /  0.081      0    0        0      0
    1.83        -     0.0%     0.0%    0.035 (0.036 / 0.035) /  0.068      0    0        0      0
    1.82        -     0.0%     0.0%    0.036 (0.036 / 0.037) /  0.115      0    0        0    256
    1.81        -     0.0%     0.0%    0.035 (0.036 / 0.035) /  0.064      0    0        0      0
    1.80        -     0.0%     0.0%    0.036 (0.036 / 0.036) /  0.064      0    0        0      0
    1.79        -     0.0%     0.0%    0.035 (0.035 / 0.035) /  0.057      0    0        0      0
    1.78        -     0.0%     0.0%    0.035 (0.035 / 0.036) /  0.248      0    0        0      0
    1.77        -     0.0%     0.0%    0.035 (0.036 / 0.035) /  0.057      0    0        0      0
    1.76        -     0.0%     0.0%    0.035 (0.035 / 0.036) /  0.058      0    0        0      0
    1.75        -     0.0%     0.0%    0.036 (0.036 / 0.035) /  0.058      0    0        0      0
    1.74        -     0.0%     0.0%    0.035 (0.035 / 0.035) /  0.053      0    0        0      0
    1.73        -     0.0%     0.0%    0.036 (0.036 / 0.035) /  0.245      0    0        0      0
    1.72        -     0.0%     0.0%    0.036 (0.036 / 0.036) /  0.061      0    0        0      0
    1.71        -     0.0%     0.0%    0.038 (0.038 / 0.038) /  0.064      0    0        0      0
    1.70        -     0.0%     0.0%    0.038 (0.038 / 0.038) /  0.067      0    0        0      0
    1.69        -     0.0%     0.0%    0.036 (0.036 / 0.037) /  0.248      0    0        0      0
    1.68        -     0.0%     0.0%    0.037 (0.037 / 0.036) /  0.059      0    0        0      0
    1.67        -     0.0%     0.0%    0.036 (0.036 / 0.036) /  0.086      0    0        0      0
    1.66        -     0.0%     0.0%    0.036 (0.036 / 0.036) /  0.058      0    0        0      0
    1.65        -     0.0%     0.0%    0.038 (0.037 / 0.038) /  0.081      0    0        0      0
    1.64        -     0.0%     0.0%    0.036 (0.036 / 0.036) /  0.058      0    0        0      0
    1.63        -     0.0%     0.0%    0.036 (0.036 / 0.036) /  0.251      0    0        0      0
    1.62        -     0.0%     0.0%    0.037 (0.037 / 0.037) /  0.062      0    0        0      0
    1.61        -     0.0%     0.0%    0.036 (0.036 / 0.036) /  0.066      0    0        0      0
    1.60        -     0.0%     0.0%    0.037 (0.037 / 0.037) /  0.071      0    0        0      0
    1.59        -     0.0%     0.0%    0.037 (0.037 / 0.037) /  0.062      0    0        0      0
    1.58        -     0.0%     0.0%    0.036 (0.036 / 0.036) /  0.059      0    0        0      0
    1.57        -     0.0%     0.0%    0.036 (0.036 / 0.035) /  0.251      0    0        0      0
    1.56        -     0.0%     0.0%    0.036 (0.036 / 0.036) /  0.085      0    0        0      0
    1.55        -     0.0%     0.0%    0.039 (0.039 / 0.038) /  0.070      0    0        0      0
    1.54        -     0.0%     0.0%    0.037 (0.037 / 0.037) /  0.067      0    0        0      0
    1.53        -     0.0%     0.0%    0.038 (0.037 / 0.038) /  0.255      0    0        0      0
    1.52        -     0.0%     0.0%    0.036 (0.036 / 0.037) /  0.068      0    0        0      0
    1.51        -     0.0%     0.0%    0.036 (0.036 / 0.036) /  0.066      0    0        0      0
    1.50        -     0.0%     0.0%    0.040 (0.039 / 0.040) /  0.061      0    0        0      0
    1.49        -     0.0%     0.0%    0.037 (0.037 / 0.037) /  0.094      0    0        0      0
    1.48        -     0.0%     0.0%    0.037 (0.036 / 0.037) /  0.060      0    0        0      0
    1.47        -     0.0%     0.0%    0.036 (0.036 / 0.036) /  0.070      0    0        0      0
    1.46        -     0.0%     0.0%    0.036 (0.036 / 0.035) /  0.250      0    0        0      0
    1.45        -     0.0%     0.0%    0.035 (0.035 / 0.035) /  0.071      0    0        0      0
    1.44        -     0.0%     0.0%    0.035 (0.035 / 0.036) /  0.059      0    0        0      0
    1.43        -     0.0%     0.0%    0.035 (0.035 / 0.035) /  0.059      0    0        0      0
    1.42        -     0.0%     0.0%    0.035 (0.035 / 0.035) /  0.148      0    0        0      0
    1.41        -     0.0%     0.0%    0.035 (0.035 / 0.035) /  0.062      0    0        0      0
    1.40        -     0.0%     0.0%    0.035 (0.035 / 0.035) /  0.063      0    0        0      0
    1.39        -     0.0%     0.0%    0.037 (0.037 / 0.037) /  0.249      0    0        0      0
    1.38        -     0.0%     0.0%    0.039 (0.040 / 0.039) /  0.129      0    0        0      0
    1.37        -     0.0%     0.0%    0.037 (0.037 / 0.037) /  0.068      0    0        0      0
    1.36        -     0.0%     0.0%    0.036 (0.036 / 0.036) /  0.060      0    0        0      0
    1.35        -     0.0%     0.0%    0.038 (0.037 / 0.038) /  0.260      0    0        0      0
    1.34        -     0.0%     0.0%    0.036 (0.036 / 0.037) /  0.081      0    0        0      0
    1.33        -     0.0%     0.0%    0.037 (0.037 / 0.037) /  0.061      0    0        0      0
    1.32        -     0.0%     0.0%    0.037 (0.037 / 0.037) /  0.062      0    0        0      0
    1.31        -     0.0%     0.0%    0.039 (0.039 / 0.039) /  0.067      0    0        0      0
    1.30        -     0.0%     0.0%    0.035 (0.036 / 0.035) /  0.243      0    0        0      0
    1.29        -     0.0%     0.0%    0.036 (0.036 / 0.035) /  0.251      0    0        0      0
    1.28        -     0.0%     0.0%    0.035 (0.035 / 0.035) /  0.054      0    0        0      0
    1.27        -     0.0%     0.0%    0.035 (0.035 / 0.034) /  0.071      0    0        0      0
    1.26        -     0.0%     0.0%    0.036 (0.036 / 0.036) /  0.077      0    0        0      0
    1.25        -     0.0%     0.0%    0.037 (0.037 / 0.037) /  0.071      0    0        0      0
    1.24        -     0.0%     0.0%    0.037 (0.037 / 0.037) /  0.072      0    0        0      0
    1.23        -     0.0%     0.0%    0.040 (0.039 / 0.040) /  0.129      0    0        0      0
    1.22        -     0.0%     0.0%    0.038 (0.038 / 0.038) /  0.072      0    0        0      0
    1.21        -     0.0%     0.0%    0.036 (0.036 / 0.036) /  0.068      0    0        0      0
    1.20        -     0.0%     0.0%    0.036 (0.035 / 0.036) /  0.067      0    0        0      0
    1.19        -     0.0%     0.0%    0.039 (0.039 / 0.039) /  0.062      0    0        0      0
    1.18        -     0.0%     0.0%    0.036 (0.036 / 0.036) /  0.244      0    0        0      0
    1.17        -     0.0%     0.0%    0.037 (0.037 / 0.037) /  0.063      0    0        0      0
    1.16        -     0.0%     0.0%    0.039 (0.039 / 0.038) /  0.064      0    0        0      0
    1.15        -     0.0%     0.0%    0.038 (0.038 / 0.038) /  0.082      0    0        0      0
    1.14        -     0.0%     0.0%    0.036 (0.036 / 0.037) /  0.088      0    0        0      0
    1.13        -     0.0%     0.0%    0.036 (0.036 / 0.036) /  0.070      0    0        0      0
    1.12        -     0.0%     0.0%    0.035 (0.035 / 0.035) /  0.071      0    0        0      0
    1.11        -     0.0%     0.0%    0.037 (0.037 / 0.037) /  0.068      0    0        0      0
    1.10        -     0.0%     0.0%    0.043 (0.043 / 0.043) /  0.092      0    0        0      0
    1.09        -     0.0%     0.0%    0.045 (0.045 / 0.044) /  0.081      0    0        0      0
    1.08        -     0.0%     0.0%    0.036 (0.036 / 0.035) /  0.070      0    0        0      0
    1.07        -     0.0%     0.0%    0.036 (0.036 / 0.036) /  0.068      0    0        0    256
    1.06        -     0.0%     0.0%    0.036 (0.037 / 0.036) /  0.059      0    0        0      0
    1.05        -     0.0%     0.0%    0.036 (0.036 / 0.035) /  0.065      0    0        0      0
    1.04        -     0.0%     0.0%    0.036 (0.035 / 0.036) /  0.064      0    0        0      0
    1.03        -     0.0%     0.0%    0.036 (0.036 / 0.036) /  0.123      0    0        0      0
    1.02        -     0.0%     0.0%    0.036 (0.036 / 0.036) /  0.057      0    0        0      0
    1.01        -     0.0%     0.0%    0.036 (0.036 / 0.036) /  0.080      0    0        0      0
    1.00        -     0.0%     0.0%    0.036 (0.036 / 0.036) /  0.068      0    0        0      0
    0.99        -     0.0%     0.0%    0.036 (0.037 / 0.036) /  0.070      0    0        0      0
    0.98        -     0.0%     0.0%    0.036 (0.036 / 0.036) /  0.066      0    0        0      0
    0.97        -     0.0%     0.0%    0.038 (0.038 / 0.038) /  0.073      0    0        0      0
    0.96        -     0.0%     0.0%    0.035 (0.035 / 0.035) /  0.089      0    0        0      0
    0.95        -     0.0%     0.0%    0.036 (0.036 / 0.036) /  0.059      0    0        0      0
    0.94        -     0.0%     0.0%    0.036 (0.036 / 0.036) /  0.092      0    0        0      0
    0.93        -     0.0%     0.0%    0.035 (0.035 / 0.035) /  0.064      0    0        0      0
    0.92        -     0.0%     0.0%    0.035 (0.035 / 0.035) /  0.068      0    0        0      0
    0.91        -     0.0%     0.0%    0.035 (0.036 / 0.035) /  0.068      0    0        0      0
    0.90        -     0.0%     0.0%    0.036 (0.035 / 0.036) /  0.064      0    0        0      0
    0.89        -     0.0%     0.0%    0.037 (0.037 / 0.038) /  0.123      0    0        0      0
    0.88        -     0.0%     0.0%    0.036 (0.036 / 0.036) /  0.061      0    0        0      0
    0.87        -     0.0%     0.0%    0.035 (0.035 / 0.035) /  0.063      0    0        0      0
    0.86        -     0.0%     0.0%    0.035 (0.036 / 0.035) /  0.066      0    0        0      0
    0.85        -     0.0%     0.0%    0.037 (0.037 / 0.037) /  0.069      0    0        0      0
    0.84        -     0.0%     0.0%    0.036 (0.036 / 0.037) /  0.076      0    0        0      0
    0.83        -     0.0%     0.0%    0.037 (0.037 / 0.037) /  0.081      0    0        0      0
    0.82        -     0.0%     0.0%    0.037 (0.037 / 0.037) /  0.279      0    0        0      0
    0.81        -     0.0%     0.0%    0.036 (0.036 / 0.036) /  0.065      0    0        0      0
    0.80        -     0.0%     0.0%    0.038 (0.038 / 0.037) /  0.078      0    0        0      0
    0.79        -     0.0%     0.0%    0.041 (0.041 / 0.042) /  0.071      0    0        0      0
    0.78        -     0.0%     0.0%    0.036 (0.036 / 0.036) /  0.064      0    0        0      0
    0.77        -     0.0%     0.0%    0.036 (0.036 / 0.035) /  0.095      0    0        0      0
    0.76        -     0.0%     0.0%    0.035 (0.035 / 0.035) /  0.075      0    0        0      0
    0.75        -     0.0%     0.0%    0.036 (0.036 / 0.036) /  0.079      0    0        0      0
    0.74        -     0.0%     0.0%    0.036 (0.036 / 0.036) /  0.067      0    0        0      0
    0.73        -     0.0%     0.0%    0.035 (0.035 / 0.035) /  0.065      0    0        0      0
    0.72        -     0.0%     0.0%    0.035 (0.035 / 0.035) /  0.059      0    0        0      0
    0.71        -     0.0%     0.0%    0.035 (0.036 / 0.035) /  0.056      0    0        0      0
    0.70        -     0.0%     0.0%    0.036 (0.036 / 0.037) /  0.078      0    0        0      0
    0.69        -     0.0%     0.0%    0.035 (0.036 / 0.035) /  0.063      0    0        0      0
    0.68        -     0.0%     0.0%    0.034 (0.034 / 0.034) /  0.062      0    0        0      0
    0.67        -     0.0%     0.0%    0.035 (0.035 / 0.035) /  0.081      0    0        0      0
    0.66        -     0.0%     0.0%    0.035 (0.035 / 0.035) /  0.063      0    0        0      0
    0.65        -     0.0%     0.0%    0.036 (0.035 / 0.036) /  0.238      0    0        0      0
    0.64        -     0.0%     0.0%    0.036 (0.036 / 0.036) /  0.066      0    0        0      0
    0.63        -     0.0%     0.0%    0.034 (0.034 / 0.035) /  0.064      0    0        0      0
    0.62        -     0.0%     0.0%    0.034 (0.034 / 0.035) /  0.061      0    0        0      0
    0.61        -     0.0%     0.0%    0.035 (0.035 / 0.035) /  0.066      0    0        0      0
    0.60        -     0.0%     0.0%    0.034 (0.034 / 0.034) /  0.059      0    0        0      0
    0.59        -     0.0%     0.0%    0.034 (0.034 / 0.034) /  0.060      0    0        0      0
    0.58        -     0.0%     0.0%    0.034 (0.034 / 0.035) /  0.064      0    0        0      0
    0.57        -     0.0%     0.0%    0.035 (0.035 / 0.035) /  0.253      0    0        0      0
    0.56        -     0.0%     0.0%    0.034 (0.035 / 0.034) /  0.262      0    0        0      0
    0.55        -     0.2%     0.2%    0.037 (0.037 / 0.037) /  0.341      1    0        0      0
    0.54        -     0.0%     0.0%    0.035 (0.035 / 0.035) /  0.060      0    0        0      0
    0.53        -     0.0%     0.0%    0.034 (0.034 / 0.034) /  0.056      0    0        0      0
    0.52        -     0.0%     0.0%    0.034 (0.034 / 0.034) /  0.061      0    0        0      0
    0.51        -     0.0%     0.0%    0.034 (0.034 / 0.034) /  0.059      0    0        0      0
    0.50        -     0.0%     0.0%    0.035 (0.035 / 0.035) /  0.066      0    0        0      0
    0.49        -     0.0%     0.0%    0.034 (0.034 / 0.034) /  0.069      0    0        0      0
    0.48        -     0.0%     0.0%    0.034 (0.034 / 0.034) /  0.065      0    0        0      0
    0.47        -     0.0%     0.0%    0.034 (0.034 / 0.034) /  0.054      0    0        0      0
    0.46        -     0.0%     0.0%    0.034 (0.034 / 0.034) /  0.247      0    0        0      0
    0.45        -     0.0%     0.0%    0.034 (0.034 / 0.034) /  0.057      0    0        0      0
    0.44        -     0.0%     0.0%    0.035 (0.035 / 0.035) /  0.063      0    0        0      0
    0.43        -     0.0%     0.0%    0.034 (0.034 / 0.034) /  0.067      0    0        0      0
    0.42        -     0.0%     0.0%    0.034 (0.034 / 0.034) /  0.060      0    0        0      0
    0.41        -     0.0%     0.0%    0.035 (0.035 / 0.035) /  0.055      0    0        0      0
    0.40        -     0.0%     0.0%    0.034 (0.034 / 0.035) /  0.056      0    0        0      0
    0.39        -     0.0%     0.0%    0.034 (0.034 / 0.034) /  0.060      0    0        0      0
    0.38        -     0.0%     0.0%    0.034 (0.035 / 0.034) /  0.059      0    0        0      0
    0.37        -     0.0%     0.0%    0.036 (0.036 / 0.036) /  0.059      0    0        0      0
    0.36        -     0.0%     0.0%    0.036 (0.036 / 0.036) /  0.066      0    0        0      0
    0.35        -     0.0%     0.0%    0.035 (0.035 / 0.035) /  0.066      0    0        0      0
    0.34        -     0.0%     0.0%    0.034 (0.034 / 0.035) /  0.057      0    0        0      0
    0.33        -     0.0%     0.0%    0.035 (0.035 / 0.035) /  0.066      0    0        0      0
    0.32        -     0.0%     0.0%    0.035 (0.034 / 0.035) /  0.056      0    0        0      0
    0.31        -     0.0%     0.0%    0.034 (0.034 / 0.035) /  0.064      0    0        0      0
    0.30        -     0.0%     0.0%    0.035 (0.035 / 0.034) /  0.052      0    0        0      0
    0.29        -     0.0%     0.0%    0.035 (0.035 / 0.035) /  0.059      0    0        0      0
    0.28        -     0.0%     0.0%    0.034 (0.034 / 0.035) /  0.062      0    0        0      0
    0.27        -     0.0%     0.0%    0.037 (0.037 / 0.037) /  0.064      0    0        0      0
    0.26        -     0.0%     0.0%    0.037 (0.037 / 0.038) /  0.077      0    0        0      0
    0.25        -     0.0%     0.0%    0.036 (0.036 / 0.036) /  0.245      0    0        0      0
    0.24        -     0.0%     0.0%    0.038 (0.039 / 0.038) /  0.075      0    0        0      0
    0.23        -     0.0%     0.0%    0.035 (0.035 / 0.035) /  0.057      0    0        0      0
    0.22        -     0.0%     0.0%    0.034 (0.034 / 0.034) /  0.066      0    0        0      0
    0.21        -     0.0%     0.0%    0.034 (0.034 / 0.034) /  0.064      0    0        0      0
    0.20        -     0.0%     0.0%    0.034 (0.034 / 0.034) /  0.061      0    0        0      0
    0.19        -     0.0%     0.0%    0.034 (0.034 / 0.034) /  0.073      0    0        0      0
    0.18        -     0.0%     0.0%    0.034 (0.034 / 0.034) /  0.063      0    0        0      0
    0.17        -     0.0%     0.0%    0.034 (0.034 / 0.035) /  0.084      0    0        0      0
    0.16        -     0.0%     0.0%    0.035 (0.035 / 0.035) /  0.057      0    0        0      0
    0.15        -     0.0%     0.0%    0.034 (0.034 / 0.034) /  0.071      0    0        0      0
    0.14        -     0.0%     0.0%    0.034 (0.035 / 0.034) /  0.052      0    0        0      0
    0.13        -     0.0%     0.0%    0.034 (0.034 / 0.034) /  0.060      0    0        0      0
    0.12        -     0.0%     0.0%    0.034 (0.034 / 0.035) /  0.062      0    0        0      0
    0.11        -     0.0%     0.0%    0.033 (0.033 / 0.033) /  0.252      0    0        0      0
    0.10        -     0.0%     0.0%    0.034 (0.034 / 0.034) /  0.057      0    0        0      0
    0.09        -     0.5%     0.5%    0.034 (0.034 / 0.034) /  0.246      2    0        0      0
    0.08        -     0.2%     0.2%    0.033 (0.033 / 0.033) /  0.063      1    0        0      0
    0.07        -     0.0%     0.0%    0.033 (0.033 / 0.034) /  0.065      0    0        0      0
    0.06        -     0.0%     0.0%    0.034 (0.034 / 0.034) /  0.065      0    0        0      0
    0.05        -     0.0%     0.0%    0.034 (0.034 / 0.034) /  0.067      0    0        0      0
    0.04        -     0.0%     0.0%    0.034 (0.034 / 0.034) /  0.060      0    0        0      0
    0.03        -     0.0%     0.0%    0.034 (0.034 / 0.034) /  0.064      0    0        0      0
    0.02        -     0.2%     0.2%    0.035 (0.035 / 0.035) /  0.067      1    0        0      0
    0.01        -     0.0%     0.0%    0.034 (0.034 / 0.033) /  0.066      0    0        0      0
    0.00        -     0.5%     0.5%    0.034 (0.035 / 0.034) /  0.069      2    0        0      0
wrote results/laptop-6ms/zz.csv
